******************************************************************************
                  TI ARM Linker PC v20.2.7                     
******************************************************************************
>> Linked Wed Jun 25 17:53:22 2025

OUTPUT FILE NAME:   <menuSmartRoom.out>
ENTRY POINT SYMBOL: "_c_int00_noargs"  address: 000063cd


MEMORY CONFIGURATION

         name            origin    length      used     unused   attr    fill
----------------------  --------  ---------  --------  --------  ----  --------
  MAIN                  00000000   00040000  00007154  00038eac  R  X
  INFO                  00200000   00004000  00000000  00004000  R  X
  SRAM_CODE             01000000   00010000  00000a2c  0000f5d4  RW X
  SRAM_DATA             20000000   00010000  00000a2c  0000f5d4  RW  


SEGMENT ALLOCATION MAP

run origin  load origin   length   init length attrs members
----------  ----------- ---------- ----------- ----- -------
00000000    00000000    00007158   00007158    r-x
  00000000    00000000    000000e4   000000e4    r-- .intvecs
  000000e4    000000e4    00006990   00006990    r-x .text
  00006a78    00006a78    00000620   00000620    r-- .const
  00007098    00007098    000000c0   000000c0    r-- .cinit
20000000    20000000    0000082c   00000000    rw-
  20000000    20000000    00000400   00000000    rw- .sysmem
  20000400    20000400    00000234   00000000    rw- .data
  20000634    20000634    000001f8   00000000    rw- .bss
2000fe00    2000fe00    00000200   00000000    rw-
  2000fe00    2000fe00    00000200   00000000    rw- .stack


SECTION ALLOCATION MAP

 output                                  attributes/
section   page    origin      length       input sections
--------  ----  ----------  ----------   ----------------
.intvecs   0    00000000    000000e4     
                  00000000    000000e4     startup_msp432p401r_ccs.obj (.intvecs:retain)

.text      0    000000e4    00006990     
                  000000e4    00000a4e     rtsv7M4_T_le_v4SPD16_eabi.lib : _printfi.c.obj (.text:__TI_printfi)
                  00000b32    00000002                                   : _lock.c.obj (.text:_nop)
                  00000b34    000009d0                                   : e_pow.c.obj (.text:pow)
                  00001504    0000082c     main.obj (.text)
                  00001d30    00000680     Crystalfontz128x128_ST7735.obj (.text)
                  000023b0    0000047e     grlib.a : string.obj (.text:Graphics_drawString)
                  0000282e    00000002     rtsv7M4_T_le_v4SPD16_eabi.lib : div0.asm.obj (.text)
                  00002830    00000408     HAL_TMP006.obj (.text)
                  00002c38    00000334     system_msp432p401r.obj (.text)
                  00002f6c    0000028a     msp432p4xx_driverlib.lib : pcm.o (.text:__PCM_setPowerStateAdvanced)
                  000031f6    00000002     --HOLE-- [fill = 0]
                  000031f8    00000270     rtsv7M4_T_le_v4SPD16_eabi.lib : _printfi.c.obj (.text:_pconv_a)
                  00003468    000001d0                                   : _printfi.c.obj (.text:_pconv_g)
                  00003638    000001b6                                   : fd_add_t2.asm.obj (.text)
                  000037ee    00000002     --HOLE-- [fill = 0]
                  000037f0    0000015c     msp432p4xx_driverlib.lib : pcm.o (.text:__PCM_setPowerModeAdvanced)
                  0000394c    00000158     rtsv7M4_T_le_v4SPD16_eabi.lib : e_sqrt.c.obj (.text:sqrt)
                  00003aa4    00000144     msp432p4xx_driverlib.lib : timer_a.o (.text:privateTimer_AProcessClockSourceDivider)
                  00003be8    0000013c     HAL_OPT3001.obj (.text)
                  00003d24    0000013c     rtsv7M4_T_le_v4SPD16_eabi.lib : _printfi.c.obj (.text:_pconv_e)
                  00003e60    00000136                                   : fd_div_t2.asm.obj (.text)
                  00003f96    00000002     --HOLE-- [fill = 0]
                  00003f98    00000130     msp432p4xx_driverlib.lib : cs.o (.text:CS_initClockSignal)
                  000040c8    00000124     rtsv7M4_T_le_v4SPD16_eabi.lib : _printfi.c.obj (.text:fcvt)
                  000041ec    00000118     HAL_I2C.obj (.text)
                  00004304    00000114     rtsv7M4_T_le_v4SPD16_eabi.lib : fputs.c.obj (.text:fputs)
                  00004418    00000110                                   : s_scalbn.c.obj (.text:scalbn)
                  00004528    00000108     msp432p4xx_driverlib.lib : pcm.o (.text:__PCM_setCoreVoltageLevelAdvanced)
                  00004630    00000100     rtsv7M4_T_le_v4SPD16_eabi.lib : memory.c.obj (.text:aligned_alloc)
                  00004730    000000fc                                   : fd_mul_t2.asm.obj (.text)
                  0000482c    000000fa     grlib.a : string.obj (.text:Graphics_getStringWidth)
                  00004926    00000002     --HOLE-- [fill = 0]
                  00004928    000000e4     rtsv7M4_T_le_v4SPD16_eabi.lib : memory.c.obj (.text:free)
                  00004a0c    000000dc                                   : setvbuf.c.obj (.text:setvbuf)
                  00004ae8    000000cc     HAL_MSP_EXP432P401R_Crystalfontz128x128_ST7735.obj (.text)
                  00004bb4    000000b1     rtsv7M4_T_le_v4SPD16_eabi.lib : _printfi.c.obj (.text:_ltostr)
                  00004c65    00000001     --HOLE-- [fill = 0]
                  00004c66    000000b0     msp432p4xx_driverlib.lib : spi.o (.text:SPI_initMaster)
                  00004d16    0000009c     grlib.a : line.obj (.text:Graphics_drawLineH)
                  00004db2    0000009c     rtsv7M4_T_le_v4SPD16_eabi.lib : memcpy_t2.asm.obj (.text)
                  00004e4e    00000096                                   : ull_div_t2.asm.obj (.text)
                  00004ee4    0000008c                                   : fputc.c.obj (.text:fputc)
                  00004f70    00000088     msp432p4xx_driverlib.lib : gpio.o (.text:GPIO_setAsPeripheralModuleFunctionOutputPin)
                  00004ff8    00000086     rtsv7M4_T_le_v4SPD16_eabi.lib : fd_cmp_t2.asm.obj (.text:__aeabi_cdcmple)
                  0000507e    00000086                                   : fd_cmp_t2.asm.obj (.text:__aeabi_cdrcmple)
                  00005104    00000084     msp432p4xx_driverlib.lib : pcm.o (.text:PCM_gotoLPM3)
                  00005188    00000080                              : interrupt.o (.text:Interrupt_enableInterrupt)
                  00005208    0000007a     rtsv7M4_T_le_v4SPD16_eabi.lib : memset_t2.asm.obj (.text)
                  00005282    00000002     --HOLE-- [fill = 0]
                  00005284    00000074     msp432p4xx_driverlib.lib : timer_a.o (.text:Timer_A_generatePWM)
                  000052f8    00000074     rtsv7M4_T_le_v4SPD16_eabi.lib : fclose.c.obj (.text:__TI_closefile)
                  0000536c    00000070                                   : memory.c.obj (.text:split)
                  000053dc    0000006e                                   : _printfi.c.obj (.text:_mcpy)
                  0000544a    0000006e                                   : fd_tos_t2.asm.obj (.text)
                  000054b8    0000006c                                   : hostrename.c.obj (.text:HOSTrename)
                  00005524    0000006c     msp432p4xx_driverlib.lib : i2c.o (.text:I2C_masterSendMultiByteFinish)
                  00005590    00000068     rtsv7M4_T_le_v4SPD16_eabi.lib : hostlseek.c.obj (.text:HOSTlseek)
                  000055f8    00000068     msp432p4xx_driverlib.lib : i2c.o (.text:I2C_masterSendMultiByteStart)
                  00005660    00000068                              : timer_a.o (.text:Timer_A_configureUpMode)
                  000056c8    00000068     rtsv7M4_T_le_v4SPD16_eabi.lib : copy_decompress_lzss.c.obj (.text:decompress:lzss:__TI_decompress_lzss)
                  00005730    00000068                                   : printf.c.obj (.text:printf)
                  00005798    00000064                                   : s_frexp.c.obj (.text:frexp)
                  000057fc    00000064                                   : fseek.c.obj (.text:fseek)
                  00005860    00000062     msp432p4xx_driverlib.lib : i2c.o (.text:I2C_initMaster)
                  000058c2    00000062     rtsv7M4_T_le_v4SPD16_eabi.lib : _io_perm.c.obj (.text:__TI_wrt_ok)
                  00005924    00000060                                   : hostopen.c.obj (.text:HOSTopen)
                  00005984    0000005e     msp432p4xx_driverlib.lib : pcm.o (.text:PCM_getCoreVoltageLevel)
                  000059e2    00000002     --HOLE-- [fill = 0]
                  000059e4    0000005c     rtsv7M4_T_le_v4SPD16_eabi.lib : close.c.obj (.text:close)
                  00005a40    0000005a     msp432p4xx_driverlib.lib : pcm.o (.text:PCM_getPowerMode)
                  00005a9a    00000002     --HOLE-- [fill = 0]
                  00005a9c    00000058                              : gpio.o (.text:GPIO_setAsInputPinWithPullDownResistor)
                  00005af4    00000058                              : gpio.o (.text:GPIO_setAsInputPinWithPullUpResistor)
                  00005b4c    00000058     rtsv7M4_T_le_v4SPD16_eabi.lib : hostread.c.obj (.text:HOSTread)
                  00005ba4    00000058                                   : hostwrite.c.obj (.text:HOSTwrite)
                  00005bfc    00000056                                   : _printfi.c.obj (.text:_pconv_f)
                  00005c52    00000002     --HOLE-- [fill = 0]
                  00005c54    00000054     msp432p4xx_driverlib.lib : pcm.o (.text:PCM_shutdownDevice)
                  00005ca8    00000054     rtsv7M4_T_le_v4SPD16_eabi.lib : _ltoa.c.obj (.text:__TI_ltoa)
                  00005cfc    00000052     grlib.a : context.obj (.text:Graphics_initContext)
                  00005d4e    00000052     rtsv7M4_T_le_v4SPD16_eabi.lib : _printfi.c.obj (.text:_ecpy)
                  00005da0    0000004c                                   : fflush.c.obj (.text:__TI_doflush)
                  00005dec    0000004c                                   : atoi.c.obj (.text:atoi)
                  00005e38    00000048     msp432p4xx_driverlib.lib : flash.o (.text:FlashCtl_setWaitState)
                  00005e80    00000048     grlib.a : string.obj (.text:Graphics_drawStringCentered)
                  00005ec8    00000048     rtsv7M4_T_le_v4SPD16_eabi.lib : exit.c.obj (.text:exit)
                  00005f10    00000048                                   : fd_toi_t2.asm.obj (.text)
                  00005f58    00000044                                   : hostclose.c.obj (.text:HOSTclose)
                  00005f9c    00000044                                   : hostunlink.c.obj (.text:HOSTunlink)
                  00005fe0    00000044                                   : autoinit.c.obj (.text:__TI_auto_init_nobinit_nopinit:__TI_auto_init_nobinit_nopinit)
                  00006024    00000044                                   : getdevice.c.obj (.text:getdevice)
                  00006068    00000040     msp432p4xx_driverlib.lib : gpio.o (.text:GPIO_setAsOutputPin)
                  000060a8    00000040     grlib.a : string.obj (.text:Graphics_getNumberOfLeadingZeros)
                  000060e8    00000040     msp432p4xx_driverlib.lib : i2c.o (.text:I2C_masterReceiveMultiByteFinish)
                  00006128    00000040                              : spi.o (.text:is_A_Module)
                  00006168    00000040     rtsv7M4_T_le_v4SPD16_eabi.lib : sprintf.c.obj (.text:sprintf)
                  000061a8    0000003e                                   : _printfi.c.obj (.text:_fcpy)
                  000061e6    00000002     --HOLE-- [fill = 0]
                  000061e8    00000038     msp432p4xx_driverlib.lib : i2c.o (.text:I2C_masterSendMultiByteStop)
                  00006220    00000038     rtsv7M4_T_le_v4SPD16_eabi.lib : trgmsg.c.obj (.text:__TI_writemsg)
                  00006258    00000038                                   : fs_tod_t2.asm.obj (.text)
                  00006290    00000036     grlib.a : display.obj (.text:Graphics_drawHorizontalLineOnDisplay)
                  000062c6    00000036     rtsv7M4_T_le_v4SPD16_eabi.lib : strncpy.c.obj (.text:strncpy)
                  000062fc    00000034     msp432p4xx_driverlib.lib : cs.o (.text:CS_setDCOCenteredFrequency)
                  00006330    00000034                              : i2c.o (.text:I2C_masterSendMultiByteNext)
                  00006364    00000034     rtsv7M4_T_le_v4SPD16_eabi.lib : fopen.c.obj (.text:__TI_cleanup)
                  00006398    00000034                                   : trgmsg.c.obj (.text:__TI_readmsg)
                  000063cc    00000034                                   : boot_cortex_m.c.obj (.text:_c_int00_noargs:_c_int00_noargs)
                  00006400    00000030     msp432p4xx_driverlib.lib : gpio.o (.text:GPIO_getInputPinValue)
                  00006430    00000030     rtsv7M4_T_le_v4SPD16_eabi.lib : getdevice.c.obj (.text:finddevice)
                  00006460    0000002e                                   : i_tofd_t2.asm.obj (.text)
                  0000648e    0000002c     grlib.a : display.obj (.text:Graphics_drawPixelOnDisplay)
                  000064ba    00000002     --HOLE-- [fill = 0]
                  000064bc    0000002c     msp432p4xx_driverlib.lib : rtc_c.o (.text:RTC_C_holdClock)
                  000064e8    0000002c                              : timer_a.o (.text:Timer_A_clearCaptureCompareInterrupt)
                  00006514    0000002c     rtsv7M4_T_le_v4SPD16_eabi.lib : unlink.c.obj (.text:unlink)
                  00006540    00000028     msp432p4xx_driverlib.lib : gpio.o (.text:GPIO_clearInterruptFlag)
                  00006568    00000028                              : gpio.o (.text:GPIO_enableInterrupt)
                  00006590    00000028                              : gpio.o (.text:GPIO_setOutputHighOnPin)
                  000065b8    00000028                              : gpio.o (.text:GPIO_setOutputLowOnPin)
                  000065e0    00000028                              : pcm.o (.text:PCM_gotoLPM0)
                  00006608    00000028     rtsv7M4_T_le_v4SPD16_eabi.lib : memory.c.obj (.text:free_list_insert)
                  00006630    00000028                                   : lseek.c.obj (.text:lseek)
                  00006658    00000028                                   : write.c.obj (.text:write)
                  00006680    00000024     msp432p4xx_driverlib.lib : wdt_a.o (.text:WDT_A_holdTimer)
                  000066a4    00000020     rtsv7M4_T_le_v4SPD16_eabi.lib : memchr.c.obj (.text:memchr)
                  000066c4    0000001c     msp432p4xx_driverlib.lib : i2c.o (.text:I2C_setMode)
                  000066e0    0000001c                              : spi.o (.text:SPI_enableModule)
                  000066fc    0000001c     rtsv7M4_T_le_v4SPD16_eabi.lib : copy_zero_init.c.obj (.text:decompress:ZI:__TI_zero_init_nomemset:__TI_zero_init_nomemset)
                  00006718    0000001c                                   : memory.c.obj (.text:free_list_remove)
                  00006734    0000001c                                   : memccpy.c.obj (.text:memccpy)
                  00006750    0000001a     grlib.a : display.obj (.text:Graphics_clearDisplayOnDisplay)
                  0000676a    0000001a             : context.obj (.text:Graphics_setBackgroundColor)
                  00006784    0000001a             : context.obj (.text:Graphics_setFont)
                  0000679e    0000001a     msp432p4xx_driverlib.lib : i2c.o (.text:I2C_masterReceiveStart)
                  000067b8    0000001a     rtsv7M4_T_le_v4SPD16_eabi.lib : s_copysign.c.obj (.text:copysign)
                  000067d2    00000018     msp432p4xx_driverlib.lib : i2c.o (.text:I2C_getInterruptStatus)
                  000067ea    00000002     --HOLE-- [fill = 0]
                  000067ec    00000018                              : i2c.o (.text:I2C_isBusBusy)
                  00006804    00000018                              : timer_a.o (.text:Timer_A_clearTimer)
                  0000681c    00000018     rtsv7M4_T_le_v4SPD16_eabi.lib : sprintf.c.obj (.text:_outs)
                  00006834    00000018                                   : strcmp.c.obj (.text:strcmp)
                  0000684c    00000016     msp432p4xx_driverlib.lib : spi.o (.text:EUSCI_A_SPI_enable)
                  00006862    00000016                              : spi.o (.text:EUSCI_B_SPI_enable)
                  00006878    00000016     grlib.a : context.obj (.text:Graphics_setForegroundColor)
                  0000688e    00000016             : display.obj (.text:Graphics_translateColorOnDisplay)
                  000068a4    00000016     msp432p4xx_driverlib.lib : i2c.o (.text:I2C_clearInterruptFlag)
                  000068ba    00000016                              : i2c.o (.text:I2C_disableModule)
                  000068d0    00000016                              : i2c.o (.text:I2C_enableModule)
                  000068e6    00000016                              : timer_a.o (.text:Timer_A_startCounter)
                  000068fc    00000016     rtsv7M4_T_le_v4SPD16_eabi.lib : strchr.c.obj (.text:strchr)
                  00006912    00000014     msp432p4xx_driverlib.lib : i2c.o (.text:I2C_masterReceiveMultiByteNext)
                  00006926    00000014                              : i2c.o (.text:I2C_setSlaveAddress)
                  0000693a    00000002     --HOLE-- [fill = 0]
                  0000693c    00000014                              : pcm.o (.text:PCM_getPowerState)
                  00006950    00000014                              : timer_a.o (.text:Timer_A_stopTimer)
                  00006964    00000014     rtsv7M4_T_le_v4SPD16_eabi.lib : strcpy.c.obj (.text:strcpy)
                  00006978    00000014                                   : strlen.c.obj (.text:strlen)
                  0000698c    00000012     grlib.a : context.obj (.text:Graphics_clearDisplay)
                  0000699e    00000012     rtsv7M4_T_le_v4SPD16_eabi.lib : wcslen.c.obj (.text:wcslen)
                  000069b0    00000010     msp432p4xx_driverlib.lib : interrupt.o (.text:Interrupt_disableMaster)
                  000069c0    00000010                              : interrupt.o (.text:Interrupt_enableMaster)
                  000069d0    00000010                              : pcm.o (.text:PCM_gotoLPM4)
                  000069e0    00000010                              : pcm.o (.text:PCM_setCoreVoltageLevel)
                  000069f0    00000010                              : pcm.o (.text:PCM_setPowerMode)
                  00006a00    00000010                              : pcm.o (.text:PCM_setPowerState)
                  00006a10    0000000e     rtsv7M4_T_le_v4SPD16_eabi.lib : copy_decompress_none.c.obj (.text:decompress:none:__TI_decompress_none)
                  00006a1e    0000000e     startup_msp432p401r_ccs.obj (.text)
                  00006a2c    0000000c     msp432p4xx_driverlib.lib : cpu.o (.text:CPU_cpsid)
                  00006a38    0000000c                              : cpu.o (.text:CPU_cpsie)
                  00006a44    0000000a     rtsv7M4_T_le_v4SPD16_eabi.lib : sprintf.c.obj (.text:_outc)
                  00006a4e    00000002     --HOLE-- [fill = 0]
                  00006a50    00000008                                   : errno.c.obj (.text:__aeabi_errno_addr)
                  00006a58    00000008                                   : memory.c.obj (.text:malloc)
                  00006a60    00000004     msp432p4xx_driverlib.lib : cpu.o (.text:CPU_wfi)
                  00006a64    00000004     rtsv7M4_T_le_v4SPD16_eabi.lib : printf.c.obj (.text:_outc)
                  00006a68    00000004                                   : printf.c.obj (.text:_outs)
                  00006a6c    00000004                                   : pre_init.c.obj (.text:_system_pre_init)
                  00006a70    00000004                                   : exit.c.obj (.text:abort:abort)

.const     0    00006a78    00000620     
                  00006a78    000002f8     grlib.a : fontfixed6x8.obj (.const:.string:g_pucFontFixed6x8Data)
                  00006d70    00000101     rtsv7M4_T_le_v4SPD16_eabi.lib : ctype.c.obj (.const:.string:_ctypes_)
                  00006e71    00000003     --HOLE-- [fill = 0]
                  00006e74    000000c8     grlib.a : fontfixed6x8.obj (.const:g_sFontFixed6x8)
                  00006f3c    00000038     main.obj (.const:.string)
                  00006f74    00000004     --HOLE-- [fill = 0]
                  00006f78    00000030     rtsv7M4_T_le_v4SPD16_eabi.lib : e_pow.c.obj (.const:$O1$$)
                  00006fa8    00000030     msp432p4xx_driverlib.lib : gpio.o (.const:GPIO_PORT_TO_BASE)
                  00006fd8    00000020     Crystalfontz128x128_ST7735.obj (.const:g_sCrystalfontz128x128_funcs)
                  00006ff8    0000001c     HAL_MSP_EXP432P401R_Crystalfontz128x128_ST7735.obj (.const:$P$T0$1)
                  00007014    00000018     main.obj (.const:$P$T1$1)
                  0000702c    00000018     main.obj (.const:$P$T5$2)
                  00007044    00000018     main.obj (.const:$P$T6$3)
                  0000705c    00000018     main.obj (.const:$P$T7$4)
                  00007074    00000014     HAL_I2C.obj (.const:i2cConfig)
                  00007088    00000008     Crystalfontz128x128_ST7735.obj (.const:$P$T0$1)
                  00007090    00000008     msp432p4xx_driverlib.lib : interrupt.o (.const:g_pulEnRegs)

.cinit     0    00007098    000000c0     
                  00007098    00000098     (.cinit..data.load) [load image, compression = lzss]
                  00007130    0000000c     (__TI_handler_table)
                  0000713c    00000004     --HOLE-- [fill = 0]
                  00007140    00000008     (.cinit..bss.load) [load image, compression = zero_init]
                  00007148    00000010     (__TI_cinit_table)

.init_array 
*          0    00000000    00000000     UNINITIALIZED

.binit     0    00000000    00000000     

.sysmem    0    20000000    00000400     UNINITIALIZED
                  20000000    00000010     rtsv7M4_T_le_v4SPD16_eabi.lib : memory.c.obj (.sysmem)
                  20000010    000003f0     --HOLE--

.data      0    20000400    00000234     UNINITIALIZED
                  20000400    000000f0     rtsv7M4_T_le_v4SPD16_eabi.lib : defs.c.obj (.data:_ftable)
                  200004f0    00000078                                   : host_device.c.obj (.data:_device)
                  20000568    00000050                                   : host_device.c.obj (.data:_stream)
                  200005b8    00000028     main.obj (.data:mainMenu)
                  200005e0    00000010     Crystalfontz128x128_ST7735.obj (.data:g_sCrystalfontz128x128)
                  200005f0    00000010     rtsv7M4_T_le_v4SPD16_eabi.lib : defs.c.obj (.data)
                  20000600    0000000c                                   : exit.c.obj (.data:$O1$$)
                  2000060c    00000008                                   : _lock.c.obj (.data:$O1$$)
                  20000614    00000008                                   : memory.c.obj (.data:$O1$$)
                  2000061c    00000004                                   : errno.c.obj (.data)
                  20000620    00000008     HAL_TMP006.obj (.data)
                  20000628    00000007     main.obj (.data)
                  2000062f    00000001     --HOLE--
                  20000630    00000004     system_msp432p401r.obj (.data)

.bss       0    20000634    000001f8     UNINITIALIZED
                  20000634    00000120     rtsv7M4_T_le_v4SPD16_eabi.lib : trgmsg.c.obj (.bss:_CIOBUF_)
                  20000754    000000a0     (.common:__TI_tmpnams)
                  200007f4    0000001c     (.common:g_sContext)
                  20000810    00000008     (.common:parmbuf)
                  20000818    00000004     (.common:lux)
                  2000081c    00000004     (.common:temp)
                  20000820    00000002     (.common:Lcd_ScreenHeigth)
                  20000822    00000002     (.common:Lcd_ScreenWidth)
                  20000824    00000002     (.common:Lcd_TouchTrim)
                  20000826    00000001     (.common:Lcd_FlagRead)
                  20000827    00000001     (.common:Lcd_FontSolid)
                  20000828    00000001     (.common:Lcd_Orientation)
                  20000829    00000001     (.common:Lcd_PenSolid)
                  2000082a    00000001     (.common:motionDetected)
                  2000082b    00000001     (.common:sameDataDisplay)

.stack     0    2000fe00    00000200     UNINITIALIZED
                  2000fe00    00000004     rtsv7M4_T_le_v4SPD16_eabi.lib : boot_cortex_m.c.obj (.stack)
                  2000fe04    000001fc     --HOLE--

__llvm_prf_cnts 
*          0    20000000    00000000     UNINITIALIZED

MODULE SUMMARY

       Module                                               code    ro data   rw data
       ------                                               ----    -------   -------
    .\
       main.obj                                             2092    152       170    
       HAL_TMP006.obj                                       1032    0         16     
       system_msp432p401r.obj                               820     0         8      
       HAL_OPT3001.obj                                      316     0         0      
       HAL_I2C.obj                                          280     20        0      
       startup_msp432p401r_ccs.obj                          14      228       0      
    +--+----------------------------------------------------+-------+---------+---------+
       Total:                                               4554    400       194    
                                                                                     
    .\LcdDriver\
       Crystalfontz128x128_ST7735.obj                       1664    40        52     
       HAL_MSP_EXP432P401R_Crystalfontz128x128_ST7735.obj   204     28        0      
    +--+----------------------------------------------------+-------+---------+---------+
       Total:                                               1868    68        52     
                                                                                     
    C:/Users/matty/OneDrive/Desktop/Embedded/CSS_lib/simplelink_msp432p4_sdk_3_40_01_02/source/ti/devices/msp432p4xx/driverlib/ccs/msp432p4xx_driverlib.lib
       pcm.o                                                1786    0         0      
       i2c.o                                                690     0         0      
       timer_a.o                                            654     0         0      
       gpio.o                                               584     48        0      
       cs.o                                                 356     0         0      
       spi.o                                                312     0         0      
       interrupt.o                                          160     8         0      
       flash.o                                              72      0         0      
       rtc_c.o                                              44      0         0      
       wdt_a.o                                              36      0         0      
       cpu.o                                                28      0         0      
    +--+----------------------------------------------------+-------+---------+---------+
       Total:                                               4722    56        0      
                                                                                     
    C:/Users/matty/OneDrive/Desktop/Embedded/CSS_lib/simplelink_msp432p4_sdk_3_40_01_02/source/ti/grlib/lib/ccs/m4/grlib.a
       string.obj                                           1536    0         0      
       fontfixed6x8.obj                                     0       960       0      
       context.obj                                          174     0         0      
       line.obj                                             156     0         0      
       display.obj                                          146     0         0      
    +--+----------------------------------------------------+-------+---------+---------+
       Total:                                               2012    960       0      
                                                                                     
    C:\ti\ccs1280\ccs\tools\compiler\ti-cgt-arm_20.2.7.LTS\lib\rtsv7M4_T_le_v4SPD16_eabi.lib
       _printfi.c.obj                                       4851    0         0      
       e_pow.c.obj                                          2512    48        0      
       defs.c.obj                                           0       0         832    
       memory.c.obj                                         672     0         16     
       trgmsg.c.obj                                         108     0         576    
       fd_add_t2.asm.obj                                    438     0         0      
       host_device.c.obj                                    0       0         400    
       e_sqrt.c.obj                                         344     0         0      
       fd_div_t2.asm.obj                                    310     0         0      
       fputs.c.obj                                          276     0         0      
       s_scalbn.c.obj                                       272     0         0      
       fd_cmp_t2.asm.obj                                    268     0         0      
       ctype.c.obj                                          0       257       0      
       fd_mul_t2.asm.obj                                    252     0         0      
       setvbuf.c.obj                                        220     0         0      
       memcpy_t2.asm.obj                                    156     0         0      
       ull_div_t2.asm.obj                                   150     0         0      
       fputc.c.obj                                          140     0         0      
       memset_t2.asm.obj                                    122     0         0      
       fclose.c.obj                                         116     0         0      
       getdevice.c.obj                                      116     0         0      
       hostopen.c.obj                                       96      0         16     
       printf.c.obj                                         112     0         0      
       fd_tos_t2.asm.obj                                    110     0         0      
       hostrename.c.obj                                     108     0         0      
       copy_decompress_lzss.c.obj                           104     0         0      
       hostlseek.c.obj                                      104     0         0      
       exit.c.obj                                           76      0         24     
       fseek.c.obj                                          100     0         0      
       s_frexp.c.obj                                        100     0         0      
       _io_perm.c.obj                                       98      0         0      
       sprintf.c.obj                                        98      0         0      
       close.c.obj                                          92      0         0      
       hostread.c.obj                                       88      0         0      
       hostwrite.c.obj                                      88      0         0      
       _ltoa.c.obj                                          84      0         0      
       atoi.c.obj                                           76      0         0      
       fflush.c.obj                                         76      0         0      
       fd_toi_t2.asm.obj                                    72      0         0      
       autoinit.c.obj                                       68      0         0      
       hostclose.c.obj                                      68      0         0      
       hostunlink.c.obj                                     68      0         0      
       fs_tod_t2.asm.obj                                    56      0         0      
       strncpy.c.obj                                        54      0         0      
       boot_cortex_m.c.obj                                  52      0         0      
       fopen.c.obj                                          52      0         0      
       i_tofd_t2.asm.obj                                    46      0         0      
       unlink.c.obj                                         44      0         0      
       lseek.c.obj                                          40      0         0      
       write.c.obj                                          40      0         0      
       memchr.c.obj                                         32      0         0      
       copy_zero_init.c.obj                                 28      0         0      
       memccpy.c.obj                                        28      0         0      
       s_copysign.c.obj                                     26      0         0      
       strcmp.c.obj                                         24      0         0      
       strchr.c.obj                                         22      0         0      
       strcpy.c.obj                                         20      0         0      
       strlen.c.obj                                         20      0         0      
       _lock.c.obj                                          2       0         16     
       wcslen.c.obj                                         18      0         0      
       errno.c.obj                                          8       0         8      
       copy_decompress_none.c.obj                           14      0         0      
       pre_init.c.obj                                       4       0         0      
       div0.asm.obj                                         2       0         0      
    +--+----------------------------------------------------+-------+---------+---------+
       Total:                                               13841   305       1888   
                                                                                     
       Heap:                                                0       0         2048   
       Stack:                                               0       0         1024   
       Linker Generated:                                    0       188       0      
    +--+----------------------------------------------------+-------+---------+---------+
       Grand Total:                                         26997   1977      5206   


LINKER GENERATED COPY TABLES

__TI_cinit_table @ 00007148 records: 2, size/record: 8, table size: 16
	.data: load addr=00007098, load size=00000098 bytes, run addr=20000400, run size=00000234 bytes, compression=lzss
	.bss: load addr=00007140, load size=00000008 bytes, run addr=20000634, run size=000001f8 bytes, compression=zero_init


LINKER GENERATED HANDLER TABLE

__TI_handler_table @ 00007130 records: 3, size/record: 4, table size: 12
	index: 0, handler: __TI_decompress_lzss
	index: 1, handler: __TI_decompress_none
	index: 2, handler: __TI_zero_init


GLOBAL SYMBOLS: SORTED ALPHABETICALLY BY Name 

address   name                                       
-------   ----                                       
00006a2b  ADC14_IRQHandler                           
00006a2b  AES256_IRQHandler                          
00006a2b  BusFault_Handler                           
00006a71  C$$EXIT                                    
0000624f  C$$IO$$                                    
00006a2b  COMP_E0_IRQHandler                         
00006a2b  COMP_E1_IRQHandler                         
00006a2d  CPU_cpsid                                  
00006a39  CPU_cpsie                                  
00006a61  CPU_wfi                                    
00006a2b  CS_IRQHandler                              
00003f99  CS_initClockSignal                         
000062fd  CS_setDCOCenteredFrequency                 
00001d31  Crystalfontz128x128_Init                   
00001e45  Crystalfontz128x128_SetDrawFrame           
00001f73  Crystalfontz128x128_SetOrientation         
00006a2b  DMA_ERR_IRQHandler                         
00006a2b  DMA_INT0_IRQHandler                        
00006a2b  DMA_INT1_IRQHandler                        
00006a2b  DMA_INT2_IRQHandler                        
00006a2b  DMA_INT3_IRQHandler                        
00006a2b  DebugMon_Handler                           
00006a2b  Default_Handler                            
00006a2b  EUSCIA0_IRQHandler                         
00006a2b  EUSCIA1_IRQHandler                         
00006a2b  EUSCIA2_IRQHandler                         
00006a2b  EUSCIA3_IRQHandler                         
00006a2b  EUSCIB0_IRQHandler                         
00006a2b  EUSCIB1_IRQHandler                         
00006a2b  EUSCIB2_IRQHandler                         
00006a2b  EUSCIB3_IRQHandler                         
0000684d  EUSCI_A_SPI_enable                         
00006863  EUSCI_B_SPI_enable                         
00006a2b  FLCTL_IRQHandler                           
00006a2b  FPU_IRQHandler                             
00005e39  FlashCtl_setWaitState                      
00006541  GPIO_clearInterruptFlag                    
00006569  GPIO_enableInterrupt                       
00006401  GPIO_getInputPinValue                      
00005a9d  GPIO_setAsInputPinWithPullDownResistor     
00005af5  GPIO_setAsInputPinWithPullUpResistor       
00006069  GPIO_setAsOutputPin                        
00004f71  GPIO_setAsPeripheralModuleFunctionOutputPin
00006591  GPIO_setOutputHighOnPin                    
000065b9  GPIO_setOutputLowOnPin                     
0000698d  Graphics_clearDisplay                      
00006751  Graphics_clearDisplayOnDisplay             
00006291  Graphics_drawHorizontalLineOnDisplay       
00004d17  Graphics_drawLineH                         
0000648f  Graphics_drawPixelOnDisplay                
000023b1  Graphics_drawString                        
00005e81  Graphics_drawStringCentered                
0000482d  Graphics_getStringWidth                    
00005cfd  Graphics_initContext                       
0000676b  Graphics_setBackgroundColor                
00006785  Graphics_setFont                           
00006879  Graphics_setForegroundColor                
0000688f  Graphics_translateColorOnDisplay           
00004ae9  HAL_LCD_PortInit                           
00004b19  HAL_LCD_SpiInit                            
00004b4f  HAL_LCD_writeCommand                       
00004b7f  HAL_LCD_writeData                          
00005f59  HOSTclose                                  
00005591  HOSTlseek                                  
00005925  HOSTopen                                   
00005b4d  HOSTread                                   
000054b9  HOSTrename                                 
00005f9d  HOSTunlink                                 
00005ba5  HOSTwrite                                  
00006a2b  HardFault_Handler                          
000068a5  I2C_clearInterruptFlag                     
000068bb  I2C_disableModule                          
000068d1  I2C_enableModule                           
000067d3  I2C_getInterruptStatus                     
00004205  I2C_init                                   
00005861  I2C_initMaster                             
000067ed  I2C_isBusBusy                              
000060e9  I2C_masterReceiveMultiByteFinish           
00006913  I2C_masterReceiveMultiByteNext             
0000679f  I2C_masterReceiveStart                     
00005525  I2C_masterSendMultiByteFinish              
00006331  I2C_masterSendMultiByteNext                
000055f9  I2C_masterSendMultiByteStart               
000061e9  I2C_masterSendMultiByteStop                
0000421d  I2C_read16                                 
000066c5  I2C_setMode                                
00006927  I2C_setSlaveAddress                        
000042e7  I2C_setslave                               
000042a3  I2C_write16                                
000041ed  Init_I2C_GPIO                              
000069b1  Interrupt_disableMaster                    
00005189  Interrupt_enableInterrupt                  
000069c1  Interrupt_enableMaster                     
20000826  Lcd_FlagRead                               
20000827  Lcd_FontSolid                              
20000828  Lcd_Orientation                            
20000829  Lcd_PenSolid                               
20000820  Lcd_ScreenHeigth                           
20000822  Lcd_ScreenWidth                            
20000824  Lcd_TouchTrim                              
00006a2b  MemManage_Handler                          
00006a2b  NMI_Handler                                
00003c4d  OPT3001_getLux                             
00003be9  OPT3001_init                               
00003c1d  OPT3001_readConfigReg                      
00003c0d  OPT3001_readDeviceId                       
00003c3d  OPT3001_readHighLimitReg                   
00003c2d  OPT3001_readLowLimitReg                    
00003bfd  OPT3001_readManufacturerId                 
00006a2b  PCM_IRQHandler                             
00005985  PCM_getCoreVoltageLevel                    
00005a41  PCM_getPowerMode                           
0000693d  PCM_getPowerState                          
000065e1  PCM_gotoLPM0                               
00005105  PCM_gotoLPM3                               
000069d1  PCM_gotoLPM4                               
000069e1  PCM_setCoreVoltageLevel                    
000069f1  PCM_setPowerMode                           
00006a01  PCM_setPowerState                          
00005c55  PCM_shutdownDevice                         
00001bdd  PORT1_IRQHandler                           
00001bdd  PORT1_IRQHandler                           
00006a2b  PORT2_IRQHandler                           
00001c05  PORT3_IRQHandler                           
00001c05  PORT3_IRQHandler                           
00006a2b  PORT4_IRQHandler                           
00001c1b  PORT5_IRQHandler                           
00001c1b  PORT5_IRQHandler                           
00006a2b  PORT6_IRQHandler                           
00006a2b  PSS_IRQHandler                             
00006a2b  PendSV_Handler                             
00006a2b  RTC_C_IRQHandler                           
000064bd  RTC_C_holdClock                            
00006a1f  Reset_Handler                              
000066e1  SPI_enableModule                           
00004c67  SPI_initMaster                             
00006a2b  SVC_Handler                                
00006a2b  SysTick_Handler                            
20000630  SystemCoreClock                            
00002c39  SystemCoreClockUpdate                      
00002eb1  SystemInit                                 
00006a2b  T32_INT1_IRQHandler                        
00006a2b  T32_INT2_IRQHandler                        
00006a2b  T32_INTC_IRQHandler                        
00006a2b  TA0_0_IRQHandler                           
00006a2b  TA0_N_IRQHandler                           
0000158f  TA1_0_IRQHandler                           
0000158f  TA1_0_IRQHandler                           
00006a2b  TA1_N_IRQHandler                           
00006a2b  TA2_0_IRQHandler                           
00006a2b  TA2_N_IRQHandler                           
00006a2b  TA3_0_IRQHandler                           
00006a2b  TA3_N_IRQHandler                           
00002897  TMP006_getTemp                             
00002831  TMP006_init                                
00002887  TMP006_readAmbientTemperature              
00002867  TMP006_readDeviceId                        
00002877  TMP006_readObjectVoltage                   
000064e9  Timer_A_clearCaptureCompareInterrupt       
00006805  Timer_A_clearTimer                         
00005661  Timer_A_configureUpMode                    
00005285  Timer_A_generatePWM                        
000068e7  Timer_A_startCounter                       
00006951  Timer_A_stopTimer                          
00006a2b  UsageFault_Handler                         
4000480c  WDTCTL_SYM                                 
00006a2b  WDT_A_IRQHandler                           
00006681  WDT_A_holdTimer                            
20000634  __CIOBUF_                                  
20010000  __STACK_END                                
00000200  __STACK_SIZE                               
00000400  __SYSMEM_SIZE                              
00007148  __TI_CINIT_Base                            
00007158  __TI_CINIT_Limit                           
00007130  __TI_Handler_Table_Base                    
0000713c  __TI_Handler_Table_Limit                   
00005fe1  __TI_auto_init_nobinit_nopinit             
00006365  __TI_cleanup                               
20000600  __TI_cleanup_ptr                           
000052f9  __TI_closefile                             
000056c9  __TI_decompress_lzss                       
00006a11  __TI_decompress_none                       
00005da1  __TI_doflush                               
20000604  __TI_dtors_ptr                             
20000608  __TI_enable_exit_profile_output            
200005f0  __TI_ft_end                                
00005ca9  __TI_ltoa                                  
ffffffff  __TI_pprof_out_hndl                        
000000e5  __TI_printfi                               
ffffffff  __TI_prof_data_size                        
ffffffff  __TI_prof_data_start                       
00006399  __TI_readmsg                               
00000000  __TI_static_base__                         
20000754  __TI_tmpnams                               
00006221  __TI_writemsg                              
000058c3  __TI_wrt_ok                                
000066fd  __TI_zero_init_nomemset                    
00004ff9  __aeabi_cdcmpeq                            
00004ff9  __aeabi_cdcmple                            
0000507f  __aeabi_cdrcmple                           
0000544b  __aeabi_d2f                                
00005f11  __aeabi_d2iz                               
00003643  __aeabi_dadd                               
00003e61  __aeabi_ddiv                               
00004731  __aeabi_dmul                               
00003639  __aeabi_dsub                               
00006a51  __aeabi_errno_addr                         
00006259  __aeabi_f2d                                
00006461  __aeabi_i2d                                
0000282f  __aeabi_idiv0                              
0000282f  __aeabi_ldiv0                              
00005209  __aeabi_memclr                             
00005209  __aeabi_memclr4                            
00005209  __aeabi_memclr8                            
00004db3  __aeabi_memcpy                             
00004db3  __aeabi_memcpy4                            
00004db3  __aeabi_memcpy8                            
0000520b  __aeabi_memset                             
0000520b  __aeabi_memset4                            
0000520b  __aeabi_memset8                            
200005fc  __aeabi_stderr                             
200005f4  __aeabi_stdin                              
200005f8  __aeabi_stdout                             
00004e4f  __aeabi_uldivmod                           
ffffffff  __binit__                                  
ffffffff  __c_args__                                 
UNDEFED   __mpu_init                                 
2000fe00  __stack                                    
20000000  __start___llvm_prf_cnts                    
20000000  __stop___llvm_prf_cnts                     
000063cd  _c_int00_noargs                            
00006d70  _ctypes_                                   
200004f0  _device                                    
20000400  _ftable                                    
00001665  _graphicsInit                              
00001597  _hwInit                                    
00001709  _initPWM                                   
000016bf  _lightSensorInit                           
2000060c  _lock                                      
00000b33  _nop                                       
000016df  _pirInit                                   
20000568  _stream                                    
20000000  _sys_memory                                
UNDEFED   _system_post_cinit                         
00006a6d  _system_pre_init                           
0000169f  _temperatureSensorInit                     
20000610  _unlock                                    
00006a71  abort                                      
00004631  aligned_alloc                              
00005ded  atoi                                       
ffffffff  binit                                      
000059e5  close                                      
000067b9  copysign                                   
000067b9  copysignl                                  
2000062a  currentSelection                           
20000628  currentState                               
000019c5  drawClockScreen                            
000018c9  drawLightScreen                            
00001777  drawMainMenu                               
00001941  drawMotionScreen                           
00001825  drawTemperatureScreen                      
2000061c  errno                                      
00005ec9  exit                                       
00006431  finddevice                                 
00004ee5  fputc                                      
00004305  fputs                                      
00004929  free                                       
00005799  frexp                                      
00005799  frexpl                                     
000057fd  fseek                                      
200007f4  g_sContext                                 
200005e0  g_sCrystalfontz128x128                     
00006fd8  g_sCrystalfontz128x128_funcs               
00006e74  g_sFontFixed6x8                            
00006025  getdevice                                  
00001505  goSleep                                    
00001a6d  handleInput                                
00007074  i2cConfig                                  
00001561  initStandbyTimerA                          
00000000  interruptVectors                           
20000629  lastState                                  
00004419  ldexp                                      
00004419  ldexpl                                     
00006631  lseek                                      
20000818  lux                                        
00001c61  main                                       
200005b8  mainMenu                                   
2000062b  mainMenuSize                               
00006a59  malloc                                     
00004631  memalign                                   
00006735  memccpy                                    
000066a5  memchr                                     
00004db3  memcpy                                     
00005211  memset                                     
2000082a  motionDetected                             
20000810  parmbuf                                    
00000b35  pow                                        
00000b35  powl                                       
00005731  printf                                     
00004ee5  putc                                       
00006515  remove                                     
2000082b  sameDataDisplay                            
00004419  scalbn                                     
00004419  scalbnl                                    
00004a0d  setvbuf                                    
00006169  sprintf                                    
0000394d  sqrt                                       
0000394d  sqrtl                                      
000068fd  strchr                                     
00006835  strcmp                                     
00006965  strcpy                                     
00006979  strlen                                     
000062c7  strncpy                                    
2000081c  temp                                       
00006515  unlink                                     
0000699f  wcslen                                     
00006659  write                                      


GLOBAL SYMBOLS: SORTED BY Symbol Address 

address   name                                       
-------   ----                                       
00000000  __TI_static_base__                         
00000000  interruptVectors                           
000000e5  __TI_printfi                               
00000200  __STACK_SIZE                               
00000400  __SYSMEM_SIZE                              
00000b33  _nop                                       
00000b35  pow                                        
00000b35  powl                                       
00001505  goSleep                                    
00001561  initStandbyTimerA                          
0000158f  TA1_0_IRQHandler                           
0000158f  TA1_0_IRQHandler                           
00001597  _hwInit                                    
00001665  _graphicsInit                              
0000169f  _temperatureSensorInit                     
000016bf  _lightSensorInit                           
000016df  _pirInit                                   
00001709  _initPWM                                   
00001777  drawMainMenu                               
00001825  drawTemperatureScreen                      
000018c9  drawLightScreen                            
00001941  drawMotionScreen                           
000019c5  drawClockScreen                            
00001a6d  handleInput                                
00001bdd  PORT1_IRQHandler                           
00001bdd  PORT1_IRQHandler                           
00001c05  PORT3_IRQHandler                           
00001c05  PORT3_IRQHandler                           
00001c1b  PORT5_IRQHandler                           
00001c1b  PORT5_IRQHandler                           
00001c61  main                                       
00001d31  Crystalfontz128x128_Init                   
00001e45  Crystalfontz128x128_SetDrawFrame           
00001f73  Crystalfontz128x128_SetOrientation         
000023b1  Graphics_drawString                        
0000282f  __aeabi_idiv0                              
0000282f  __aeabi_ldiv0                              
00002831  TMP006_init                                
00002867  TMP006_readDeviceId                        
00002877  TMP006_readObjectVoltage                   
00002887  TMP006_readAmbientTemperature              
00002897  TMP006_getTemp                             
00002c39  SystemCoreClockUpdate                      
00002eb1  SystemInit                                 
00003639  __aeabi_dsub                               
00003643  __aeabi_dadd                               
0000394d  sqrt                                       
0000394d  sqrtl                                      
00003be9  OPT3001_init                               
00003bfd  OPT3001_readManufacturerId                 
00003c0d  OPT3001_readDeviceId                       
00003c1d  OPT3001_readConfigReg                      
00003c2d  OPT3001_readLowLimitReg                    
00003c3d  OPT3001_readHighLimitReg                   
00003c4d  OPT3001_getLux                             
00003e61  __aeabi_ddiv                               
00003f99  CS_initClockSignal                         
000041ed  Init_I2C_GPIO                              
00004205  I2C_init                                   
0000421d  I2C_read16                                 
000042a3  I2C_write16                                
000042e7  I2C_setslave                               
00004305  fputs                                      
00004419  ldexp                                      
00004419  ldexpl                                     
00004419  scalbn                                     
00004419  scalbnl                                    
00004631  aligned_alloc                              
00004631  memalign                                   
00004731  __aeabi_dmul                               
0000482d  Graphics_getStringWidth                    
00004929  free                                       
00004a0d  setvbuf                                    
00004ae9  HAL_LCD_PortInit                           
00004b19  HAL_LCD_SpiInit                            
00004b4f  HAL_LCD_writeCommand                       
00004b7f  HAL_LCD_writeData                          
00004c67  SPI_initMaster                             
00004d17  Graphics_drawLineH                         
00004db3  __aeabi_memcpy                             
00004db3  __aeabi_memcpy4                            
00004db3  __aeabi_memcpy8                            
00004db3  memcpy                                     
00004e4f  __aeabi_uldivmod                           
00004ee5  fputc                                      
00004ee5  putc                                       
00004f71  GPIO_setAsPeripheralModuleFunctionOutputPin
00004ff9  __aeabi_cdcmpeq                            
00004ff9  __aeabi_cdcmple                            
0000507f  __aeabi_cdrcmple                           
00005105  PCM_gotoLPM3                               
00005189  Interrupt_enableInterrupt                  
00005209  __aeabi_memclr                             
00005209  __aeabi_memclr4                            
00005209  __aeabi_memclr8                            
0000520b  __aeabi_memset                             
0000520b  __aeabi_memset4                            
0000520b  __aeabi_memset8                            
00005211  memset                                     
00005285  Timer_A_generatePWM                        
000052f9  __TI_closefile                             
0000544b  __aeabi_d2f                                
000054b9  HOSTrename                                 
00005525  I2C_masterSendMultiByteFinish              
00005591  HOSTlseek                                  
000055f9  I2C_masterSendMultiByteStart               
00005661  Timer_A_configureUpMode                    
000056c9  __TI_decompress_lzss                       
00005731  printf                                     
00005799  frexp                                      
00005799  frexpl                                     
000057fd  fseek                                      
00005861  I2C_initMaster                             
000058c3  __TI_wrt_ok                                
00005925  HOSTopen                                   
00005985  PCM_getCoreVoltageLevel                    
000059e5  close                                      
00005a41  PCM_getPowerMode                           
00005a9d  GPIO_setAsInputPinWithPullDownResistor     
00005af5  GPIO_setAsInputPinWithPullUpResistor       
00005b4d  HOSTread                                   
00005ba5  HOSTwrite                                  
00005c55  PCM_shutdownDevice                         
00005ca9  __TI_ltoa                                  
00005cfd  Graphics_initContext                       
00005da1  __TI_doflush                               
00005ded  atoi                                       
00005e39  FlashCtl_setWaitState                      
00005e81  Graphics_drawStringCentered                
00005ec9  exit                                       
00005f11  __aeabi_d2iz                               
00005f59  HOSTclose                                  
00005f9d  HOSTunlink                                 
00005fe1  __TI_auto_init_nobinit_nopinit             
00006025  getdevice                                  
00006069  GPIO_setAsOutputPin                        
000060e9  I2C_masterReceiveMultiByteFinish           
00006169  sprintf                                    
000061e9  I2C_masterSendMultiByteStop                
00006221  __TI_writemsg                              
0000624f  C$$IO$$                                    
00006259  __aeabi_f2d                                
00006291  Graphics_drawHorizontalLineOnDisplay       
000062c7  strncpy                                    
000062fd  CS_setDCOCenteredFrequency                 
00006331  I2C_masterSendMultiByteNext                
00006365  __TI_cleanup                               
00006399  __TI_readmsg                               
000063cd  _c_int00_noargs                            
00006401  GPIO_getInputPinValue                      
00006431  finddevice                                 
00006461  __aeabi_i2d                                
0000648f  Graphics_drawPixelOnDisplay                
000064bd  RTC_C_holdClock                            
000064e9  Timer_A_clearCaptureCompareInterrupt       
00006515  remove                                     
00006515  unlink                                     
00006541  GPIO_clearInterruptFlag                    
00006569  GPIO_enableInterrupt                       
00006591  GPIO_setOutputHighOnPin                    
000065b9  GPIO_setOutputLowOnPin                     
000065e1  PCM_gotoLPM0                               
00006631  lseek                                      
00006659  write                                      
00006681  WDT_A_holdTimer                            
000066a5  memchr                                     
000066c5  I2C_setMode                                
000066e1  SPI_enableModule                           
000066fd  __TI_zero_init_nomemset                    
00006735  memccpy                                    
00006751  Graphics_clearDisplayOnDisplay             
0000676b  Graphics_setBackgroundColor                
00006785  Graphics_setFont                           
0000679f  I2C_masterReceiveStart                     
000067b9  copysign                                   
000067b9  copysignl                                  
000067d3  I2C_getInterruptStatus                     
000067ed  I2C_isBusBusy                              
00006805  Timer_A_clearTimer                         
00006835  strcmp                                     
0000684d  EUSCI_A_SPI_enable                         
00006863  EUSCI_B_SPI_enable                         
00006879  Graphics_setForegroundColor                
0000688f  Graphics_translateColorOnDisplay           
000068a5  I2C_clearInterruptFlag                     
000068bb  I2C_disableModule                          
000068d1  I2C_enableModule                           
000068e7  Timer_A_startCounter                       
000068fd  strchr                                     
00006913  I2C_masterReceiveMultiByteNext             
00006927  I2C_setSlaveAddress                        
0000693d  PCM_getPowerState                          
00006951  Timer_A_stopTimer                          
00006965  strcpy                                     
00006979  strlen                                     
0000698d  Graphics_clearDisplay                      
0000699f  wcslen                                     
000069b1  Interrupt_disableMaster                    
000069c1  Interrupt_enableMaster                     
000069d1  PCM_gotoLPM4                               
000069e1  PCM_setCoreVoltageLevel                    
000069f1  PCM_setPowerMode                           
00006a01  PCM_setPowerState                          
00006a11  __TI_decompress_none                       
00006a1f  Reset_Handler                              
00006a2b  ADC14_IRQHandler                           
00006a2b  AES256_IRQHandler                          
00006a2b  BusFault_Handler                           
00006a2b  COMP_E0_IRQHandler                         
00006a2b  COMP_E1_IRQHandler                         
00006a2b  CS_IRQHandler                              
00006a2b  DMA_ERR_IRQHandler                         
00006a2b  DMA_INT0_IRQHandler                        
00006a2b  DMA_INT1_IRQHandler                        
00006a2b  DMA_INT2_IRQHandler                        
00006a2b  DMA_INT3_IRQHandler                        
00006a2b  DebugMon_Handler                           
00006a2b  Default_Handler                            
00006a2b  EUSCIA0_IRQHandler                         
00006a2b  EUSCIA1_IRQHandler                         
00006a2b  EUSCIA2_IRQHandler                         
00006a2b  EUSCIA3_IRQHandler                         
00006a2b  EUSCIB0_IRQHandler                         
00006a2b  EUSCIB1_IRQHandler                         
00006a2b  EUSCIB2_IRQHandler                         
00006a2b  EUSCIB3_IRQHandler                         
00006a2b  FLCTL_IRQHandler                           
00006a2b  FPU_IRQHandler                             
00006a2b  HardFault_Handler                          
00006a2b  MemManage_Handler                          
00006a2b  NMI_Handler                                
00006a2b  PCM_IRQHandler                             
00006a2b  PORT2_IRQHandler                           
00006a2b  PORT4_IRQHandler                           
00006a2b  PORT6_IRQHandler                           
00006a2b  PSS_IRQHandler                             
00006a2b  PendSV_Handler                             
00006a2b  RTC_C_IRQHandler                           
00006a2b  SVC_Handler                                
00006a2b  SysTick_Handler                            
00006a2b  T32_INT1_IRQHandler                        
00006a2b  T32_INT2_IRQHandler                        
00006a2b  T32_INTC_IRQHandler                        
00006a2b  TA0_0_IRQHandler                           
00006a2b  TA0_N_IRQHandler                           
00006a2b  TA1_N_IRQHandler                           
00006a2b  TA2_0_IRQHandler                           
00006a2b  TA2_N_IRQHandler                           
00006a2b  TA3_0_IRQHandler                           
00006a2b  TA3_N_IRQHandler                           
00006a2b  UsageFault_Handler                         
00006a2b  WDT_A_IRQHandler                           
00006a2d  CPU_cpsid                                  
00006a39  CPU_cpsie                                  
00006a51  __aeabi_errno_addr                         
00006a59  malloc                                     
00006a61  CPU_wfi                                    
00006a6d  _system_pre_init                           
00006a71  C$$EXIT                                    
00006a71  abort                                      
00006d70  _ctypes_                                   
00006e74  g_sFontFixed6x8                            
00006fd8  g_sCrystalfontz128x128_funcs               
00007074  i2cConfig                                  
00007130  __TI_Handler_Table_Base                    
0000713c  __TI_Handler_Table_Limit                   
00007148  __TI_CINIT_Base                            
00007158  __TI_CINIT_Limit                           
20000000  __start___llvm_prf_cnts                    
20000000  __stop___llvm_prf_cnts                     
20000000  _sys_memory                                
20000400  _ftable                                    
200004f0  _device                                    
20000568  _stream                                    
200005b8  mainMenu                                   
200005e0  g_sCrystalfontz128x128                     
200005f0  __TI_ft_end                                
200005f4  __aeabi_stdin                              
200005f8  __aeabi_stdout                             
200005fc  __aeabi_stderr                             
20000600  __TI_cleanup_ptr                           
20000604  __TI_dtors_ptr                             
20000608  __TI_enable_exit_profile_output            
2000060c  _lock                                      
20000610  _unlock                                    
2000061c  errno                                      
20000628  currentState                               
20000629  lastState                                  
2000062a  currentSelection                           
2000062b  mainMenuSize                               
20000630  SystemCoreClock                            
20000634  __CIOBUF_                                  
20000754  __TI_tmpnams                               
200007f4  g_sContext                                 
20000810  parmbuf                                    
20000818  lux                                        
2000081c  temp                                       
20000820  Lcd_ScreenHeigth                           
20000822  Lcd_ScreenWidth                            
20000824  Lcd_TouchTrim                              
20000826  Lcd_FlagRead                               
20000827  Lcd_FontSolid                              
20000828  Lcd_Orientation                            
20000829  Lcd_PenSolid                               
2000082a  motionDetected                             
2000082b  sameDataDisplay                            
2000fe00  __stack                                    
20010000  __STACK_END                                
4000480c  WDTCTL_SYM                                 
ffffffff  __TI_pprof_out_hndl                        
ffffffff  __TI_prof_data_size                        
ffffffff  __TI_prof_data_start                       
ffffffff  __binit__                                  
ffffffff  __c_args__                                 
ffffffff  binit                                      
UNDEFED   __mpu_init                                 
UNDEFED   _system_post_cinit                         

[317 symbols]
