<?xml version="1.0" encoding="ISO-8859-1" ?>
<link_info>
   <banner>TI ARM Linker PC v20.2.7.LTS</banner>
   <copyright>Copyright (c) 1996-2018 Texas Instruments Incorporated</copyright>
   <link_time>0x685c1b72</link_time>
   <link_errors>0x0</link_errors>
   <output_file>menuSmartRoom.out</output_file>
   <entry_point>
      <name>_c_int00_noargs</name>
      <address>0x63cd</address>
   </entry_point>
   <input_file_list>
      <input_file id="fl-2">
         <path>.\</path>
         <kind>object</kind>
         <file>HAL_I2C.obj</file>
         <name>HAL_I2C.obj</name>
      </input_file>
      <input_file id="fl-3">
         <path>.\</path>
         <kind>object</kind>
         <file>HAL_OPT3001.obj</file>
         <name>HAL_OPT3001.obj</name>
      </input_file>
      <input_file id="fl-4">
         <path>.\</path>
         <kind>object</kind>
         <file>HAL_TMP006.obj</file>
         <name>HAL_TMP006.obj</name>
      </input_file>
      <input_file id="fl-5">
         <path>.\</path>
         <kind>object</kind>
         <file>main.obj</file>
         <name>main.obj</name>
      </input_file>
      <input_file id="fl-6">
         <path>.\</path>
         <kind>object</kind>
         <file>startup_msp432p401r_ccs.obj</file>
         <name>startup_msp432p401r_ccs.obj</name>
      </input_file>
      <input_file id="fl-7">
         <path>.\</path>
         <kind>object</kind>
         <file>system_msp432p401r.obj</file>
         <name>system_msp432p401r.obj</name>
      </input_file>
      <input_file id="fl-8">
         <path>.\LcdDriver\</path>
         <kind>object</kind>
         <file>Crystalfontz128x128_ST7735.obj</file>
         <name>Crystalfontz128x128_ST7735.obj</name>
      </input_file>
      <input_file id="fl-9">
         <path>.\LcdDriver\</path>
         <kind>object</kind>
         <file>HAL_MSP_EXP432P401R_Crystalfontz128x128_ST7735.obj</file>
         <name>HAL_MSP_EXP432P401R_Crystalfontz128x128_ST7735.obj</name>
      </input_file>
      <input_file id="fl-e">
         <kind>object</kind>
         <file>&lt;internal&gt;</file>
         <name>&lt;internal&gt;</name>
      </input_file>
      <input_file id="fl-f">
         <path>C:\Users\matty\OneDrive\Desktop\Embedded\CSS_lib\simplelink_msp432p4_sdk_3_40_01_02\source\ti\devices\msp432p4xx\driverlib\ccs\</path>
         <kind>archive</kind>
         <file>msp432p4xx_driverlib.lib</file>
         <name>cs.o</name>
      </input_file>
      <input_file id="fl-10">
         <path>C:\Users\matty\OneDrive\Desktop\Embedded\CSS_lib\simplelink_msp432p4_sdk_3_40_01_02\source\ti\devices\msp432p4xx\driverlib\ccs\</path>
         <kind>archive</kind>
         <file>msp432p4xx_driverlib.lib</file>
         <name>flash.o</name>
      </input_file>
      <input_file id="fl-11">
         <path>C:\Users\matty\OneDrive\Desktop\Embedded\CSS_lib\simplelink_msp432p4_sdk_3_40_01_02\source\ti\devices\msp432p4xx\driverlib\ccs\</path>
         <kind>archive</kind>
         <file>msp432p4xx_driverlib.lib</file>
         <name>gpio.o</name>
      </input_file>
      <input_file id="fl-12">
         <path>C:\Users\matty\OneDrive\Desktop\Embedded\CSS_lib\simplelink_msp432p4_sdk_3_40_01_02\source\ti\devices\msp432p4xx\driverlib\ccs\</path>
         <kind>archive</kind>
         <file>msp432p4xx_driverlib.lib</file>
         <name>i2c.o</name>
      </input_file>
      <input_file id="fl-13">
         <path>C:\Users\matty\OneDrive\Desktop\Embedded\CSS_lib\simplelink_msp432p4_sdk_3_40_01_02\source\ti\devices\msp432p4xx\driverlib\ccs\</path>
         <kind>archive</kind>
         <file>msp432p4xx_driverlib.lib</file>
         <name>interrupt.o</name>
      </input_file>
      <input_file id="fl-14">
         <path>C:\Users\matty\OneDrive\Desktop\Embedded\CSS_lib\simplelink_msp432p4_sdk_3_40_01_02\source\ti\devices\msp432p4xx\driverlib\ccs\</path>
         <kind>archive</kind>
         <file>msp432p4xx_driverlib.lib</file>
         <name>pcm.o</name>
      </input_file>
      <input_file id="fl-15">
         <path>C:\Users\matty\OneDrive\Desktop\Embedded\CSS_lib\simplelink_msp432p4_sdk_3_40_01_02\source\ti\devices\msp432p4xx\driverlib\ccs\</path>
         <kind>archive</kind>
         <file>msp432p4xx_driverlib.lib</file>
         <name>rtc_c.o</name>
      </input_file>
      <input_file id="fl-16">
         <path>C:\Users\matty\OneDrive\Desktop\Embedded\CSS_lib\simplelink_msp432p4_sdk_3_40_01_02\source\ti\devices\msp432p4xx\driverlib\ccs\</path>
         <kind>archive</kind>
         <file>msp432p4xx_driverlib.lib</file>
         <name>spi.o</name>
      </input_file>
      <input_file id="fl-17">
         <path>C:\Users\matty\OneDrive\Desktop\Embedded\CSS_lib\simplelink_msp432p4_sdk_3_40_01_02\source\ti\devices\msp432p4xx\driverlib\ccs\</path>
         <kind>archive</kind>
         <file>msp432p4xx_driverlib.lib</file>
         <name>sysctl.o</name>
      </input_file>
      <input_file id="fl-18">
         <path>C:\Users\matty\OneDrive\Desktop\Embedded\CSS_lib\simplelink_msp432p4_sdk_3_40_01_02\source\ti\devices\msp432p4xx\driverlib\ccs\</path>
         <kind>archive</kind>
         <file>msp432p4xx_driverlib.lib</file>
         <name>sysctl_a.o</name>
      </input_file>
      <input_file id="fl-19">
         <path>C:\Users\matty\OneDrive\Desktop\Embedded\CSS_lib\simplelink_msp432p4_sdk_3_40_01_02\source\ti\devices\msp432p4xx\driverlib\ccs\</path>
         <kind>archive</kind>
         <file>msp432p4xx_driverlib.lib</file>
         <name>timer_a.o</name>
      </input_file>
      <input_file id="fl-1a">
         <path>C:\Users\matty\OneDrive\Desktop\Embedded\CSS_lib\simplelink_msp432p4_sdk_3_40_01_02\source\ti\devices\msp432p4xx\driverlib\ccs\</path>
         <kind>archive</kind>
         <file>msp432p4xx_driverlib.lib</file>
         <name>wdt_a.o</name>
      </input_file>
      <input_file id="fl-1b">
         <path>C:\Users\matty\OneDrive\Desktop\Embedded\CSS_lib\simplelink_msp432p4_sdk_3_40_01_02\source\ti\devices\msp432p4xx\driverlib\ccs\</path>
         <kind>archive</kind>
         <file>msp432p4xx_driverlib.lib</file>
         <name>cpu.o</name>
      </input_file>
      <input_file id="fl-1c">
         <path>C:\Users\matty\OneDrive\Desktop\Embedded\CSS_lib\simplelink_msp432p4_sdk_3_40_01_02\source\ti\grlib\lib\ccs\m4\</path>
         <kind>archive</kind>
         <file>grlib.a</file>
         <name>context.obj</name>
      </input_file>
      <input_file id="fl-1d">
         <path>C:\Users\matty\OneDrive\Desktop\Embedded\CSS_lib\simplelink_msp432p4_sdk_3_40_01_02\source\ti\grlib\lib\ccs\m4\</path>
         <kind>archive</kind>
         <file>grlib.a</file>
         <name>display.obj</name>
      </input_file>
      <input_file id="fl-1e">
         <path>C:\Users\matty\OneDrive\Desktop\Embedded\CSS_lib\simplelink_msp432p4_sdk_3_40_01_02\source\ti\grlib\lib\ccs\m4\</path>
         <kind>archive</kind>
         <file>grlib.a</file>
         <name>fontfixed6x8.obj</name>
      </input_file>
      <input_file id="fl-1f">
         <path>C:\Users\matty\OneDrive\Desktop\Embedded\CSS_lib\simplelink_msp432p4_sdk_3_40_01_02\source\ti\grlib\lib\ccs\m4\</path>
         <kind>archive</kind>
         <file>grlib.a</file>
         <name>string.obj</name>
      </input_file>
      <input_file id="fl-20">
         <path>C:\Users\matty\OneDrive\Desktop\Embedded\CSS_lib\simplelink_msp432p4_sdk_3_40_01_02\source\ti\grlib\lib\ccs\m4\</path>
         <kind>archive</kind>
         <file>grlib.a</file>
         <name>line.obj</name>
      </input_file>
      <input_file id="fl-d7">
         <path>C:\ti\ccs1280\ccs\tools\compiler\ti-cgt-arm_20.2.7.LTS\lib\</path>
         <kind>archive</kind>
         <file>rtsv7M4_T_le_v4SPD16_eabi.lib</file>
         <name>e_pow.c.obj</name>
      </input_file>
      <input_file id="fl-d8">
         <path>C:\ti\ccs1280\ccs\tools\compiler\ti-cgt-arm_20.2.7.LTS\lib\</path>
         <kind>archive</kind>
         <file>rtsv7M4_T_le_v4SPD16_eabi.lib</file>
         <name>e_sqrt.c.obj</name>
      </input_file>
      <input_file id="fl-d9">
         <path>C:\ti\ccs1280\ccs\tools\compiler\ti-cgt-arm_20.2.7.LTS\lib\</path>
         <kind>archive</kind>
         <file>rtsv7M4_T_le_v4SPD16_eabi.lib</file>
         <name>s_scalbn.c.obj</name>
      </input_file>
      <input_file id="fl-da">
         <path>C:\ti\ccs1280\ccs\tools\compiler\ti-cgt-arm_20.2.7.LTS\lib\</path>
         <kind>archive</kind>
         <file>rtsv7M4_T_le_v4SPD16_eabi.lib</file>
         <name>printf.c.obj</name>
      </input_file>
      <input_file id="fl-db">
         <path>C:\ti\ccs1280\ccs\tools\compiler\ti-cgt-arm_20.2.7.LTS\lib\</path>
         <kind>archive</kind>
         <file>rtsv7M4_T_le_v4SPD16_eabi.lib</file>
         <name>_printfi.c.obj</name>
      </input_file>
      <input_file id="fl-dc">
         <path>C:\ti\ccs1280\ccs\tools\compiler\ti-cgt-arm_20.2.7.LTS\lib\</path>
         <kind>archive</kind>
         <file>rtsv7M4_T_le_v4SPD16_eabi.lib</file>
         <name>sprintf.c.obj</name>
      </input_file>
      <input_file id="fl-dd">
         <path>C:\ti\ccs1280\ccs\tools\compiler\ti-cgt-arm_20.2.7.LTS\lib\</path>
         <kind>archive</kind>
         <file>rtsv7M4_T_le_v4SPD16_eabi.lib</file>
         <name>fputc.c.obj</name>
      </input_file>
      <input_file id="fl-de">
         <path>C:\ti\ccs1280\ccs\tools\compiler\ti-cgt-arm_20.2.7.LTS\lib\</path>
         <kind>archive</kind>
         <file>rtsv7M4_T_le_v4SPD16_eabi.lib</file>
         <name>fputs.c.obj</name>
      </input_file>
      <input_file id="fl-df">
         <path>C:\ti\ccs1280\ccs\tools\compiler\ti-cgt-arm_20.2.7.LTS\lib\</path>
         <kind>archive</kind>
         <file>rtsv7M4_T_le_v4SPD16_eabi.lib</file>
         <name>_io_perm.c.obj</name>
      </input_file>
      <input_file id="fl-e0">
         <path>C:\ti\ccs1280\ccs\tools\compiler\ti-cgt-arm_20.2.7.LTS\lib\</path>
         <kind>archive</kind>
         <file>rtsv7M4_T_le_v4SPD16_eabi.lib</file>
         <name>setvbuf.c.obj</name>
      </input_file>
      <input_file id="fl-e1">
         <path>C:\ti\ccs1280\ccs\tools\compiler\ti-cgt-arm_20.2.7.LTS\lib\</path>
         <kind>archive</kind>
         <file>rtsv7M4_T_le_v4SPD16_eabi.lib</file>
         <name>fd_add_t2.asm.obj</name>
      </input_file>
      <input_file id="fl-e2">
         <path>C:\ti\ccs1280\ccs\tools\compiler\ti-cgt-arm_20.2.7.LTS\lib\</path>
         <kind>archive</kind>
         <file>rtsv7M4_T_le_v4SPD16_eabi.lib</file>
         <name>fd_cmp_t2.asm.obj</name>
      </input_file>
      <input_file id="fl-e3">
         <path>C:\ti\ccs1280\ccs\tools\compiler\ti-cgt-arm_20.2.7.LTS\lib\</path>
         <kind>archive</kind>
         <file>rtsv7M4_T_le_v4SPD16_eabi.lib</file>
         <name>fd_div_t2.asm.obj</name>
      </input_file>
      <input_file id="fl-e4">
         <path>C:\ti\ccs1280\ccs\tools\compiler\ti-cgt-arm_20.2.7.LTS\lib\</path>
         <kind>archive</kind>
         <file>rtsv7M4_T_le_v4SPD16_eabi.lib</file>
         <name>fd_mul_t2.asm.obj</name>
      </input_file>
      <input_file id="fl-e5">
         <path>C:\ti\ccs1280\ccs\tools\compiler\ti-cgt-arm_20.2.7.LTS\lib\</path>
         <kind>archive</kind>
         <file>rtsv7M4_T_le_v4SPD16_eabi.lib</file>
         <name>fd_toi_t2.asm.obj</name>
      </input_file>
      <input_file id="fl-e6">
         <path>C:\ti\ccs1280\ccs\tools\compiler\ti-cgt-arm_20.2.7.LTS\lib\</path>
         <kind>archive</kind>
         <file>rtsv7M4_T_le_v4SPD16_eabi.lib</file>
         <name>fd_tos_t2.asm.obj</name>
      </input_file>
      <input_file id="fl-e7">
         <path>C:\ti\ccs1280\ccs\tools\compiler\ti-cgt-arm_20.2.7.LTS\lib\</path>
         <kind>archive</kind>
         <file>rtsv7M4_T_le_v4SPD16_eabi.lib</file>
         <name>fs_tod_t2.asm.obj</name>
      </input_file>
      <input_file id="fl-e8">
         <path>C:\ti\ccs1280\ccs\tools\compiler\ti-cgt-arm_20.2.7.LTS\lib\</path>
         <kind>archive</kind>
         <file>rtsv7M4_T_le_v4SPD16_eabi.lib</file>
         <name>i_tofd_t2.asm.obj</name>
      </input_file>
      <input_file id="fl-e9">
         <path>C:\ti\ccs1280\ccs\tools\compiler\ti-cgt-arm_20.2.7.LTS\lib\</path>
         <kind>archive</kind>
         <file>rtsv7M4_T_le_v4SPD16_eabi.lib</file>
         <name>memcpy_t2.asm.obj</name>
      </input_file>
      <input_file id="fl-ea">
         <path>C:\ti\ccs1280\ccs\tools\compiler\ti-cgt-arm_20.2.7.LTS\lib\</path>
         <kind>archive</kind>
         <file>rtsv7M4_T_le_v4SPD16_eabi.lib</file>
         <name>memset_t2.asm.obj</name>
      </input_file>
      <input_file id="fl-eb">
         <path>C:\ti\ccs1280\ccs\tools\compiler\ti-cgt-arm_20.2.7.LTS\lib\</path>
         <kind>archive</kind>
         <file>rtsv7M4_T_le_v4SPD16_eabi.lib</file>
         <name>ull_div_t2.asm.obj</name>
      </input_file>
      <input_file id="fl-ec">
         <path>C:\ti\ccs1280\ccs\tools\compiler\ti-cgt-arm_20.2.7.LTS\lib\</path>
         <kind>archive</kind>
         <file>rtsv7M4_T_le_v4SPD16_eabi.lib</file>
         <name>copy_zero_init.c.obj</name>
      </input_file>
      <input_file id="fl-ed">
         <path>C:\ti\ccs1280\ccs\tools\compiler\ti-cgt-arm_20.2.7.LTS\lib\</path>
         <kind>archive</kind>
         <file>rtsv7M4_T_le_v4SPD16_eabi.lib</file>
         <name>copy_decompress_none.c.obj</name>
      </input_file>
      <input_file id="fl-ee">
         <path>C:\ti\ccs1280\ccs\tools\compiler\ti-cgt-arm_20.2.7.LTS\lib\</path>
         <kind>archive</kind>
         <file>rtsv7M4_T_le_v4SPD16_eabi.lib</file>
         <name>copy_decompress_lzss.c.obj</name>
      </input_file>
      <input_file id="fl-ef">
         <path>C:\ti\ccs1280\ccs\tools\compiler\ti-cgt-arm_20.2.7.LTS\lib\</path>
         <kind>archive</kind>
         <file>rtsv7M4_T_le_v4SPD16_eabi.lib</file>
         <name>exit.c.obj</name>
      </input_file>
      <input_file id="fl-f0">
         <path>C:\ti\ccs1280\ccs\tools\compiler\ti-cgt-arm_20.2.7.LTS\lib\</path>
         <kind>archive</kind>
         <file>rtsv7M4_T_le_v4SPD16_eabi.lib</file>
         <name>_lock.c.obj</name>
      </input_file>
      <input_file id="fl-f1">
         <path>C:\ti\ccs1280\ccs\tools\compiler\ti-cgt-arm_20.2.7.LTS\lib\</path>
         <kind>archive</kind>
         <file>rtsv7M4_T_le_v4SPD16_eabi.lib</file>
         <name>_ltoa.c.obj</name>
      </input_file>
      <input_file id="fl-f2">
         <path>C:\ti\ccs1280\ccs\tools\compiler\ti-cgt-arm_20.2.7.LTS\lib\</path>
         <kind>archive</kind>
         <file>rtsv7M4_T_le_v4SPD16_eabi.lib</file>
         <name>atoi.c.obj</name>
      </input_file>
      <input_file id="fl-f3">
         <path>C:\ti\ccs1280\ccs\tools\compiler\ti-cgt-arm_20.2.7.LTS\lib\</path>
         <kind>archive</kind>
         <file>rtsv7M4_T_le_v4SPD16_eabi.lib</file>
         <name>ctype.c.obj</name>
      </input_file>
      <input_file id="fl-f4">
         <path>C:\ti\ccs1280\ccs\tools\compiler\ti-cgt-arm_20.2.7.LTS\lib\</path>
         <kind>archive</kind>
         <file>rtsv7M4_T_le_v4SPD16_eabi.lib</file>
         <name>defs.c.obj</name>
      </input_file>
      <input_file id="fl-f5">
         <path>C:\ti\ccs1280\ccs\tools\compiler\ti-cgt-arm_20.2.7.LTS\lib\</path>
         <kind>archive</kind>
         <file>rtsv7M4_T_le_v4SPD16_eabi.lib</file>
         <name>memccpy.c.obj</name>
      </input_file>
      <input_file id="fl-f6">
         <path>C:\ti\ccs1280\ccs\tools\compiler\ti-cgt-arm_20.2.7.LTS\lib\</path>
         <kind>archive</kind>
         <file>rtsv7M4_T_le_v4SPD16_eabi.lib</file>
         <name>memchr.c.obj</name>
      </input_file>
      <input_file id="fl-f7">
         <path>C:\ti\ccs1280\ccs\tools\compiler\ti-cgt-arm_20.2.7.LTS\lib\</path>
         <kind>archive</kind>
         <file>rtsv7M4_T_le_v4SPD16_eabi.lib</file>
         <name>memory.c.obj</name>
      </input_file>
      <input_file id="fl-f8">
         <path>C:\ti\ccs1280\ccs\tools\compiler\ti-cgt-arm_20.2.7.LTS\lib\</path>
         <kind>archive</kind>
         <file>rtsv7M4_T_le_v4SPD16_eabi.lib</file>
         <name>strchr.c.obj</name>
      </input_file>
      <input_file id="fl-f9">
         <path>C:\ti\ccs1280\ccs\tools\compiler\ti-cgt-arm_20.2.7.LTS\lib\</path>
         <kind>archive</kind>
         <file>rtsv7M4_T_le_v4SPD16_eabi.lib</file>
         <name>strlen.c.obj</name>
      </input_file>
      <input_file id="fl-fa">
         <path>C:\ti\ccs1280\ccs\tools\compiler\ti-cgt-arm_20.2.7.LTS\lib\</path>
         <kind>archive</kind>
         <file>rtsv7M4_T_le_v4SPD16_eabi.lib</file>
         <name>boot_cortex_m.c.obj</name>
      </input_file>
      <input_file id="fl-fb">
         <path>C:\ti\ccs1280\ccs\tools\compiler\ti-cgt-arm_20.2.7.LTS\lib\</path>
         <kind>archive</kind>
         <file>rtsv7M4_T_le_v4SPD16_eabi.lib</file>
         <name>write.c.obj</name>
      </input_file>
      <input_file id="fl-fc">
         <path>C:\ti\ccs1280\ccs\tools\compiler\ti-cgt-arm_20.2.7.LTS\lib\</path>
         <kind>archive</kind>
         <file>rtsv7M4_T_le_v4SPD16_eabi.lib</file>
         <name>host_device.c.obj</name>
      </input_file>
      <input_file id="fl-fd">
         <path>C:\ti\ccs1280\ccs\tools\compiler\ti-cgt-arm_20.2.7.LTS\lib\</path>
         <kind>archive</kind>
         <file>rtsv7M4_T_le_v4SPD16_eabi.lib</file>
         <name>errno.c.obj</name>
      </input_file>
      <input_file id="fl-fe">
         <path>C:\ti\ccs1280\ccs\tools\compiler\ti-cgt-arm_20.2.7.LTS\lib\</path>
         <kind>archive</kind>
         <file>rtsv7M4_T_le_v4SPD16_eabi.lib</file>
         <name>wcslen.c.obj</name>
      </input_file>
      <input_file id="fl-ff">
         <path>C:\ti\ccs1280\ccs\tools\compiler\ti-cgt-arm_20.2.7.LTS\lib\</path>
         <kind>archive</kind>
         <file>rtsv7M4_T_le_v4SPD16_eabi.lib</file>
         <name>s_copysign.c.obj</name>
      </input_file>
      <input_file id="fl-100">
         <path>C:\ti\ccs1280\ccs\tools\compiler\ti-cgt-arm_20.2.7.LTS\lib\</path>
         <kind>archive</kind>
         <file>rtsv7M4_T_le_v4SPD16_eabi.lib</file>
         <name>s_frexp.c.obj</name>
      </input_file>
      <input_file id="fl-101">
         <path>C:\ti\ccs1280\ccs\tools\compiler\ti-cgt-arm_20.2.7.LTS\lib\</path>
         <kind>archive</kind>
         <file>rtsv7M4_T_le_v4SPD16_eabi.lib</file>
         <name>fflush.c.obj</name>
      </input_file>
      <input_file id="fl-102">
         <path>C:\ti\ccs1280\ccs\tools\compiler\ti-cgt-arm_20.2.7.LTS\lib\</path>
         <kind>archive</kind>
         <file>rtsv7M4_T_le_v4SPD16_eabi.lib</file>
         <name>fopen.c.obj</name>
      </input_file>
      <input_file id="fl-103">
         <path>C:\ti\ccs1280\ccs\tools\compiler\ti-cgt-arm_20.2.7.LTS\lib\</path>
         <kind>archive</kind>
         <file>rtsv7M4_T_le_v4SPD16_eabi.lib</file>
         <name>fseek.c.obj</name>
      </input_file>
      <input_file id="fl-104">
         <path>C:\ti\ccs1280\ccs\tools\compiler\ti-cgt-arm_20.2.7.LTS\lib\</path>
         <kind>archive</kind>
         <file>rtsv7M4_T_le_v4SPD16_eabi.lib</file>
         <name>div0.asm.obj</name>
      </input_file>
      <input_file id="fl-105">
         <path>C:\ti\ccs1280\ccs\tools\compiler\ti-cgt-arm_20.2.7.LTS\lib\</path>
         <kind>archive</kind>
         <file>rtsv7M4_T_le_v4SPD16_eabi.lib</file>
         <name>autoinit.c.obj</name>
      </input_file>
      <input_file id="fl-106">
         <path>C:\ti\ccs1280\ccs\tools\compiler\ti-cgt-arm_20.2.7.LTS\lib\</path>
         <kind>archive</kind>
         <file>rtsv7M4_T_le_v4SPD16_eabi.lib</file>
         <name>pre_init.c.obj</name>
      </input_file>
      <input_file id="fl-107">
         <path>C:\ti\ccs1280\ccs\tools\compiler\ti-cgt-arm_20.2.7.LTS\lib\</path>
         <kind>archive</kind>
         <file>rtsv7M4_T_le_v4SPD16_eabi.lib</file>
         <name>cpy_tbl.c.obj</name>
      </input_file>
      <input_file id="fl-108">
         <path>C:\ti\ccs1280\ccs\tools\compiler\ti-cgt-arm_20.2.7.LTS\lib\</path>
         <kind>archive</kind>
         <file>rtsv7M4_T_le_v4SPD16_eabi.lib</file>
         <name>args_main.c.obj</name>
      </input_file>
      <input_file id="fl-109">
         <path>C:\ti\ccs1280\ccs\tools\compiler\ti-cgt-arm_20.2.7.LTS\lib\</path>
         <kind>archive</kind>
         <file>rtsv7M4_T_le_v4SPD16_eabi.lib</file>
         <name>hostclose.c.obj</name>
      </input_file>
      <input_file id="fl-10a">
         <path>C:\ti\ccs1280\ccs\tools\compiler\ti-cgt-arm_20.2.7.LTS\lib\</path>
         <kind>archive</kind>
         <file>rtsv7M4_T_le_v4SPD16_eabi.lib</file>
         <name>hostlseek.c.obj</name>
      </input_file>
      <input_file id="fl-10b">
         <path>C:\ti\ccs1280\ccs\tools\compiler\ti-cgt-arm_20.2.7.LTS\lib\</path>
         <kind>archive</kind>
         <file>rtsv7M4_T_le_v4SPD16_eabi.lib</file>
         <name>hostopen.c.obj</name>
      </input_file>
      <input_file id="fl-10c">
         <path>C:\ti\ccs1280\ccs\tools\compiler\ti-cgt-arm_20.2.7.LTS\lib\</path>
         <kind>archive</kind>
         <file>rtsv7M4_T_le_v4SPD16_eabi.lib</file>
         <name>hostread.c.obj</name>
      </input_file>
      <input_file id="fl-10d">
         <path>C:\ti\ccs1280\ccs\tools\compiler\ti-cgt-arm_20.2.7.LTS\lib\</path>
         <kind>archive</kind>
         <file>rtsv7M4_T_le_v4SPD16_eabi.lib</file>
         <name>hostrename.c.obj</name>
      </input_file>
      <input_file id="fl-10e">
         <path>C:\ti\ccs1280\ccs\tools\compiler\ti-cgt-arm_20.2.7.LTS\lib\</path>
         <kind>archive</kind>
         <file>rtsv7M4_T_le_v4SPD16_eabi.lib</file>
         <name>hostunlink.c.obj</name>
      </input_file>
      <input_file id="fl-10f">
         <path>C:\ti\ccs1280\ccs\tools\compiler\ti-cgt-arm_20.2.7.LTS\lib\</path>
         <kind>archive</kind>
         <file>rtsv7M4_T_le_v4SPD16_eabi.lib</file>
         <name>hostwrite.c.obj</name>
      </input_file>
      <input_file id="fl-110">
         <path>C:\ti\ccs1280\ccs\tools\compiler\ti-cgt-arm_20.2.7.LTS\lib\</path>
         <kind>archive</kind>
         <file>rtsv7M4_T_le_v4SPD16_eabi.lib</file>
         <name>trgmsg.c.obj</name>
      </input_file>
      <input_file id="fl-111">
         <path>C:\ti\ccs1280\ccs\tools\compiler\ti-cgt-arm_20.2.7.LTS\lib\</path>
         <kind>archive</kind>
         <file>rtsv7M4_T_le_v4SPD16_eabi.lib</file>
         <name>open.c.obj</name>
      </input_file>
      <input_file id="fl-112">
         <path>C:\ti\ccs1280\ccs\tools\compiler\ti-cgt-arm_20.2.7.LTS\lib\</path>
         <kind>archive</kind>
         <file>rtsv7M4_T_le_v4SPD16_eabi.lib</file>
         <name>lseek.c.obj</name>
      </input_file>
      <input_file id="fl-113">
         <path>C:\ti\ccs1280\ccs\tools\compiler\ti-cgt-arm_20.2.7.LTS\lib\</path>
         <kind>archive</kind>
         <file>rtsv7M4_T_le_v4SPD16_eabi.lib</file>
         <name>fclose.c.obj</name>
      </input_file>
      <input_file id="fl-114">
         <path>C:\ti\ccs1280\ccs\tools\compiler\ti-cgt-arm_20.2.7.LTS\lib\</path>
         <kind>archive</kind>
         <file>rtsv7M4_T_le_v4SPD16_eabi.lib</file>
         <name>getdevice.c.obj</name>
      </input_file>
      <input_file id="fl-115">
         <path>C:\ti\ccs1280\ccs\tools\compiler\ti-cgt-arm_20.2.7.LTS\lib\</path>
         <kind>archive</kind>
         <file>rtsv7M4_T_le_v4SPD16_eabi.lib</file>
         <name>strcmp.c.obj</name>
      </input_file>
      <input_file id="fl-116">
         <path>C:\ti\ccs1280\ccs\tools\compiler\ti-cgt-arm_20.2.7.LTS\lib\</path>
         <kind>archive</kind>
         <file>rtsv7M4_T_le_v4SPD16_eabi.lib</file>
         <name>strcpy.c.obj</name>
      </input_file>
      <input_file id="fl-117">
         <path>C:\ti\ccs1280\ccs\tools\compiler\ti-cgt-arm_20.2.7.LTS\lib\</path>
         <kind>archive</kind>
         <file>rtsv7M4_T_le_v4SPD16_eabi.lib</file>
         <name>strncpy.c.obj</name>
      </input_file>
      <input_file id="fl-118">
         <path>C:\ti\ccs1280\ccs\tools\compiler\ti-cgt-arm_20.2.7.LTS\lib\</path>
         <kind>archive</kind>
         <file>rtsv7M4_T_le_v4SPD16_eabi.lib</file>
         <name>remove.c.obj</name>
      </input_file>
      <input_file id="fl-119">
         <path>C:\ti\ccs1280\ccs\tools\compiler\ti-cgt-arm_20.2.7.LTS\lib\</path>
         <kind>archive</kind>
         <file>rtsv7M4_T_le_v4SPD16_eabi.lib</file>
         <name>close.c.obj</name>
      </input_file>
      <input_file id="fl-11a">
         <path>C:\ti\ccs1280\ccs\tools\compiler\ti-cgt-arm_20.2.7.LTS\lib\</path>
         <kind>archive</kind>
         <file>rtsv7M4_T_le_v4SPD16_eabi.lib</file>
         <name>unlink.c.obj</name>
      </input_file>
   </input_file_list>
   <object_component_list>
      <object_component id="oc-26">
         <name>.intvecs:retain</name>
         <load_address>0x0</load_address>
         <run_address>0x0</run_address>
         <size>0xe4</size>
         <input_file_ref idref="fl-6"/>
      </object_component>
      <object_component id="oc-359">
         <name>.text:__TI_printfi</name>
         <load_address>0xe4</load_address>
         <run_address>0xe4</run_address>
         <size>0xa4e</size>
         <input_file_ref idref="fl-db"/>
      </object_component>
      <object_component id="oc-4cc">
         <name>.text:_nop</name>
         <load_address>0xb32</load_address>
         <run_address>0xb32</run_address>
         <size>0x2</size>
         <input_file_ref idref="fl-f0"/>
      </object_component>
      <object_component id="oc-327">
         <name>.text:pow</name>
         <load_address>0xb34</load_address>
         <run_address>0xb34</run_address>
         <size>0x9d0</size>
         <input_file_ref idref="fl-d7"/>
      </object_component>
      <object_component id="oc-70">
         <name>.text</name>
         <load_address>0x1504</load_address>
         <run_address>0x1504</run_address>
         <size>0x82c</size>
         <input_file_ref idref="fl-5"/>
      </object_component>
      <object_component id="oc-119">
         <name>.text</name>
         <load_address>0x1d30</load_address>
         <run_address>0x1d30</run_address>
         <size>0x680</size>
         <input_file_ref idref="fl-8"/>
      </object_component>
      <object_component id="oc-249">
         <name>.text:Graphics_drawString</name>
         <load_address>0x23b0</load_address>
         <run_address>0x23b0</run_address>
         <size>0x47e</size>
         <input_file_ref idref="fl-1f"/>
      </object_component>
      <object_component id="oc-62c">
         <name>.text</name>
         <load_address>0x282e</load_address>
         <run_address>0x282e</run_address>
         <size>0x2</size>
         <input_file_ref idref="fl-104"/>
      </object_component>
      <object_component id="oc-13d">
         <name>.text</name>
         <load_address>0x2830</load_address>
         <run_address>0x2830</run_address>
         <size>0x408</size>
         <input_file_ref idref="fl-4"/>
      </object_component>
      <object_component id="oc-ac">
         <name>.text</name>
         <load_address>0x2c38</load_address>
         <run_address>0x2c38</run_address>
         <size>0x334</size>
         <input_file_ref idref="fl-7"/>
      </object_component>
      <object_component id="oc-3f9">
         <name>.text:__PCM_setPowerStateAdvanced</name>
         <load_address>0x2f6c</load_address>
         <run_address>0x2f6c</run_address>
         <size>0x28a</size>
         <input_file_ref idref="fl-14"/>
      </object_component>
      <object_component id="oc-4a6">
         <name>.text:_pconv_a</name>
         <load_address>0x31f8</load_address>
         <run_address>0x31f8</run_address>
         <size>0x270</size>
         <input_file_ref idref="fl-db"/>
      </object_component>
      <object_component id="oc-494">
         <name>.text:_pconv_g</name>
         <load_address>0x3468</load_address>
         <run_address>0x3468</run_address>
         <size>0x1d0</size>
         <input_file_ref idref="fl-db"/>
      </object_component>
      <object_component id="oc-177">
         <name>.text</name>
         <load_address>0x3638</load_address>
         <run_address>0x3638</run_address>
         <size>0x1b6</size>
         <input_file_ref idref="fl-e1"/>
      </object_component>
      <object_component id="oc-3f1">
         <name>.text:__PCM_setPowerModeAdvanced</name>
         <load_address>0x37f0</load_address>
         <run_address>0x37f0</run_address>
         <size>0x15c</size>
         <input_file_ref idref="fl-14"/>
      </object_component>
      <object_component id="oc-451">
         <name>.text:sqrt</name>
         <load_address>0x394c</load_address>
         <run_address>0x394c</run_address>
         <size>0x158</size>
         <input_file_ref idref="fl-d8"/>
      </object_component>
      <object_component id="oc-275">
         <name>.text:privateTimer_AProcessClockSourceDivider</name>
         <load_address>0x3aa4</load_address>
         <run_address>0x3aa4</run_address>
         <size>0x144</size>
         <input_file_ref idref="fl-19"/>
      </object_component>
      <object_component id="oc-143">
         <name>.text</name>
         <load_address>0x3be8</load_address>
         <run_address>0x3be8</run_address>
         <size>0x13c</size>
         <input_file_ref idref="fl-3"/>
      </object_component>
      <object_component id="oc-4a0">
         <name>.text:_pconv_e</name>
         <load_address>0x3d24</load_address>
         <run_address>0x3d24</run_address>
         <size>0x13c</size>
         <input_file_ref idref="fl-db"/>
      </object_component>
      <object_component id="oc-32d">
         <name>.text</name>
         <load_address>0x3e60</load_address>
         <run_address>0x3e60</run_address>
         <size>0x136</size>
         <input_file_ref idref="fl-e3"/>
      </object_component>
      <object_component id="oc-107">
         <name>.text:CS_initClockSignal</name>
         <load_address>0x3f98</load_address>
         <run_address>0x3f98</run_address>
         <size>0x130</size>
         <input_file_ref idref="fl-f"/>
      </object_component>
      <object_component id="oc-596">
         <name>.text:fcvt</name>
         <load_address>0x40c8</load_address>
         <run_address>0x40c8</run_address>
         <size>0x124</size>
         <input_file_ref idref="fl-db"/>
      </object_component>
      <object_component id="oc-137">
         <name>.text</name>
         <load_address>0x41ec</load_address>
         <run_address>0x41ec</run_address>
         <size>0x118</size>
         <input_file_ref idref="fl-2"/>
      </object_component>
      <object_component id="oc-4da">
         <name>.text:fputs</name>
         <load_address>0x4304</load_address>
         <run_address>0x4304</run_address>
         <size>0x114</size>
         <input_file_ref idref="fl-de"/>
      </object_component>
      <object_component id="oc-46a">
         <name>.text:scalbn</name>
         <load_address>0x4418</load_address>
         <run_address>0x4418</run_address>
         <size>0x110</size>
         <input_file_ref idref="fl-d9"/>
      </object_component>
      <object_component id="oc-28a">
         <name>.text:__PCM_setCoreVoltageLevelAdvanced</name>
         <load_address>0x4528</load_address>
         <run_address>0x4528</run_address>
         <size>0x108</size>
         <input_file_ref idref="fl-14"/>
      </object_component>
      <object_component id="oc-6ba">
         <name>.text:aligned_alloc</name>
         <load_address>0x4630</load_address>
         <run_address>0x4630</run_address>
         <size>0x100</size>
         <input_file_ref idref="fl-f7"/>
      </object_component>
      <object_component id="oc-17c">
         <name>.text</name>
         <load_address>0x4730</load_address>
         <run_address>0x4730</run_address>
         <size>0xfc</size>
         <input_file_ref idref="fl-e4"/>
      </object_component>
      <object_component id="oc-243">
         <name>.text:Graphics_getStringWidth</name>
         <load_address>0x482c</load_address>
         <run_address>0x482c</run_address>
         <size>0xfa</size>
         <input_file_ref idref="fl-1f"/>
      </object_component>
      <object_component id="oc-678">
         <name>.text:free</name>
         <load_address>0x4928</load_address>
         <run_address>0x4928</run_address>
         <size>0xe4</size>
         <input_file_ref idref="fl-f7"/>
      </object_component>
      <object_component id="oc-651">
         <name>.text:setvbuf</name>
         <load_address>0x4a0c</load_address>
         <run_address>0x4a0c</run_address>
         <size>0xdc</size>
         <input_file_ref idref="fl-e0"/>
      </object_component>
      <object_component id="oc-29c">
         <name>.text</name>
         <load_address>0x4ae8</load_address>
         <run_address>0x4ae8</run_address>
         <size>0xcc</size>
         <input_file_ref idref="fl-9"/>
      </object_component>
      <object_component id="oc-48e">
         <name>.text:_ltostr</name>
         <load_address>0x4bb4</load_address>
         <run_address>0x4bb4</run_address>
         <size>0xb1</size>
         <input_file_ref idref="fl-db"/>
      </object_component>
      <object_component id="oc-41e">
         <name>.text:SPI_initMaster</name>
         <load_address>0x4c66</load_address>
         <run_address>0x4c66</run_address>
         <size>0xb0</size>
         <input_file_ref idref="fl-16"/>
      </object_component>
      <object_component id="oc-3dd">
         <name>.text:Graphics_drawLineH</name>
         <load_address>0x4d16</load_address>
         <run_address>0x4d16</run_address>
         <size>0x9c</size>
         <input_file_ref idref="fl-20"/>
      </object_component>
      <object_component id="oc-3a">
         <name>.text</name>
         <load_address>0x4db2</load_address>
         <run_address>0x4db2</run_address>
         <size>0x9c</size>
         <input_file_ref idref="fl-e9"/>
      </object_component>
      <object_component id="oc-578">
         <name>.text</name>
         <load_address>0x4e4e</load_address>
         <run_address>0x4e4e</run_address>
         <size>0x96</size>
         <input_file_ref idref="fl-eb"/>
      </object_component>
      <object_component id="oc-4e1">
         <name>.text:fputc</name>
         <load_address>0x4ee4</load_address>
         <run_address>0x4ee4</run_address>
         <size>0x8c</size>
         <input_file_ref idref="fl-dd"/>
      </object_component>
      <object_component id="oc-15b">
         <name>.text:GPIO_setAsPeripheralModuleFunctionOutputPin</name>
         <load_address>0x4f70</load_address>
         <run_address>0x4f70</run_address>
         <size>0x88</size>
         <input_file_ref idref="fl-11"/>
      </object_component>
      <object_component id="oc-460">
         <name>.text:__aeabi_cdcmple</name>
         <load_address>0x4ff8</load_address>
         <run_address>0x4ff8</run_address>
         <size>0x86</size>
         <input_file_ref idref="fl-e2"/>
      </object_component>
      <object_component id="oc-465">
         <name>.text:__aeabi_cdrcmple</name>
         <load_address>0x507e</load_address>
         <run_address>0x507e</run_address>
         <size>0x86</size>
         <input_file_ref idref="fl-e2"/>
      </object_component>
      <object_component id="oc-d1">
         <name>.text:PCM_gotoLPM3</name>
         <load_address>0x5104</load_address>
         <run_address>0x5104</run_address>
         <size>0x84</size>
         <input_file_ref idref="fl-14"/>
      </object_component>
      <object_component id="oc-dd">
         <name>.text:Interrupt_enableInterrupt</name>
         <load_address>0x5188</load_address>
         <run_address>0x5188</run_address>
         <size>0x80</size>
         <input_file_ref idref="fl-13"/>
      </object_component>
      <object_component id="oc-94">
         <name>.text</name>
         <load_address>0x5208</load_address>
         <run_address>0x5208</run_address>
         <size>0x7a</size>
         <input_file_ref idref="fl-ea"/>
      </object_component>
      <object_component id="oc-161">
         <name>.text:Timer_A_generatePWM</name>
         <load_address>0x5284</load_address>
         <run_address>0x5284</run_address>
         <size>0x74</size>
         <input_file_ref idref="fl-19"/>
      </object_component>
      <object_component id="oc-6c1">
         <name>.text:__TI_closefile</name>
         <load_address>0x52f8</load_address>
         <run_address>0x52f8</run_address>
         <size>0x74</size>
         <input_file_ref idref="fl-113"/>
      </object_component>
      <object_component id="oc-702">
         <name>.text:split</name>
         <load_address>0x536c</load_address>
         <run_address>0x536c</run_address>
         <size>0x70</size>
         <input_file_ref idref="fl-f7"/>
      </object_component>
      <object_component id="oc-58f">
         <name>.text:_mcpy</name>
         <load_address>0x53dc</load_address>
         <run_address>0x53dc</run_address>
         <size>0x6e</size>
         <input_file_ref idref="fl-db"/>
      </object_component>
      <object_component id="oc-16d">
         <name>.text</name>
         <load_address>0x544a</load_address>
         <run_address>0x544a</run_address>
         <size>0x6e</size>
         <input_file_ref idref="fl-e6"/>
      </object_component>
      <object_component id="oc-6f1">
         <name>.text:HOSTrename</name>
         <load_address>0x54b8</load_address>
         <run_address>0x54b8</run_address>
         <size>0x6c</size>
         <input_file_ref idref="fl-10d"/>
      </object_component>
      <object_component id="oc-312">
         <name>.text:I2C_masterSendMultiByteFinish</name>
         <load_address>0x5524</load_address>
         <run_address>0x5524</run_address>
         <size>0x6c</size>
         <input_file_ref idref="fl-12"/>
      </object_component>
      <object_component id="oc-6e5">
         <name>.text:HOSTlseek</name>
         <load_address>0x5590</load_address>
         <run_address>0x5590</run_address>
         <size>0x68</size>
         <input_file_ref idref="fl-10a"/>
      </object_component>
      <object_component id="oc-2e8">
         <name>.text:I2C_masterSendMultiByteStart</name>
         <load_address>0x55f8</load_address>
         <run_address>0x55f8</run_address>
         <size>0x68</size>
         <input_file_ref idref="fl-12"/>
      </object_component>
      <object_component id="oc-d7">
         <name>.text:Timer_A_configureUpMode</name>
         <load_address>0x5660</load_address>
         <run_address>0x5660</run_address>
         <size>0x68</size>
         <input_file_ref idref="fl-19"/>
      </object_component>
      <object_component id="oc-17">
         <name>.text:decompress:lzss:__TI_decompress_lzss</name>
         <load_address>0x56c8</load_address>
         <run_address>0x56c8</run_address>
         <size>0x68</size>
         <input_file_ref idref="fl-ee"/>
      </object_component>
      <object_component id="oc-1b4">
         <name>.text:printf</name>
         <load_address>0x5730</load_address>
         <run_address>0x5730</run_address>
         <size>0x68</size>
         <input_file_ref idref="fl-da"/>
      </object_component>
      <object_component id="oc-5a4">
         <name>.text:frexp</name>
         <load_address>0x5798</load_address>
         <run_address>0x5798</run_address>
         <size>0x64</size>
         <input_file_ref idref="fl-100"/>
      </object_component>
      <object_component id="oc-64b">
         <name>.text:fseek</name>
         <load_address>0x57fc</load_address>
         <run_address>0x57fc</run_address>
         <size>0x64</size>
         <input_file_ref idref="fl-103"/>
      </object_component>
      <object_component id="oc-2c4">
         <name>.text:I2C_initMaster</name>
         <load_address>0x5860</load_address>
         <run_address>0x5860</run_address>
         <size>0x62</size>
         <input_file_ref idref="fl-12"/>
      </object_component>
      <object_component id="oc-5d0">
         <name>.text:__TI_wrt_ok</name>
         <load_address>0x58c2</load_address>
         <run_address>0x58c2</run_address>
         <size>0x62</size>
         <input_file_ref idref="fl-df"/>
      </object_component>
      <object_component id="oc-6cd">
         <name>.text:HOSTopen</name>
         <load_address>0x5924</load_address>
         <run_address>0x5924</run_address>
         <size>0x60</size>
         <input_file_ref idref="fl-10b"/>
      </object_component>
      <object_component id="oc-416">
         <name>.text:PCM_getCoreVoltageLevel</name>
         <load_address>0x5984</load_address>
         <run_address>0x5984</run_address>
         <size>0x5e</size>
         <input_file_ref idref="fl-14"/>
      </object_component>
      <object_component id="oc-709">
         <name>.text:close</name>
         <load_address>0x59e4</load_address>
         <run_address>0x59e4</run_address>
         <size>0x5c</size>
         <input_file_ref idref="fl-119"/>
      </object_component>
      <object_component id="oc-256">
         <name>.text:PCM_getPowerMode</name>
         <load_address>0x5a40</load_address>
         <run_address>0x5a40</run_address>
         <size>0x5a</size>
         <input_file_ref idref="fl-14"/>
      </object_component>
      <object_component id="oc-149">
         <name>.text:GPIO_setAsInputPinWithPullDownResistor</name>
         <load_address>0x5a9c</load_address>
         <run_address>0x5a9c</run_address>
         <size>0x58</size>
         <input_file_ref idref="fl-11"/>
      </object_component>
      <object_component id="oc-10d">
         <name>.text:GPIO_setAsInputPinWithPullUpResistor</name>
         <load_address>0x5af4</load_address>
         <run_address>0x5af4</run_address>
         <size>0x58</size>
         <input_file_ref idref="fl-11"/>
      </object_component>
      <object_component id="oc-6d9">
         <name>.text:HOSTread</name>
         <load_address>0x5b4c</load_address>
         <run_address>0x5b4c</run_address>
         <size>0x58</size>
         <input_file_ref idref="fl-10c"/>
      </object_component>
      <object_component id="oc-6df">
         <name>.text:HOSTwrite</name>
         <load_address>0x5ba4</load_address>
         <run_address>0x5ba4</run_address>
         <size>0x58</size>
         <input_file_ref idref="fl-10f"/>
      </object_component>
      <object_component id="oc-49a">
         <name>.text:_pconv_f</name>
         <load_address>0x5bfc</load_address>
         <run_address>0x5bfc</run_address>
         <size>0x56</size>
         <input_file_ref idref="fl-db"/>
      </object_component>
      <object_component id="oc-529">
         <name>.text:PCM_shutdownDevice</name>
         <load_address>0x5c54</load_address>
         <run_address>0x5c54</run_address>
         <size>0x54</size>
         <input_file_ref idref="fl-14"/>
      </object_component>
      <object_component id="oc-583">
         <name>.text:__TI_ltoa</name>
         <load_address>0x5ca8</load_address>
         <run_address>0x5ca8</run_address>
         <size>0x54</size>
         <input_file_ref idref="fl-f1"/>
      </object_component>
      <object_component id="oc-11f">
         <name>.text:Graphics_initContext</name>
         <load_address>0x5cfc</load_address>
         <run_address>0x5cfc</run_address>
         <size>0x52</size>
         <input_file_ref idref="fl-1c"/>
      </object_component>
      <object_component id="oc-589">
         <name>.text:_ecpy</name>
         <load_address>0x5d4e</load_address>
         <run_address>0x5d4e</run_address>
         <size>0x52</size>
         <input_file_ref idref="fl-db"/>
      </object_component>
      <object_component id="oc-5dc">
         <name>.text:__TI_doflush</name>
         <load_address>0x5da0</load_address>
         <run_address>0x5da0</run_address>
         <size>0x4c</size>
         <input_file_ref idref="fl-101"/>
      </object_component>
      <object_component id="oc-488">
         <name>.text:atoi</name>
         <load_address>0x5dec</load_address>
         <run_address>0x5dec</run_address>
         <size>0x4c</size>
         <input_file_ref idref="fl-f2"/>
      </object_component>
      <object_component id="oc-fb">
         <name>.text:FlashCtl_setWaitState</name>
         <load_address>0x5e38</load_address>
         <run_address>0x5e38</run_address>
         <size>0x48</size>
         <input_file_ref idref="fl-10"/>
      </object_component>
      <object_component id="oc-bf">
         <name>.text:Graphics_drawStringCentered</name>
         <load_address>0x5e80</load_address>
         <run_address>0x5e80</run_address>
         <size>0x48</size>
         <input_file_ref idref="fl-1f"/>
      </object_component>
      <object_component id="oc-1f4">
         <name>.text:exit</name>
         <load_address>0x5ec8</load_address>
         <run_address>0x5ec8</run_address>
         <size>0x48</size>
         <input_file_ref idref="fl-ef"/>
      </object_component>
      <object_component id="oc-57e">
         <name>.text</name>
         <load_address>0x5f10</load_address>
         <run_address>0x5f10</run_address>
         <size>0x48</size>
         <input_file_ref idref="fl-e5"/>
      </object_component>
      <object_component id="oc-6d3">
         <name>.text:HOSTclose</name>
         <load_address>0x5f58</load_address>
         <run_address>0x5f58</run_address>
         <size>0x44</size>
         <input_file_ref idref="fl-109"/>
      </object_component>
      <object_component id="oc-6eb">
         <name>.text:HOSTunlink</name>
         <load_address>0x5f9c</load_address>
         <run_address>0x5f9c</run_address>
         <size>0x44</size>
         <input_file_ref idref="fl-10e"/>
      </object_component>
      <object_component id="oc-1fa">
         <name>.text:__TI_auto_init_nobinit_nopinit:__TI_auto_init_nobinit_nopinit</name>
         <load_address>0x5fe0</load_address>
         <run_address>0x5fe0</run_address>
         <size>0x44</size>
         <input_file_ref idref="fl-105"/>
      </object_component>
      <object_component id="oc-741">
         <name>.text:getdevice</name>
         <load_address>0x6024</load_address>
         <run_address>0x6024</run_address>
         <size>0x44</size>
         <input_file_ref idref="fl-114"/>
      </object_component>
      <object_component id="oc-14f">
         <name>.text:GPIO_setAsOutputPin</name>
         <load_address>0x6068</load_address>
         <run_address>0x6068</run_address>
         <size>0x40</size>
         <input_file_ref idref="fl-11"/>
      </object_component>
      <object_component id="oc-3d7">
         <name>.text:Graphics_getNumberOfLeadingZeros</name>
         <load_address>0x60a8</load_address>
         <run_address>0x60a8</run_address>
         <size>0x40</size>
         <input_file_ref idref="fl-1f"/>
      </object_component>
      <object_component id="oc-306">
         <name>.text:I2C_masterReceiveMultiByteFinish</name>
         <load_address>0x60e8</load_address>
         <run_address>0x60e8</run_address>
         <size>0x40</size>
         <input_file_ref idref="fl-12"/>
      </object_component>
      <object_component id="oc-533">
         <name>.text:is_A_Module</name>
         <load_address>0x6128</load_address>
         <run_address>0x6128</run_address>
         <size>0x40</size>
         <input_file_ref idref="fl-16"/>
      </object_component>
      <object_component id="oc-181">
         <name>.text:sprintf</name>
         <load_address>0x6168</load_address>
         <run_address>0x6168</run_address>
         <size>0x40</size>
         <input_file_ref idref="fl-dc"/>
      </object_component>
      <object_component id="oc-59c">
         <name>.text:_fcpy</name>
         <load_address>0x61a8</load_address>
         <run_address>0x61a8</run_address>
         <size>0x3e</size>
         <input_file_ref idref="fl-db"/>
      </object_component>
      <object_component id="oc-2f4">
         <name>.text:I2C_masterSendMultiByteStop</name>
         <load_address>0x61e8</load_address>
         <run_address>0x61e8</run_address>
         <size>0x38</size>
         <input_file_ref idref="fl-12"/>
      </object_component>
      <object_component id="oc-71a">
         <name>.text:__TI_writemsg</name>
         <load_address>0x6220</load_address>
         <run_address>0x6220</run_address>
         <size>0x38</size>
         <input_file_ref idref="fl-110"/>
      </object_component>
      <object_component id="oc-172">
         <name>.text</name>
         <load_address>0x6258</load_address>
         <run_address>0x6258</run_address>
         <size>0x38</size>
         <input_file_ref idref="fl-e7"/>
      </object_component>
      <object_component id="oc-511">
         <name>.text:Graphics_drawHorizontalLineOnDisplay</name>
         <load_address>0x6290</load_address>
         <run_address>0x6290</run_address>
         <size>0x36</size>
         <input_file_ref idref="fl-1d"/>
      </object_component>
      <object_component id="oc-763">
         <name>.text:strncpy</name>
         <load_address>0x62c6</load_address>
         <run_address>0x62c6</run_address>
         <size>0x36</size>
         <input_file_ref idref="fl-117"/>
      </object_component>
      <object_component id="oc-101">
         <name>.text:CS_setDCOCenteredFrequency</name>
         <load_address>0x62fc</load_address>
         <run_address>0x62fc</run_address>
         <size>0x34</size>
         <input_file_ref idref="fl-f"/>
      </object_component>
      <object_component id="oc-30c">
         <name>.text:I2C_masterSendMultiByteNext</name>
         <load_address>0x6330</load_address>
         <run_address>0x6330</run_address>
         <size>0x34</size>
         <input_file_ref idref="fl-12"/>
      </object_component>
      <object_component id="oc-684">
         <name>.text:__TI_cleanup</name>
         <load_address>0x6364</load_address>
         <run_address>0x6364</run_address>
         <size>0x34</size>
         <input_file_ref idref="fl-102"/>
      </object_component>
      <object_component id="oc-720">
         <name>.text:__TI_readmsg</name>
         <load_address>0x6398</load_address>
         <run_address>0x6398</run_address>
         <size>0x34</size>
         <input_file_ref idref="fl-110"/>
      </object_component>
      <object_component id="oc-58">
         <name>.text:_c_int00_noargs:_c_int00_noargs</name>
         <load_address>0x63cc</load_address>
         <run_address>0x63cc</run_address>
         <size>0x34</size>
         <input_file_ref idref="fl-fa"/>
      </object_component>
      <object_component id="oc-193">
         <name>.text:GPIO_getInputPinValue</name>
         <load_address>0x6400</load_address>
         <run_address>0x6400</run_address>
         <size>0x30</size>
         <input_file_ref idref="fl-11"/>
      </object_component>
      <object_component id="oc-769">
         <name>.text:finddevice</name>
         <load_address>0x6430</load_address>
         <run_address>0x6430</run_address>
         <size>0x30</size>
         <input_file_ref idref="fl-114"/>
      </object_component>
      <object_component id="oc-322">
         <name>.text</name>
         <load_address>0x6460</load_address>
         <run_address>0x6460</run_address>
         <size>0x2e</size>
         <input_file_ref idref="fl-e8"/>
      </object_component>
      <object_component id="oc-3e3">
         <name>.text:Graphics_drawPixelOnDisplay</name>
         <load_address>0x648e</load_address>
         <run_address>0x648e</run_address>
         <size>0x2c</size>
         <input_file_ref idref="fl-1d"/>
      </object_component>
      <object_component id="oc-603">
         <name>.text:RTC_C_holdClock</name>
         <load_address>0x64bc</load_address>
         <run_address>0x64bc</run_address>
         <size>0x2c</size>
         <input_file_ref idref="fl-15"/>
      </object_component>
      <object_component id="oc-b3">
         <name>.text:Timer_A_clearCaptureCompareInterrupt</name>
         <load_address>0x64e8</load_address>
         <run_address>0x64e8</run_address>
         <size>0x2c</size>
         <input_file_ref idref="fl-19"/>
      </object_component>
      <object_component id="oc-70f">
         <name>.text:unlink</name>
         <load_address>0x6514</load_address>
         <run_address>0x6514</run_address>
         <size>0x2c</size>
         <input_file_ref idref="fl-11a"/>
      </object_component>
      <object_component id="oc-c5">
         <name>.text:GPIO_clearInterruptFlag</name>
         <load_address>0x6540</load_address>
         <run_address>0x6540</run_address>
         <size>0x28</size>
         <input_file_ref idref="fl-11"/>
      </object_component>
      <object_component id="oc-cb">
         <name>.text:GPIO_enableInterrupt</name>
         <load_address>0x6568</load_address>
         <run_address>0x6568</run_address>
         <size>0x28</size>
         <input_file_ref idref="fl-11"/>
      </object_component>
      <object_component id="oc-2a2">
         <name>.text:GPIO_setOutputHighOnPin</name>
         <load_address>0x6590</load_address>
         <run_address>0x6590</run_address>
         <size>0x28</size>
         <input_file_ref idref="fl-11"/>
      </object_component>
      <object_component id="oc-155">
         <name>.text:GPIO_setOutputLowOnPin</name>
         <load_address>0x65b8</load_address>
         <run_address>0x65b8</run_address>
         <size>0x28</size>
         <input_file_ref idref="fl-11"/>
      </object_component>
      <object_component id="oc-51d">
         <name>.text:PCM_gotoLPM0</name>
         <load_address>0x65e0</load_address>
         <run_address>0x65e0</run_address>
         <size>0x28</size>
         <input_file_ref idref="fl-14"/>
      </object_component>
      <object_component id="oc-6b3">
         <name>.text:free_list_insert</name>
         <load_address>0x6608</load_address>
         <run_address>0x6608</run_address>
         <size>0x28</size>
         <input_file_ref idref="fl-f7"/>
      </object_component>
      <object_component id="oc-670">
         <name>.text:lseek</name>
         <load_address>0x6630</load_address>
         <run_address>0x6630</run_address>
         <size>0x28</size>
         <input_file_ref idref="fl-112"/>
      </object_component>
      <object_component id="oc-5e2">
         <name>.text:write</name>
         <load_address>0x6658</load_address>
         <run_address>0x6658</run_address>
         <size>0x28</size>
         <input_file_ref idref="fl-fb"/>
      </object_component>
      <object_component id="oc-e9">
         <name>.text:WDT_A_holdTimer</name>
         <load_address>0x6680</load_address>
         <run_address>0x6680</run_address>
         <size>0x24</size>
         <input_file_ref idref="fl-1a"/>
      </object_component>
      <object_component id="oc-5d6">
         <name>.text:memchr</name>
         <load_address>0x66a4</load_address>
         <run_address>0x66a4</run_address>
         <size>0x20</size>
         <input_file_ref idref="fl-f6"/>
      </object_component>
      <object_component id="oc-2d6">
         <name>.text:I2C_setMode</name>
         <load_address>0x66c4</load_address>
         <run_address>0x66c4</run_address>
         <size>0x1c</size>
         <input_file_ref idref="fl-12"/>
      </object_component>
      <object_component id="oc-424">
         <name>.text:SPI_enableModule</name>
         <load_address>0x66e0</load_address>
         <run_address>0x66e0</run_address>
         <size>0x1c</size>
         <input_file_ref idref="fl-16"/>
      </object_component>
      <object_component id="oc-46">
         <name>.text:decompress:ZI:__TI_zero_init_nomemset:__TI_zero_init_nomemset</name>
         <load_address>0x66fc</load_address>
         <run_address>0x66fc</run_address>
         <size>0x1c</size>
         <input_file_ref idref="fl-ec"/>
      </object_component>
      <object_component id="oc-6ad">
         <name>.text:free_list_remove</name>
         <load_address>0x6718</load_address>
         <run_address>0x6718</run_address>
         <size>0x1c</size>
         <input_file_ref idref="fl-f7"/>
      </object_component>
      <object_component id="oc-4ac">
         <name>.text:memccpy</name>
         <load_address>0x6734</load_address>
         <run_address>0x6734</run_address>
         <size>0x1c</size>
         <input_file_ref idref="fl-f5"/>
      </object_component>
      <object_component id="oc-23b">
         <name>.text:Graphics_clearDisplayOnDisplay</name>
         <load_address>0x6750</load_address>
         <run_address>0x6750</run_address>
         <size>0x1a</size>
         <input_file_ref idref="fl-1d"/>
      </object_component>
      <object_component id="oc-12b">
         <name>.text:Graphics_setBackgroundColor</name>
         <load_address>0x676a</load_address>
         <run_address>0x676a</run_address>
         <size>0x1a</size>
         <input_file_ref idref="fl-1c"/>
      </object_component>
      <object_component id="oc-131">
         <name>.text:Graphics_setFont</name>
         <load_address>0x6784</load_address>
         <run_address>0x6784</run_address>
         <size>0x1a</size>
         <input_file_ref idref="fl-1c"/>
      </object_component>
      <object_component id="oc-2fa">
         <name>.text:I2C_masterReceiveStart</name>
         <load_address>0x679e</load_address>
         <run_address>0x679e</run_address>
         <size>0x1a</size>
         <input_file_ref idref="fl-12"/>
      </object_component>
      <object_component id="oc-55d">
         <name>.text:copysign</name>
         <load_address>0x67b8</load_address>
         <run_address>0x67b8</run_address>
         <size>0x1a</size>
         <input_file_ref idref="fl-ff"/>
      </object_component>
      <object_component id="oc-2ee">
         <name>.text:I2C_getInterruptStatus</name>
         <load_address>0x67d2</load_address>
         <run_address>0x67d2</run_address>
         <size>0x18</size>
         <input_file_ref idref="fl-12"/>
      </object_component>
      <object_component id="oc-2e2">
         <name>.text:I2C_isBusBusy</name>
         <load_address>0x67ec</load_address>
         <run_address>0x67ec</run_address>
         <size>0x18</size>
         <input_file_ref idref="fl-12"/>
      </object_component>
      <object_component id="oc-1ad">
         <name>.text:Timer_A_clearTimer</name>
         <load_address>0x6804</load_address>
         <run_address>0x6804</run_address>
         <size>0x18</size>
         <input_file_ref idref="fl-19"/>
      </object_component>
      <object_component id="oc-35f">
         <name>.text:_outs</name>
         <load_address>0x681c</load_address>
         <run_address>0x681c</run_address>
         <size>0x18</size>
         <input_file_ref idref="fl-dc"/>
      </object_component>
      <object_component id="oc-780">
         <name>.text:strcmp</name>
         <load_address>0x6834</load_address>
         <run_address>0x6834</run_address>
         <size>0x18</size>
         <input_file_ref idref="fl-115"/>
      </object_component>
      <object_component id="oc-53b">
         <name>.text:EUSCI_A_SPI_enable</name>
         <load_address>0x684c</load_address>
         <run_address>0x684c</run_address>
         <size>0x16</size>
         <input_file_ref idref="fl-16"/>
      </object_component>
      <object_component id="oc-541">
         <name>.text:EUSCI_B_SPI_enable</name>
         <load_address>0x6862</load_address>
         <run_address>0x6862</run_address>
         <size>0x16</size>
         <input_file_ref idref="fl-16"/>
      </object_component>
      <object_component id="oc-125">
         <name>.text:Graphics_setForegroundColor</name>
         <load_address>0x6878</load_address>
         <run_address>0x6878</run_address>
         <size>0x16</size>
         <input_file_ref idref="fl-1c"/>
      </object_component>
      <object_component id="oc-2bb">
         <name>.text:Graphics_translateColorOnDisplay</name>
         <load_address>0x688e</load_address>
         <run_address>0x688e</run_address>
         <size>0x16</size>
         <input_file_ref idref="fl-1d"/>
      </object_component>
      <object_component id="oc-2dc">
         <name>.text:I2C_clearInterruptFlag</name>
         <load_address>0x68a4</load_address>
         <run_address>0x68a4</run_address>
         <size>0x16</size>
         <input_file_ref idref="fl-12"/>
      </object_component>
      <object_component id="oc-2ca">
         <name>.text:I2C_disableModule</name>
         <load_address>0x68ba</load_address>
         <run_address>0x68ba</run_address>
         <size>0x16</size>
         <input_file_ref idref="fl-12"/>
      </object_component>
      <object_component id="oc-2d0">
         <name>.text:I2C_enableModule</name>
         <load_address>0x68d0</load_address>
         <run_address>0x68d0</run_address>
         <size>0x16</size>
         <input_file_ref idref="fl-12"/>
      </object_component>
      <object_component id="oc-e3">
         <name>.text:Timer_A_startCounter</name>
         <load_address>0x68e6</load_address>
         <run_address>0x68e6</run_address>
         <size>0x16</size>
         <input_file_ref idref="fl-19"/>
      </object_component>
      <object_component id="oc-5aa">
         <name>.text:strchr</name>
         <load_address>0x68fc</load_address>
         <run_address>0x68fc</run_address>
         <size>0x16</size>
         <input_file_ref idref="fl-f8"/>
      </object_component>
      <object_component id="oc-300">
         <name>.text:I2C_masterReceiveMultiByteNext</name>
         <load_address>0x6912</load_address>
         <run_address>0x6912</run_address>
         <size>0x14</size>
         <input_file_ref idref="fl-12"/>
      </object_component>
      <object_component id="oc-318">
         <name>.text:I2C_setSlaveAddress</name>
         <load_address>0x6926</load_address>
         <run_address>0x6926</run_address>
         <size>0x14</size>
         <input_file_ref idref="fl-12"/>
      </object_component>
      <object_component id="oc-25c">
         <name>.text:PCM_getPowerState</name>
         <load_address>0x693c</load_address>
         <run_address>0x693c</run_address>
         <size>0x14</size>
         <input_file_ref idref="fl-14"/>
      </object_component>
      <object_component id="oc-1a7">
         <name>.text:Timer_A_stopTimer</name>
         <load_address>0x6950</load_address>
         <run_address>0x6950</run_address>
         <size>0x14</size>
         <input_file_ref idref="fl-19"/>
      </object_component>
      <object_component id="oc-734">
         <name>.text:strcpy</name>
         <load_address>0x6964</load_address>
         <run_address>0x6964</run_address>
         <size>0x14</size>
         <input_file_ref idref="fl-116"/>
      </object_component>
      <object_component id="oc-482">
         <name>.text:strlen</name>
         <load_address>0x6978</load_address>
         <run_address>0x6978</run_address>
         <size>0x14</size>
         <input_file_ref idref="fl-f9"/>
      </object_component>
      <object_component id="oc-b9">
         <name>.text:Graphics_clearDisplay</name>
         <load_address>0x698c</load_address>
         <run_address>0x698c</run_address>
         <size>0x12</size>
         <input_file_ref idref="fl-1c"/>
      </object_component>
      <object_component id="oc-4b2">
         <name>.text:wcslen</name>
         <load_address>0x699e</load_address>
         <run_address>0x699e</run_address>
         <size>0x12</size>
         <input_file_ref idref="fl-fe"/>
      </object_component>
      <object_component id="oc-ef">
         <name>.text:Interrupt_disableMaster</name>
         <load_address>0x69b0</load_address>
         <run_address>0x69b0</run_address>
         <size>0x10</size>
         <input_file_ref idref="fl-13"/>
      </object_component>
      <object_component id="oc-113">
         <name>.text:Interrupt_enableMaster</name>
         <load_address>0x69c0</load_address>
         <run_address>0x69c0</run_address>
         <size>0x10</size>
         <input_file_ref idref="fl-13"/>
      </object_component>
      <object_component id="oc-523">
         <name>.text:PCM_gotoLPM4</name>
         <load_address>0x69d0</load_address>
         <run_address>0x69d0</run_address>
         <size>0x10</size>
         <input_file_ref idref="fl-14"/>
      </object_component>
      <object_component id="oc-f5">
         <name>.text:PCM_setCoreVoltageLevel</name>
         <load_address>0x69e0</load_address>
         <run_address>0x69e0</run_address>
         <size>0x10</size>
         <input_file_ref idref="fl-14"/>
      </object_component>
      <object_component id="oc-262">
         <name>.text:PCM_setPowerMode</name>
         <load_address>0x69f0</load_address>
         <run_address>0x69f0</run_address>
         <size>0x10</size>
         <input_file_ref idref="fl-14"/>
      </object_component>
      <object_component id="oc-26e">
         <name>.text:PCM_setPowerState</name>
         <load_address>0x6a00</load_address>
         <run_address>0x6a00</run_address>
         <size>0x10</size>
         <input_file_ref idref="fl-14"/>
      </object_component>
      <object_component id="oc-1d">
         <name>.text:decompress:none:__TI_decompress_none</name>
         <load_address>0x6a10</load_address>
         <run_address>0x6a10</run_address>
         <size>0xe</size>
         <input_file_ref idref="fl-ed"/>
      </object_component>
      <object_component id="oc-6a">
         <name>.text</name>
         <load_address>0x6a1e</load_address>
         <run_address>0x6a1e</run_address>
         <size>0xe</size>
         <input_file_ref idref="fl-6"/>
      </object_component>
      <object_component id="oc-283">
         <name>.text:CPU_cpsid</name>
         <load_address>0x6a2c</load_address>
         <run_address>0x6a2c</run_address>
         <size>0xc</size>
         <input_file_ref idref="fl-1b"/>
      </object_component>
      <object_component id="oc-295">
         <name>.text:CPU_cpsie</name>
         <load_address>0x6a38</load_address>
         <run_address>0x6a38</run_address>
         <size>0xc</size>
         <input_file_ref idref="fl-1b"/>
      </object_component>
      <object_component id="oc-365">
         <name>.text:_outc</name>
         <load_address>0x6a44</load_address>
         <run_address>0x6a44</run_address>
         <size>0xa</size>
         <input_file_ref idref="fl-dc"/>
      </object_component>
      <object_component id="oc-457">
         <name>.text:__aeabi_errno_addr</name>
         <load_address>0x6a50</load_address>
         <run_address>0x6a50</run_address>
         <size>0x8</size>
         <input_file_ref idref="fl-fd"/>
      </object_component>
      <object_component id="oc-67e">
         <name>.text:malloc</name>
         <load_address>0x6a58</load_address>
         <run_address>0x6a58</run_address>
         <size>0x8</size>
         <input_file_ref idref="fl-f7"/>
      </object_component>
      <object_component id="oc-268">
         <name>.text:CPU_wfi</name>
         <load_address>0x6a60</load_address>
         <run_address>0x6a60</run_address>
         <size>0x4</size>
         <input_file_ref idref="fl-1b"/>
      </object_component>
      <object_component id="oc-396">
         <name>.text:_outc</name>
         <load_address>0x6a64</load_address>
         <run_address>0x6a64</run_address>
         <size>0x4</size>
         <input_file_ref idref="fl-da"/>
      </object_component>
      <object_component id="oc-390">
         <name>.text:_outs</name>
         <load_address>0x6a68</load_address>
         <run_address>0x6a68</run_address>
         <size>0x4</size>
         <input_file_ref idref="fl-da"/>
      </object_component>
      <object_component id="oc-9a">
         <name>.text:_system_pre_init</name>
         <load_address>0x6a6c</load_address>
         <run_address>0x6a6c</run_address>
         <size>0x4</size>
         <input_file_ref idref="fl-106"/>
      </object_component>
      <object_component id="oc-1ee">
         <name>.text:abort:abort</name>
         <load_address>0x6a70</load_address>
         <run_address>0x6a70</run_address>
         <size>0x4</size>
         <input_file_ref idref="fl-ef"/>
      </object_component>
      <object_component id="oc-376">
         <name>.const:.string:g_pucFontFixed6x8Data</name>
         <load_address>0x6a78</load_address>
         <run_address>0x6a78</run_address>
         <size>0x2f8</size>
         <input_file_ref idref="fl-1e"/>
      </object_component>
      <object_component id="oc-573">
         <name>.const:.string:_ctypes_</name>
         <load_address>0x6d70</load_address>
         <run_address>0x6d70</run_address>
         <size>0x101</size>
         <input_file_ref idref="fl-f3"/>
      </object_component>
      <object_component id="oc-18d">
         <name>.const:g_sFontFixed6x8</name>
         <load_address>0x6e74</load_address>
         <run_address>0x6e74</run_address>
         <size>0xc8</size>
         <input_file_ref idref="fl-1e"/>
      </object_component>
      <object_component id="oc-385">
         <name>.const:.string</name>
         <load_address>0x6f3c</load_address>
         <run_address>0x6f3c</run_address>
         <size>0x38</size>
         <input_file_ref idref="fl-5"/>
      </object_component>
      <object_component id="oc-45d">
         <name>.const:$O1$$</name>
         <load_address>0x6f78</load_address>
         <run_address>0x6f78</run_address>
         <size>0x30</size>
         <input_file_ref idref="fl-d7"/>
      </object_component>
      <object_component id="oc-251">
         <name>.const:GPIO_PORT_TO_BASE</name>
         <load_address>0x6fa8</load_address>
         <run_address>0x6fa8</run_address>
         <size>0x30</size>
         <input_file_ref idref="fl-11"/>
      </object_component>
      <object_component id="oc-18a">
         <name>.const:g_sCrystalfontz128x128_funcs</name>
         <load_address>0x6fd8</load_address>
         <run_address>0x6fd8</run_address>
         <size>0x20</size>
         <input_file_ref idref="fl-8"/>
      </object_component>
      <object_component id="oc-42a">
         <name>.const:$P$T0$1</name>
         <load_address>0x6ff8</load_address>
         <run_address>0x6ff8</run_address>
         <size>0x1c</size>
         <input_file_ref idref="fl-9"/>
      </object_component>
      <object_component id="oc-167">
         <name>.const:$P$T1$1</name>
         <load_address>0x7014</load_address>
         <run_address>0x7014</run_address>
         <size>0x18</size>
         <input_file_ref idref="fl-5"/>
      </object_component>
      <object_component id="oc-190">
         <name>.const:$P$T5$2</name>
         <load_address>0x702c</load_address>
         <run_address>0x702c</run_address>
         <size>0x18</size>
         <input_file_ref idref="fl-5"/>
      </object_component>
      <object_component id="oc-199">
         <name>.const:$P$T6$3</name>
         <load_address>0x7044</load_address>
         <run_address>0x7044</run_address>
         <size>0x18</size>
         <input_file_ref idref="fl-5"/>
      </object_component>
      <object_component id="oc-19c">
         <name>.const:$P$T7$4</name>
         <load_address>0x705c</load_address>
         <run_address>0x705c</run_address>
         <size>0x18</size>
         <input_file_ref idref="fl-5"/>
      </object_component>
      <object_component id="oc-31e">
         <name>.const:i2cConfig</name>
         <load_address>0x7074</load_address>
         <run_address>0x7074</run_address>
         <size>0x14</size>
         <input_file_ref idref="fl-2"/>
      </object_component>
      <object_component id="oc-2b1">
         <name>.const:$P$T0$1</name>
         <load_address>0x7088</load_address>
         <run_address>0x7088</run_address>
         <size>0x8</size>
         <input_file_ref idref="fl-8"/>
      </object_component>
      <object_component id="oc-27d">
         <name>.const:g_pulEnRegs</name>
         <load_address>0x7090</load_address>
         <run_address>0x7090</run_address>
         <size>0x8</size>
         <input_file_ref idref="fl-13"/>
      </object_component>
      <object_component id="oc-7c0">
         <name>.cinit..data.load</name>
         <load_address>0x7098</load_address>
         <run_address>0x7098</run_address>
         <size>0x98</size>
      </object_component>
      <object_component id="oc-7be">
         <name>__TI_handler_table</name>
         <load_address>0x7130</load_address>
         <run_address>0x7130</run_address>
         <size>0xc</size>
      </object_component>
      <object_component id="oc-7c1">
         <name>.cinit..bss.load</name>
         <load_address>0x7140</load_address>
         <run_address>0x7140</run_address>
         <size>0x8</size>
      </object_component>
      <object_component id="oc-7bf">
         <name>__TI_cinit_table</name>
         <load_address>0x7148</load_address>
         <run_address>0x7148</run_address>
         <size>0x10</size>
      </object_component>
      <object_component id="oc-792">
         <name>.binit</name>
         <load_address>0x0</load_address>
         <run_address>0x0</run_address>
         <size>0x0</size>
      </object_component>
      <object_component id="oc-332">
         <name>.data</name>
         <load_address>0x20000620</load_address>
         <run_address>0x20000620</run_address>
         <size>0x8</size>
         <input_file_ref idref="fl-4"/>
      </object_component>
      <object_component id="oc-19f">
         <name>.data</name>
         <load_address>0x20000628</load_address>
         <run_address>0x20000628</run_address>
         <size>0x7</size>
         <input_file_ref idref="fl-5"/>
      </object_component>
      <object_component id="oc-1a2">
         <name>.data:mainMenu</name>
         <load_address>0x200005b8</load_address>
         <run_address>0x200005b8</run_address>
         <size>0x28</size>
         <input_file_ref idref="fl-5"/>
      </object_component>
      <object_component id="oc-22c">
         <name>.data</name>
         <load_address>0x20000630</load_address>
         <run_address>0x20000630</run_address>
         <size>0x4</size>
         <input_file_ref idref="fl-7"/>
      </object_component>
      <object_component id="oc-187">
         <name>.data:g_sCrystalfontz128x128</name>
         <load_address>0x200005e0</load_address>
         <run_address>0x200005e0</run_address>
         <size>0x10</size>
         <input_file_ref idref="fl-8"/>
      </object_component>
      <object_component id="oc-3a5">
         <name>.data:$O1$$</name>
         <load_address>0x20000600</load_address>
         <run_address>0x20000600</run_address>
         <size>0xc</size>
         <input_file_ref idref="fl-ef"/>
      </object_component>
      <object_component id="oc-38a">
         <name>.data:$O1$$</name>
         <load_address>0x2000060c</load_address>
         <run_address>0x2000060c</run_address>
         <size>0x8</size>
         <input_file_ref idref="fl-f0"/>
      </object_component>
      <object_component id="oc-38d">
         <name>.data:_ftable</name>
         <load_address>0x20000400</load_address>
         <run_address>0x20000400</run_address>
         <size>0xf0</size>
         <input_file_ref idref="fl-f4"/>
      </object_component>
      <object_component id="oc-6c7">
         <name>.data</name>
         <load_address>0x200005f0</load_address>
         <run_address>0x200005f0</run_address>
         <size>0x10</size>
         <input_file_ref idref="fl-f4"/>
      </object_component>
      <object_component id="oc-6fd">
         <name>.data:$O1$$</name>
         <load_address>0x20000614</load_address>
         <run_address>0x20000614</run_address>
         <size>0x8</size>
         <input_file_ref idref="fl-f7"/>
      </object_component>
      <object_component id="oc-697">
         <name>.data:_device</name>
         <load_address>0x200004f0</load_address>
         <run_address>0x200004f0</run_address>
         <size>0x78</size>
         <input_file_ref idref="fl-fc"/>
      </object_component>
      <object_component id="oc-65d">
         <name>.data:_stream</name>
         <load_address>0x20000568</load_address>
         <run_address>0x20000568</run_address>
         <size>0x50</size>
         <input_file_ref idref="fl-fc"/>
      </object_component>
      <object_component id="oc-554">
         <name>.data</name>
         <load_address>0x2000061c</load_address>
         <run_address>0x2000061c</run_address>
         <size>0x4</size>
         <input_file_ref idref="fl-fd"/>
      </object_component>
      <object_component id="oc-74b">
         <name>.bss:_CIOBUF_</name>
         <uninitialized>true</uninitialized>
         <run_address>0x20000634</run_address>
         <size>0x120</size>
         <input_file_ref idref="fl-110"/>
      </object_component>
      <object_component id="oc-16a">
         <name>.common:g_sContext</name>
         <uninitialized>true</uninitialized>
         <run_address>0x200007f4</run_address>
         <size>0x1c</size>
      </object_component>
      <object_component id="oc-1a6">
         <name>.common:lux</name>
         <uninitialized>true</uninitialized>
         <run_address>0x20000818</run_address>
         <size>0x4</size>
      </object_component>
      <object_component id="oc-1a5">
         <name>.common:temp</name>
         <uninitialized>true</uninitialized>
         <run_address>0x2000081c</run_address>
         <size>0x4</size>
      </object_component>
      <object_component id="oc-1b3">
         <name>.common:motionDetected</name>
         <uninitialized>true</uninitialized>
         <run_address>0x2000082a</run_address>
         <size>0x1</size>
      </object_component>
      <object_component id="oc-1ba">
         <name>.common:sameDataDisplay</name>
         <uninitialized>true</uninitialized>
         <run_address>0x2000082b</run_address>
         <size>0x1</size>
      </object_component>
      <object_component id="oc-2b0">
         <name>.common:Lcd_Orientation</name>
         <uninitialized>true</uninitialized>
         <run_address>0x20000828</run_address>
         <size>0x1</size>
      </object_component>
      <object_component id="oc-2a8">
         <name>.common:Lcd_ScreenWidth</name>
         <uninitialized>true</uninitialized>
         <run_address>0x20000822</run_address>
         <size>0x2</size>
      </object_component>
      <object_component id="oc-2ab">
         <name>.common:Lcd_ScreenHeigth</name>
         <uninitialized>true</uninitialized>
         <run_address>0x20000820</run_address>
         <size>0x2</size>
      </object_component>
      <object_component id="oc-2ac">
         <name>.common:Lcd_PenSolid</name>
         <uninitialized>true</uninitialized>
         <run_address>0x20000829</run_address>
         <size>0x1</size>
      </object_component>
      <object_component id="oc-2ad">
         <name>.common:Lcd_FontSolid</name>
         <uninitialized>true</uninitialized>
         <run_address>0x20000827</run_address>
         <size>0x1</size>
      </object_component>
      <object_component id="oc-2ae">
         <name>.common:Lcd_FlagRead</name>
         <uninitialized>true</uninitialized>
         <run_address>0x20000826</run_address>
         <size>0x1</size>
      </object_component>
      <object_component id="oc-2af">
         <name>.common:Lcd_TouchTrim</name>
         <uninitialized>true</uninitialized>
         <run_address>0x20000824</run_address>
         <size>0x2</size>
      </object_component>
      <object_component id="oc-715">
         <name>.common:__TI_tmpnams</name>
         <uninitialized>true</uninitialized>
         <run_address>0x20000754</run_address>
         <size>0xa0</size>
      </object_component>
      <object_component id="oc-726">
         <name>.common:parmbuf</name>
         <uninitialized>true</uninitialized>
         <run_address>0x20000810</run_address>
         <size>0x8</size>
      </object_component>
      <object_component id="oc-29">
[...]
      </symbol>
      <symbol id="sm-a73">
         <name>__aeabi_cdrcmple</name>
         <value>0x507f</value>
         <object_component_ref idref="oc-465"/>
      </symbol>
      <symbol id="sm-a87">
         <name>__aeabi_ddiv</name>
         <value>0x3e61</value>
         <object_component_ref idref="oc-32d"/>
      </symbol>
      <symbol id="sm-a92">
         <name>__aeabi_dmul</name>
         <value>0x4731</value>
         <object_component_ref idref="oc-17c"/>
      </symbol>
      <symbol id="sm-a9c">
         <name>__aeabi_d2iz</name>
         <value>0x5f11</value>
         <object_component_ref idref="oc-57e"/>
      </symbol>
      <symbol id="sm-aa8">
         <name>__aeabi_d2f</name>
         <value>0x544b</value>
         <object_component_ref idref="oc-16d"/>
      </symbol>
      <symbol id="sm-ab3">
         <name>__aeabi_f2d</name>
         <value>0x6259</value>
         <object_component_ref idref="oc-172"/>
      </symbol>
      <symbol id="sm-abd">
         <name>__aeabi_i2d</name>
         <value>0x6461</value>
         <object_component_ref idref="oc-322"/>
      </symbol>
      <symbol id="sm-ad8">
         <name>memcpy</name>
         <value>0x4db3</value>
         <object_component_ref idref="oc-3a"/>
      </symbol>
      <symbol id="sm-ad9">
         <name>__aeabi_memcpy</name>
         <value>0x4db3</value>
         <object_component_ref idref="oc-3a"/>
      </symbol>
      <symbol id="sm-ada">
         <name>__aeabi_memcpy8</name>
         <value>0x4db3</value>
         <object_component_ref idref="oc-3a"/>
      </symbol>
      <symbol id="sm-adb">
         <name>__aeabi_memcpy4</name>
         <value>0x4db3</value>
         <object_component_ref idref="oc-3a"/>
      </symbol>
      <symbol id="sm-aea">
         <name>__aeabi_memset</name>
         <value>0x520b</value>
         <object_component_ref idref="oc-94"/>
      </symbol>
      <symbol id="sm-aeb">
         <name>memset</name>
         <value>0x5211</value>
         <object_component_ref idref="oc-94"/>
      </symbol>
      <symbol id="sm-aec">
         <name>__aeabi_memset8</name>
         <value>0x520b</value>
         <object_component_ref idref="oc-94"/>
      </symbol>
      <symbol id="sm-aed">
         <name>__aeabi_memset4</name>
         <value>0x520b</value>
         <object_component_ref idref="oc-94"/>
      </symbol>
      <symbol id="sm-aee">
         <name>__aeabi_memclr8</name>
         <value>0x5209</value>
         <object_component_ref idref="oc-94"/>
      </symbol>
      <symbol id="sm-aef">
         <name>__aeabi_memclr4</name>
         <value>0x5209</value>
         <object_component_ref idref="oc-94"/>
      </symbol>
      <symbol id="sm-af0">
         <name>__aeabi_memclr</name>
         <value>0x5209</value>
         <object_component_ref idref="oc-94"/>
      </symbol>
      <symbol id="sm-afd">
         <name>__aeabi_uldivmod</name>
         <value>0x4e4f</value>
         <object_component_ref idref="oc-578"/>
      </symbol>
      <symbol id="sm-b11">
         <name>__TI_zero_init_nomemset</name>
         <value>0x66fd</value>
         <object_component_ref idref="oc-46"/>
      </symbol>
      <symbol id="sm-b28">
         <name>__TI_decompress_none</name>
         <value>0x6a11</value>
         <object_component_ref idref="oc-1d"/>
      </symbol>
      <symbol id="sm-b4b">
         <name>__TI_decompress_lzss</name>
         <value>0x56c9</value>
         <object_component_ref idref="oc-17"/>
      </symbol>
      <symbol id="sm-b71">
         <name>C$$EXIT</name>
         <value>0x6a71</value>
         <object_component_ref idref="oc-1ee"/>
      </symbol>
      <symbol id="sm-b72">
         <name>abort</name>
         <value>0x6a71</value>
         <object_component_ref idref="oc-1ee"/>
      </symbol>
      <symbol id="sm-b73">
         <name>__TI_dtors_ptr</name>
         <value>0x20000604</value>
         <object_component_ref idref="oc-3a5"/>
      </symbol>
      <symbol id="sm-b74">
         <name>__TI_cleanup_ptr</name>
         <value>0x20000600</value>
         <object_component_ref idref="oc-3a5"/>
      </symbol>
      <symbol id="sm-b75">
         <name>__TI_enable_exit_profile_output</name>
         <value>0x20000608</value>
         <object_component_ref idref="oc-3a5"/>
      </symbol>
      <symbol id="sm-b76">
         <name>exit</name>
         <value>0x5ec9</value>
         <object_component_ref idref="oc-1f4"/>
      </symbol>
      <symbol id="sm-b8b">
         <name>_nop</name>
         <value>0xb33</value>
         <object_component_ref idref="oc-4cc"/>
      </symbol>
      <symbol id="sm-b8c">
         <name>_lock</name>
         <value>0x2000060c</value>
         <object_component_ref idref="oc-38a"/>
      </symbol>
      <symbol id="sm-b8d">
         <name>_unlock</name>
         <value>0x20000610</value>
         <object_component_ref idref="oc-38a"/>
      </symbol>
      <symbol id="sm-b9c">
         <name>__TI_ltoa</name>
         <value>0x5ca9</value>
         <object_component_ref idref="oc-583"/>
      </symbol>
      <symbol id="sm-bb2">
         <name>atoi</name>
         <value>0x5ded</value>
         <object_component_ref idref="oc-488"/>
      </symbol>
      <symbol id="sm-bbd">
         <name>_ctypes_</name>
         <value>0x6d70</value>
         <object_component_ref idref="oc-573"/>
      </symbol>
      <symbol id="sm-bd2">
         <name>__TI_tmpnams</name>
         <value>0x20000754</value>
      </symbol>
      <symbol id="sm-bd3">
         <name>__aeabi_stdout</name>
         <value>0x200005f8</value>
         <object_component_ref idref="oc-6c7"/>
      </symbol>
      <symbol id="sm-bd4">
         <name>__aeabi_stderr</name>
         <value>0x200005fc</value>
         <object_component_ref idref="oc-6c7"/>
      </symbol>
      <symbol id="sm-bd5">
         <name>__aeabi_stdin</name>
         <value>0x200005f4</value>
         <object_component_ref idref="oc-6c7"/>
      </symbol>
      <symbol id="sm-bd6">
         <name>_ftable</name>
         <value>0x20000400</value>
         <object_component_ref idref="oc-38d"/>
      </symbol>
      <symbol id="sm-bd7">
         <name>__TI_ft_end</name>
         <value>0x200005f0</value>
         <object_component_ref idref="oc-6c7"/>
      </symbol>
      <symbol id="sm-be7">
         <name>memccpy</name>
         <value>0x6735</value>
         <object_component_ref idref="oc-4ac"/>
      </symbol>
      <symbol id="sm-bf7">
         <name>memchr</name>
         <value>0x66a5</value>
         <object_component_ref idref="oc-5d6"/>
      </symbol>
      <symbol id="sm-c80">
         <name>_sys_memory</name>
         <value>0x20000000</value>
         <object_component_ref idref="oc-29"/>
      </symbol>
      <symbol id="sm-c81">
         <name>free</name>
         <value>0x4929</value>
         <object_component_ref idref="oc-678"/>
      </symbol>
      <symbol id="sm-c82">
         <name>memalign</name>
         <value>0x4631</value>
         <object_component_ref idref="oc-6ba"/>
      </symbol>
      <symbol id="sm-c83">
         <name>malloc</name>
         <value>0x6a59</value>
         <object_component_ref idref="oc-67e"/>
      </symbol>
      <symbol id="sm-c84">
         <name>aligned_alloc</name>
         <value>0x4631</value>
         <object_component_ref idref="oc-6ba"/>
      </symbol>
      <symbol id="sm-c94">
         <name>strchr</name>
         <value>0x68fd</value>
         <object_component_ref idref="oc-5aa"/>
      </symbol>
      <symbol id="sm-ca2">
         <name>strlen</name>
         <value>0x6979</value>
         <object_component_ref idref="oc-482"/>
      </symbol>
      <symbol id="sm-cb5">
         <name>__stack</name>
         <value>0x2000fe00</value>
         <object_component_ref idref="oc-2c"/>
      </symbol>
      <symbol id="sm-cb6">
         <name>_c_int00_noargs</name>
         <value>0x63cd</value>
         <object_component_ref idref="oc-58"/>
      </symbol>
      <symbol id="sm-cd0">
         <name>write</name>
         <value>0x6659</value>
         <object_component_ref idref="oc-5e2"/>
      </symbol>
      <symbol id="sm-ce1">
         <name>_stream</name>
         <value>0x20000568</value>
         <object_component_ref idref="oc-65d"/>
      </symbol>
      <symbol id="sm-ce2">
         <name>_device</name>
         <value>0x200004f0</value>
         <object_component_ref idref="oc-697"/>
      </symbol>
      <symbol id="sm-cf8">
         <name>__aeabi_errno_addr</name>
         <value>0x6a51</value>
         <object_component_ref idref="oc-457"/>
      </symbol>
      <symbol id="sm-cf9">
         <name>errno</name>
         <value>0x2000061c</value>
         <object_component_ref idref="oc-554"/>
      </symbol>
      <symbol id="sm-d12">
         <name>wcslen</name>
         <value>0x699f</value>
         <object_component_ref idref="oc-4b2"/>
      </symbol>
      <symbol id="sm-d1c">
         <name>copysign</name>
         <value>0x67b9</value>
         <object_component_ref idref="oc-55d"/>
      </symbol>
      <symbol id="sm-d1d">
         <name>copysignl</name>
         <value>0x67b9</value>
         <object_component_ref idref="oc-55d"/>
      </symbol>
      <symbol id="sm-d33">
         <name>frexpl</name>
         <value>0x5799</value>
         <object_component_ref idref="oc-5a4"/>
      </symbol>
      <symbol id="sm-d34">
         <name>frexp</name>
         <value>0x5799</value>
         <object_component_ref idref="oc-5a4"/>
      </symbol>
      <symbol id="sm-d44">
         <name>__TI_doflush</name>
         <value>0x5da1</value>
         <object_component_ref idref="oc-5dc"/>
      </symbol>
      <symbol id="sm-d54">
         <name>__TI_cleanup</name>
         <value>0x6365</value>
         <object_component_ref idref="oc-684"/>
      </symbol>
      <symbol id="sm-d66">
         <name>fseek</name>
         <value>0x57fd</value>
         <object_component_ref idref="oc-64b"/>
      </symbol>
      <symbol id="sm-d70">
         <name>__aeabi_idiv0</name>
         <value>0x282f</value>
         <object_component_ref idref="oc-62c"/>
      </symbol>
      <symbol id="sm-d71">
         <name>__aeabi_ldiv0</name>
         <value>0x282f</value>
         <object_component_ref idref="oc-62c"/>
      </symbol>
      <symbol id="sm-d99">
         <name>__TI_auto_init_nobinit_nopinit</name>
         <value>0x5fe1</value>
         <object_component_ref idref="oc-1fa"/>
      </symbol>
      <symbol id="sm-da3">
         <name>_system_pre_init</name>
         <value>0x6a6d</value>
         <object_component_ref idref="oc-9a"/>
      </symbol>
      <symbol id="sm-db6">
         <name>HOSTclose</name>
         <value>0x5f59</value>
         <object_component_ref idref="oc-6d3"/>
      </symbol>
      <symbol id="sm-dc7">
         <name>HOSTlseek</name>
         <value>0x5591</value>
         <object_component_ref idref="oc-6e5"/>
      </symbol>
      <symbol id="sm-dd9">
         <name>parmbuf</name>
         <value>0x20000810</value>
      </symbol>
      <symbol id="sm-dda">
         <name>HOSTopen</name>
         <value>0x5925</value>
         <object_component_ref idref="oc-6cd"/>
      </symbol>
      <symbol id="sm-deb">
         <name>HOSTread</name>
         <value>0x5b4d</value>
         <object_component_ref idref="oc-6d9"/>
      </symbol>
      <symbol id="sm-dfc">
         <name>HOSTrename</name>
         <value>0x54b9</value>
         <object_component_ref idref="oc-6f1"/>
      </symbol>
      <symbol id="sm-e0d">
         <name>HOSTunlink</name>
         <value>0x5f9d</value>
         <object_component_ref idref="oc-6eb"/>
      </symbol>
      <symbol id="sm-e1e">
         <name>HOSTwrite</name>
         <value>0x5ba5</value>
         <object_component_ref idref="oc-6df"/>
      </symbol>
      <symbol id="sm-e42">
         <name>__TI_readmsg</name>
         <value>0x6399</value>
         <object_component_ref idref="oc-720"/>
      </symbol>
      <symbol id="sm-e43">
         <name>C$$IO$$</name>
         <value>0x624f</value>
         <object_component_ref idref="oc-71a"/>
      </symbol>
      <symbol id="sm-e44">
         <name>__CIOBUF_</name>
         <value>0x20000634</value>
         <object_component_ref idref="oc-74b"/>
      </symbol>
      <symbol id="sm-e45">
         <name>__TI_writemsg</name>
         <value>0x6221</value>
         <object_component_ref idref="oc-71a"/>
      </symbol>
      <symbol id="sm-e56">
         <name>lseek</name>
         <value>0x6631</value>
         <object_component_ref idref="oc-670"/>
      </symbol>
      <symbol id="sm-e6b">
         <name>__TI_closefile</name>
         <value>0x52f9</value>
         <object_component_ref idref="oc-6c1"/>
      </symbol>
      <symbol id="sm-e8e">
         <name>finddevice</name>
         <value>0x6431</value>
         <object_component_ref idref="oc-769"/>
      </symbol>
      <symbol id="sm-e8f">
         <name>getdevice</name>
         <value>0x6025</value>
         <object_component_ref idref="oc-741"/>
      </symbol>
      <symbol id="sm-e9e">
         <name>strcmp</name>
         <value>0x6835</value>
         <object_component_ref idref="oc-780"/>
      </symbol>
      <symbol id="sm-eac">
         <name>strcpy</name>
         <value>0x6965</value>
         <object_component_ref idref="oc-734"/>
      </symbol>
      <symbol id="sm-ebc">
         <name>strncpy</name>
         <value>0x62c7</value>
         <object_component_ref idref="oc-763"/>
      </symbol>
      <symbol id="sm-ed1">
         <name>close</name>
         <value>0x59e5</value>
         <object_component_ref idref="oc-709"/>
      </symbol>
      <symbol id="sm-ee1">
         <name>unlink</name>
         <value>0x6515</value>
         <object_component_ref idref="oc-70f"/>
      </symbol>
      <symbol id="sm-ee2">
         <name>__TI_static_base__</name>
         <value>0x0</value>
      </symbol>
      <symbol id="sm-ee5">
         <name>__mpu_init</name>
         <value>0x0</value>
      </symbol>
      <symbol id="sm-ee6">
         <name>_system_post_cinit</name>
         <value>0x0</value>
      </symbol>
      <symbol id="sm-ee7">
         <name>NMI_Handler</name>
         <value>0x6a2b</value>
      </symbol>
      <symbol id="sm-ee8">
         <name>HardFault_Handler</name>
         <value>0x6a2b</value>
      </symbol>
      <symbol id="sm-ee9">
         <name>MemManage_Handler</name>
         <value>0x6a2b</value>
      </symbol>
      <symbol id="sm-eea">
         <name>BusFault_Handler</name>
         <value>0x6a2b</value>
      </symbol>
      <symbol id="sm-eeb">
         <name>UsageFault_Handler</name>
         <value>0x6a2b</value>
      </symbol>
      <symbol id="sm-eec">
         <name>SVC_Handler</name>
         <value>0x6a2b</value>
      </symbol>
      <symbol id="sm-eed">
         <name>DebugMon_Handler</name>
         <value>0x6a2b</value>
      </symbol>
      <symbol id="sm-eee">
         <name>PendSV_Handler</name>
         <value>0x6a2b</value>
      </symbol>
      <symbol id="sm-eef">
         <name>SysTick_Handler</name>
         <value>0x6a2b</value>
      </symbol>
      <symbol id="sm-ef0">
         <name>PSS_IRQHandler</name>
         <value>0x6a2b</value>
      </symbol>
      <symbol id="sm-ef1">
         <name>CS_IRQHandler</name>
         <value>0x6a2b</value>
      </symbol>
      <symbol id="sm-ef2">
         <name>PCM_IRQHandler</name>
         <value>0x6a2b</value>
      </symbol>
      <symbol id="sm-ef3">
         <name>WDT_A_IRQHandler</name>
         <value>0x6a2b</value>
      </symbol>
      <symbol id="sm-ef4">
         <name>FPU_IRQHandler</name>
         <value>0x6a2b</value>
      </symbol>
      <symbol id="sm-ef5">
         <name>FLCTL_IRQHandler</name>
         <value>0x6a2b</value>
      </symbol>
      <symbol id="sm-ef6">
         <name>COMP_E0_IRQHandler</name>
         <value>0x6a2b</value>
      </symbol>
      <symbol id="sm-ef7">
         <name>COMP_E1_IRQHandler</name>
         <value>0x6a2b</value>
      </symbol>
      <symbol id="sm-ef8">
         <name>TA0_0_IRQHandler</name>
         <value>0x6a2b</value>
      </symbol>
      <symbol id="sm-ef9">
         <name>TA0_N_IRQHandler</name>
         <value>0x6a2b</value>
      </symbol>
      <symbol id="sm-efa">
         <name>TA1_0_IRQHandler</name>
         <value>0x158f</value>
      </symbol>
      <symbol id="sm-efb">
         <name>TA1_N_IRQHandler</name>
         <value>0x6a2b</value>
      </symbol>
      <symbol id="sm-efc">
         <name>TA2_0_IRQHandler</name>
         <value>0x6a2b</value>
      </symbol>
      <symbol id="sm-efd">
         <name>TA2_N_IRQHandler</name>
         <value>0x6a2b</value>
      </symbol>
      <symbol id="sm-efe">
         <name>TA3_0_IRQHandler</name>
         <value>0x6a2b</value>
      </symbol>
      <symbol id="sm-eff">
         <name>TA3_N_IRQHandler</name>
         <value>0x6a2b</value>
      </symbol>
      <symbol id="sm-f00">
         <name>EUSCIA0_IRQHandler</name>
         <value>0x6a2b</value>
      </symbol>
      <symbol id="sm-f01">
         <name>EUSCIA1_IRQHandler</name>
         <value>0x6a2b</value>
      </symbol>
      <symbol id="sm-f02">
         <name>EUSCIA2_IRQHandler</name>
         <value>0x6a2b</value>
      </symbol>
      <symbol id="sm-f03">
         <name>EUSCIA3_IRQHandler</name>
         <value>0x6a2b</value>
      </symbol>
      <symbol id="sm-f04">
         <name>EUSCIB0_IRQHandler</name>
         <value>0x6a2b</value>
      </symbol>
      <symbol id="sm-f05">
         <name>EUSCIB1_IRQHandler</name>
         <value>0x6a2b</value>
      </symbol>
      <symbol id="sm-f06">
         <name>EUSCIB2_IRQHandler</name>
         <value>0x6a2b</value>
      </symbol>
      <symbol id="sm-f07">
         <name>EUSCIB3_IRQHandler</name>
         <value>0x6a2b</value>
      </symbol>
      <symbol id="sm-f08">
         <name>ADC14_IRQHandler</name>
         <value>0x6a2b</value>
      </symbol>
      <symbol id="sm-f09">
         <name>T32_INT1_IRQHandler</name>
         <value>0x6a2b</value>
      </symbol>
      <symbol id="sm-f0a">
         <name>T32_INT2_IRQHandler</name>
         <value>0x6a2b</value>
      </symbol>
      <symbol id="sm-f0b">
         <name>T32_INTC_IRQHandler</name>
         <value>0x6a2b</value>
      </symbol>
      <symbol id="sm-f0c">
         <name>AES256_IRQHandler</name>
         <value>0x6a2b</value>
      </symbol>
      <symbol id="sm-f0d">
         <name>RTC_C_IRQHandler</name>
         <value>0x6a2b</value>
      </symbol>
      <symbol id="sm-f0e">
         <name>DMA_ERR_IRQHandler</name>
         <value>0x6a2b</value>
      </symbol>
      <symbol id="sm-f0f">
         <name>DMA_INT3_IRQHandler</name>
         <value>0x6a2b</value>
      </symbol>
      <symbol id="sm-f10">
         <name>DMA_INT2_IRQHandler</name>
         <value>0x6a2b</value>
      </symbol>
      <symbol id="sm-f11">
         <name>DMA_INT1_IRQHandler</name>
         <value>0x6a2b</value>
      </symbol>
      <symbol id="sm-f12">
         <name>DMA_INT0_IRQHandler</name>
         <value>0x6a2b</value>
      </symbol>
      <symbol id="sm-f13">
         <name>PORT1_IRQHandler</name>
         <value>0x1bdd</value>
      </symbol>
      <symbol id="sm-f14">
         <name>PORT2_IRQHandler</name>
         <value>0x6a2b</value>
      </symbol>
      <symbol id="sm-f15">
         <name>PORT3_IRQHandler</name>
         <value>0x1c05</value>
      </symbol>
      <symbol id="sm-f16">
         <name>PORT4_IRQHandler</name>
         <value>0x6a2b</value>
      </symbol>
      <symbol id="sm-f17">
         <name>PORT5_IRQHandler</name>
         <value>0x1c1b</value>
      </symbol>
      <symbol id="sm-f18">
         <name>PORT6_IRQHandler</name>
         <value>0x6a2b</value>
      </symbol>
      <symbol id="sm-f19">
         <name>remove</name>
         <value>0x6515</value>
      </symbol>
   </symbol_table>
   <title>Link successful</title>
</link_info>
