<?xml version="1.0" encoding="ISO-8859-1" ?>
<link_info>
   <banner>TI ARM Linker PC v20.2.7.LTS</banner>
   <copyright>Copyright (c) 1996-2018 Texas Instruments Incorporated</copyright>
   <link_time>0x685ed280</link_time>
   <link_errors>0x0</link_errors>
   <output_file>SmartRoomController.out</output_file>
   <entry_point>
      <name>_c_int00_noargs</name>
      <address>0x74e1</address>
   </entry_point>
   <input_file_list>
      <input_file id="fl-2">
         <path>.\</path>
         <kind>object</kind>
         <file>HAL_I2C.obj</file>
         <name>HAL_I2C.obj</name>
      </input_file>
      <input_file id="fl-3">
         <path>.\</path>
         <kind>object</kind>
         <file>HAL_OPT3001.obj</file>
         <name>HAL_OPT3001.obj</name>
      </input_file>
      <input_file id="fl-4">
         <path>.\</path>
         <kind>object</kind>
         <file>HAL_TMP006.obj</file>
         <name>HAL_TMP006.obj</name>
      </input_file>
      <input_file id="fl-5">
         <path>.\</path>
         <kind>object</kind>
         <file>main.obj</file>
         <name>main.obj</name>
      </input_file>
      <input_file id="fl-6">
         <path>.\</path>
         <kind>object</kind>
         <file>startup_msp432p401r_ccs.obj</file>
         <name>startup_msp432p401r_ccs.obj</name>
      </input_file>
      <input_file id="fl-7">
         <path>.\</path>
         <kind>object</kind>
         <file>system_msp432p401r.obj</file>
         <name>system_msp432p401r.obj</name>
      </input_file>
      <input_file id="fl-8">
         <path>.\LcdDriver\</path>
         <kind>object</kind>
         <file>Crystalfontz128x128_ST7735.obj</file>
         <name>Crystalfontz128x128_ST7735.obj</name>
      </input_file>
      <input_file id="fl-9">
         <path>.\LcdDriver\</path>
         <kind>object</kind>
         <file>HAL_MSP_EXP432P401R_Crystalfontz128x128_ST7735.obj</file>
         <name>HAL_MSP_EXP432P401R_Crystalfontz128x128_ST7735.obj</name>
      </input_file>
      <input_file id="fl-a">
         <path>.\Sensors\</path>
         <kind>object</kind>
         <file>accellerometer.obj</file>
         <name>accellerometer.obj</name>
      </input_file>
      <input_file id="fl-b">
         <path>.\Sensors\</path>
         <kind>object</kind>
         <file>buzzer.obj</file>
         <name>buzzer.obj</name>
      </input_file>
      <input_file id="fl-c">
         <path>.\Sensors\</path>
         <kind>object</kind>
         <file>display.obj</file>
         <name>display.obj</name>
      </input_file>
      <input_file id="fl-d">
         <path>.\Sensors\</path>
         <kind>object</kind>
         <file>led.obj</file>
         <name>led.obj</name>
      </input_file>
      <input_file id="fl-e">
         <path>.\Sensors\</path>
         <kind>object</kind>
         <file>lightSensor.obj</file>
         <name>lightSensor.obj</name>
      </input_file>
      <input_file id="fl-f">
         <path>.\Sensors\</path>
         <kind>object</kind>
         <file>pir.obj</file>
         <name>pir.obj</name>
      </input_file>
      <input_file id="fl-10">
         <path>.\Sensors\</path>
         <kind>object</kind>
         <file>rtc.obj</file>
         <name>rtc.obj</name>
      </input_file>
      <input_file id="fl-11">
         <path>.\Sensors\</path>
         <kind>object</kind>
         <file>temperature.obj</file>
         <name>temperature.obj</name>
      </input_file>
      <input_file id="fl-16">
         <kind>object</kind>
         <file>&lt;internal&gt;</file>
         <name>&lt;internal&gt;</name>
      </input_file>
      <input_file id="fl-17">
         <path>C:\Users\matty\OneDrive\Desktop\Embedded\CSS_lib\simplelink_msp432p4_sdk_3_40_01_02\source\ti\devices\msp432p4xx\driverlib\ccs\</path>
         <kind>archive</kind>
         <file>msp432p4xx_driverlib.lib</file>
         <name>cs.o</name>
      </input_file>
      <input_file id="fl-18">
         <path>C:\Users\matty\OneDrive\Desktop\Embedded\CSS_lib\simplelink_msp432p4_sdk_3_40_01_02\source\ti\devices\msp432p4xx\driverlib\ccs\</path>
         <kind>archive</kind>
         <file>msp432p4xx_driverlib.lib</file>
         <name>flash.o</name>
      </input_file>
      <input_file id="fl-19">
         <path>C:\Users\matty\OneDrive\Desktop\Embedded\CSS_lib\simplelink_msp432p4_sdk_3_40_01_02\source\ti\devices\msp432p4xx\driverlib\ccs\</path>
         <kind>archive</kind>
         <file>msp432p4xx_driverlib.lib</file>
         <name>gpio.o</name>
      </input_file>
      <input_file id="fl-1a">
         <path>C:\Users\matty\OneDrive\Desktop\Embedded\CSS_lib\simplelink_msp432p4_sdk_3_40_01_02\source\ti\devices\msp432p4xx\driverlib\ccs\</path>
         <kind>archive</kind>
         <file>msp432p4xx_driverlib.lib</file>
         <name>i2c.o</name>
      </input_file>
      <input_file id="fl-1b">
         <path>C:\Users\matty\OneDrive\Desktop\Embedded\CSS_lib\simplelink_msp432p4_sdk_3_40_01_02\source\ti\devices\msp432p4xx\driverlib\ccs\</path>
         <kind>archive</kind>
         <file>msp432p4xx_driverlib.lib</file>
         <name>interrupt.o</name>
      </input_file>
      <input_file id="fl-1c">
         <path>C:\Users\matty\OneDrive\Desktop\Embedded\CSS_lib\simplelink_msp432p4_sdk_3_40_01_02\source\ti\devices\msp432p4xx\driverlib\ccs\</path>
         <kind>archive</kind>
         <file>msp432p4xx_driverlib.lib</file>
         <name>pcm.o</name>
      </input_file>
      <input_file id="fl-1d">
         <path>C:\Users\matty\OneDrive\Desktop\Embedded\CSS_lib\simplelink_msp432p4_sdk_3_40_01_02\source\ti\devices\msp432p4xx\driverlib\ccs\</path>
         <kind>archive</kind>
         <file>msp432p4xx_driverlib.lib</file>
         <name>rtc_c.o</name>
      </input_file>
      <input_file id="fl-1e">
         <path>C:\Users\matty\OneDrive\Desktop\Embedded\CSS_lib\simplelink_msp432p4_sdk_3_40_01_02\source\ti\devices\msp432p4xx\driverlib\ccs\</path>
         <kind>archive</kind>
         <file>msp432p4xx_driverlib.lib</file>
         <name>spi.o</name>
      </input_file>
      <input_file id="fl-1f">
         <path>C:\Users\matty\OneDrive\Desktop\Embedded\CSS_lib\simplelink_msp432p4_sdk_3_40_01_02\source\ti\devices\msp432p4xx\driverlib\ccs\</path>
         <kind>archive</kind>
         <file>msp432p4xx_driverlib.lib</file>
         <name>sysctl.o</name>
      </input_file>
      <input_file id="fl-20">
         <path>C:\Users\matty\OneDrive\Desktop\Embedded\CSS_lib\simplelink_msp432p4_sdk_3_40_01_02\source\ti\devices\msp432p4xx\driverlib\ccs\</path>
         <kind>archive</kind>
         <file>msp432p4xx_driverlib.lib</file>
         <name>sysctl_a.o</name>
      </input_file>
      <input_file id="fl-21">
         <path>C:\Users\matty\OneDrive\Desktop\Embedded\CSS_lib\simplelink_msp432p4_sdk_3_40_01_02\source\ti\devices\msp432p4xx\driverlib\ccs\</path>
         <kind>archive</kind>
         <file>msp432p4xx_driverlib.lib</file>
         <name>timer_a.o</name>
      </input_file>
      <input_file id="fl-22">
         <path>C:\Users\matty\OneDrive\Desktop\Embedded\CSS_lib\simplelink_msp432p4_sdk_3_40_01_02\source\ti\devices\msp432p4xx\driverlib\ccs\</path>
         <kind>archive</kind>
         <file>msp432p4xx_driverlib.lib</file>
         <name>wdt_a.o</name>
      </input_file>
      <input_file id="fl-23">
         <path>C:\Users\matty\OneDrive\Desktop\Embedded\CSS_lib\simplelink_msp432p4_sdk_3_40_01_02\source\ti\devices\msp432p4xx\driverlib\ccs\</path>
         <kind>archive</kind>
         <file>msp432p4xx_driverlib.lib</file>
         <name>cpu.o</name>
      </input_file>
      <input_file id="fl-24">
         <path>C:\Users\matty\OneDrive\Desktop\Embedded\CSS_lib\simplelink_msp432p4_sdk_3_40_01_02\source\ti\grlib\lib\ccs\m4\</path>
         <kind>archive</kind>
         <file>grlib.a</file>
         <name>context.obj</name>
      </input_file>
      <input_file id="fl-25">
         <path>C:\Users\matty\OneDrive\Desktop\Embedded\CSS_lib\simplelink_msp432p4_sdk_3_40_01_02\source\ti\grlib\lib\ccs\m4\</path>
         <kind>archive</kind>
         <file>grlib.a</file>
         <name>display.obj</name>
      </input_file>
      <input_file id="fl-26">
         <path>C:\Users\matty\OneDrive\Desktop\Embedded\CSS_lib\simplelink_msp432p4_sdk_3_40_01_02\source\ti\grlib\lib\ccs\m4\</path>
         <kind>archive</kind>
         <file>grlib.a</file>
         <name>fontcmss16.obj</name>
      </input_file>
      <input_file id="fl-27">
         <path>C:\Users\matty\OneDrive\Desktop\Embedded\CSS_lib\simplelink_msp432p4_sdk_3_40_01_02\source\ti\grlib\lib\ccs\m4\</path>
         <kind>archive</kind>
         <file>grlib.a</file>
         <name>fontcmss20b.obj</name>
      </input_file>
      <input_file id="fl-28">
         <path>C:\Users\matty\OneDrive\Desktop\Embedded\CSS_lib\simplelink_msp432p4_sdk_3_40_01_02\source\ti\grlib\lib\ccs\m4\</path>
         <kind>archive</kind>
         <file>grlib.a</file>
         <name>fontfixed6x8.obj</name>
      </input_file>
      <input_file id="fl-29">
         <path>C:\Users\matty\OneDrive\Desktop\Embedded\CSS_lib\simplelink_msp432p4_sdk_3_40_01_02\source\ti\grlib\lib\ccs\m4\</path>
         <kind>archive</kind>
         <file>grlib.a</file>
         <name>image.obj</name>
      </input_file>
      <input_file id="fl-2a">
         <path>C:\Users\matty\OneDrive\Desktop\Embedded\CSS_lib\simplelink_msp432p4_sdk_3_40_01_02\source\ti\grlib\lib\ccs\m4\</path>
         <kind>archive</kind>
         <file>grlib.a</file>
         <name>line.obj</name>
      </input_file>
      <input_file id="fl-2b">
         <path>C:\Users\matty\OneDrive\Desktop\Embedded\CSS_lib\simplelink_msp432p4_sdk_3_40_01_02\source\ti\grlib\lib\ccs\m4\</path>
         <kind>archive</kind>
         <file>grlib.a</file>
         <name>string.obj</name>
      </input_file>
      <input_file id="fl-e2">
         <path>C:\ti\ccs1280\ccs\tools\compiler\ti-cgt-arm_20.2.7.LTS\lib\</path>
         <kind>archive</kind>
         <file>rtsv7M4_T_le_v4SPD16_eabi.lib</file>
         <name>e_sqrtf.c.obj</name>
      </input_file>
      <input_file id="fl-e3">
         <path>C:\ti\ccs1280\ccs\tools\compiler\ti-cgt-arm_20.2.7.LTS\lib\</path>
         <kind>archive</kind>
         <file>rtsv7M4_T_le_v4SPD16_eabi.lib</file>
         <name>e_pow.c.obj</name>
      </input_file>
      <input_file id="fl-e4">
         <path>C:\ti\ccs1280\ccs\tools\compiler\ti-cgt-arm_20.2.7.LTS\lib\</path>
         <kind>archive</kind>
         <file>rtsv7M4_T_le_v4SPD16_eabi.lib</file>
         <name>e_sqrt.c.obj</name>
      </input_file>
      <input_file id="fl-e5">
         <path>C:\ti\ccs1280\ccs\tools\compiler\ti-cgt-arm_20.2.7.LTS\lib\</path>
         <kind>archive</kind>
         <file>rtsv7M4_T_le_v4SPD16_eabi.lib</file>
         <name>s_scalbn.c.obj</name>
      </input_file>
      <input_file id="fl-e6">
         <path>C:\ti\ccs1280\ccs\tools\compiler\ti-cgt-arm_20.2.7.LTS\lib\</path>
         <kind>archive</kind>
         <file>rtsv7M4_T_le_v4SPD16_eabi.lib</file>
         <name>printf.c.obj</name>
      </input_file>
      <input_file id="fl-e7">
         <path>C:\ti\ccs1280\ccs\tools\compiler\ti-cgt-arm_20.2.7.LTS\lib\</path>
         <kind>archive</kind>
         <file>rtsv7M4_T_le_v4SPD16_eabi.lib</file>
         <name>_printfi.c.obj</name>
      </input_file>
      <input_file id="fl-e8">
         <path>C:\ti\ccs1280\ccs\tools\compiler\ti-cgt-arm_20.2.7.LTS\lib\</path>
         <kind>archive</kind>
         <file>rtsv7M4_T_le_v4SPD16_eabi.lib</file>
         <name>sprintf.c.obj</name>
      </input_file>
      <input_file id="fl-e9">
         <path>C:\ti\ccs1280\ccs\tools\compiler\ti-cgt-arm_20.2.7.LTS\lib\</path>
         <kind>archive</kind>
         <file>rtsv7M4_T_le_v4SPD16_eabi.lib</file>
         <name>fputc.c.obj</name>
      </input_file>
      <input_file id="fl-ea">
         <path>C:\ti\ccs1280\ccs\tools\compiler\ti-cgt-arm_20.2.7.LTS\lib\</path>
         <kind>archive</kind>
         <file>rtsv7M4_T_le_v4SPD16_eabi.lib</file>
         <name>fputs.c.obj</name>
      </input_file>
      <input_file id="fl-eb">
         <path>C:\ti\ccs1280\ccs\tools\compiler\ti-cgt-arm_20.2.7.LTS\lib\</path>
         <kind>archive</kind>
         <file>rtsv7M4_T_le_v4SPD16_eabi.lib</file>
         <name>_io_perm.c.obj</name>
      </input_file>
      <input_file id="fl-ec">
         <path>C:\ti\ccs1280\ccs\tools\compiler\ti-cgt-arm_20.2.7.LTS\lib\</path>
         <kind>archive</kind>
         <file>rtsv7M4_T_le_v4SPD16_eabi.lib</file>
         <name>setvbuf.c.obj</name>
      </input_file>
      <input_file id="fl-ed">
         <path>C:\ti\ccs1280\ccs\tools\compiler\ti-cgt-arm_20.2.7.LTS\lib\</path>
         <kind>archive</kind>
         <file>rtsv7M4_T_le_v4SPD16_eabi.lib</file>
         <name>fd_add_t2.asm.obj</name>
      </input_file>
      <input_file id="fl-ee">
         <path>C:\ti\ccs1280\ccs\tools\compiler\ti-cgt-arm_20.2.7.LTS\lib\</path>
         <kind>archive</kind>
         <file>rtsv7M4_T_le_v4SPD16_eabi.lib</file>
         <name>fd_cmp_t2.asm.obj</name>
      </input_file>
      <input_file id="fl-ef">
         <path>C:\ti\ccs1280\ccs\tools\compiler\ti-cgt-arm_20.2.7.LTS\lib\</path>
         <kind>archive</kind>
         <file>rtsv7M4_T_le_v4SPD16_eabi.lib</file>
         <name>fd_div_t2.asm.obj</name>
      </input_file>
      <input_file id="fl-f0">
         <path>C:\ti\ccs1280\ccs\tools\compiler\ti-cgt-arm_20.2.7.LTS\lib\</path>
         <kind>archive</kind>
         <file>rtsv7M4_T_le_v4SPD16_eabi.lib</file>
         <name>fd_mul_t2.asm.obj</name>
      </input_file>
      <input_file id="fl-f1">
         <path>C:\ti\ccs1280\ccs\tools\compiler\ti-cgt-arm_20.2.7.LTS\lib\</path>
         <kind>archive</kind>
         <file>rtsv7M4_T_le_v4SPD16_eabi.lib</file>
         <name>fd_toi_t2.asm.obj</name>
      </input_file>
      <input_file id="fl-f2">
         <path>C:\ti\ccs1280\ccs\tools\compiler\ti-cgt-arm_20.2.7.LTS\lib\</path>
         <kind>archive</kind>
         <file>rtsv7M4_T_le_v4SPD16_eabi.lib</file>
         <name>fd_tos_t2.asm.obj</name>
      </input_file>
      <input_file id="fl-f3">
         <path>C:\ti\ccs1280\ccs\tools\compiler\ti-cgt-arm_20.2.7.LTS\lib\</path>
         <kind>archive</kind>
         <file>rtsv7M4_T_le_v4SPD16_eabi.lib</file>
         <name>fs_tod_t2.asm.obj</name>
      </input_file>
      <input_file id="fl-f4">
         <path>C:\ti\ccs1280\ccs\tools\compiler\ti-cgt-arm_20.2.7.LTS\lib\</path>
         <kind>archive</kind>
         <file>rtsv7M4_T_le_v4SPD16_eabi.lib</file>
         <name>i_tofd_t2.asm.obj</name>
      </input_file>
      <input_file id="fl-f5">
         <path>C:\ti\ccs1280\ccs\tools\compiler\ti-cgt-arm_20.2.7.LTS\lib\</path>
         <kind>archive</kind>
         <file>rtsv7M4_T_le_v4SPD16_eabi.lib</file>
         <name>memcpy_t2.asm.obj</name>
      </input_file>
      <input_file id="fl-f6">
         <path>C:\ti\ccs1280\ccs\tools\compiler\ti-cgt-arm_20.2.7.LTS\lib\</path>
         <kind>archive</kind>
         <file>rtsv7M4_T_le_v4SPD16_eabi.lib</file>
         <name>memset_t2.asm.obj</name>
      </input_file>
      <input_file id="fl-f7">
         <path>C:\ti\ccs1280\ccs\tools\compiler\ti-cgt-arm_20.2.7.LTS\lib\</path>
         <kind>archive</kind>
         <file>rtsv7M4_T_le_v4SPD16_eabi.lib</file>
         <name>ull_div_t2.asm.obj</name>
      </input_file>
      <input_file id="fl-f8">
         <path>C:\ti\ccs1280\ccs\tools\compiler\ti-cgt-arm_20.2.7.LTS\lib\</path>
         <kind>archive</kind>
         <file>rtsv7M4_T_le_v4SPD16_eabi.lib</file>
         <name>copy_zero_init.c.obj</name>
      </input_file>
      <input_file id="fl-f9">
         <path>C:\ti\ccs1280\ccs\tools\compiler\ti-cgt-arm_20.2.7.LTS\lib\</path>
         <kind>archive</kind>
         <file>rtsv7M4_T_le_v4SPD16_eabi.lib</file>
         <name>copy_decompress_none.c.obj</name>
      </input_file>
      <input_file id="fl-fa">
         <path>C:\ti\ccs1280\ccs\tools\compiler\ti-cgt-arm_20.2.7.LTS\lib\</path>
         <kind>archive</kind>
         <file>rtsv7M4_T_le_v4SPD16_eabi.lib</file>
         <name>copy_decompress_lzss.c.obj</name>
      </input_file>
      <input_file id="fl-fb">
         <path>C:\ti\ccs1280\ccs\tools\compiler\ti-cgt-arm_20.2.7.LTS\lib\</path>
         <kind>archive</kind>
         <file>rtsv7M4_T_le_v4SPD16_eabi.lib</file>
         <name>exit.c.obj</name>
      </input_file>
      <input_file id="fl-fc">
         <path>C:\ti\ccs1280\ccs\tools\compiler\ti-cgt-arm_20.2.7.LTS\lib\</path>
         <kind>archive</kind>
         <file>rtsv7M4_T_le_v4SPD16_eabi.lib</file>
         <name>_lock.c.obj</name>
      </input_file>
      <input_file id="fl-fd">
         <path>C:\ti\ccs1280\ccs\tools\compiler\ti-cgt-arm_20.2.7.LTS\lib\</path>
         <kind>archive</kind>
         <file>rtsv7M4_T_le_v4SPD16_eabi.lib</file>
         <name>_ltoa.c.obj</name>
      </input_file>
      <input_file id="fl-fe">
         <path>C:\ti\ccs1280\ccs\tools\compiler\ti-cgt-arm_20.2.7.LTS\lib\</path>
         <kind>archive</kind>
         <file>rtsv7M4_T_le_v4SPD16_eabi.lib</file>
         <name>atoi.c.obj</name>
      </input_file>
      <input_file id="fl-ff">
         <path>C:\ti\ccs1280\ccs\tools\compiler\ti-cgt-arm_20.2.7.LTS\lib\</path>
         <kind>archive</kind>
         <file>rtsv7M4_T_le_v4SPD16_eabi.lib</file>
         <name>ctype.c.obj</name>
      </input_file>
      <input_file id="fl-100">
         <path>C:\ti\ccs1280\ccs\tools\compiler\ti-cgt-arm_20.2.7.LTS\lib\</path>
         <kind>archive</kind>
         <file>rtsv7M4_T_le_v4SPD16_eabi.lib</file>
         <name>defs.c.obj</name>
      </input_file>
      <input_file id="fl-101">
         <path>C:\ti\ccs1280\ccs\tools\compiler\ti-cgt-arm_20.2.7.LTS\lib\</path>
         <kind>archive</kind>
         <file>rtsv7M4_T_le_v4SPD16_eabi.lib</file>
         <name>memccpy.c.obj</name>
      </input_file>
      <input_file id="fl-102">
         <path>C:\ti\ccs1280\ccs\tools\compiler\ti-cgt-arm_20.2.7.LTS\lib\</path>
         <kind>archive</kind>
         <file>rtsv7M4_T_le_v4SPD16_eabi.lib</file>
         <name>memchr.c.obj</name>
      </input_file>
      <input_file id="fl-103">
         <path>C:\ti\ccs1280\ccs\tools\compiler\ti-cgt-arm_20.2.7.LTS\lib\</path>
         <kind>archive</kind>
         <file>rtsv7M4_T_le_v4SPD16_eabi.lib</file>
         <name>memory.c.obj</name>
      </input_file>
      <input_file id="fl-104">
         <path>C:\ti\ccs1280\ccs\tools\compiler\ti-cgt-arm_20.2.7.LTS\lib\</path>
         <kind>archive</kind>
         <file>rtsv7M4_T_le_v4SPD16_eabi.lib</file>
         <name>strchr.c.obj</name>
      </input_file>
      <input_file id="fl-105">
         <path>C:\ti\ccs1280\ccs\tools\compiler\ti-cgt-arm_20.2.7.LTS\lib\</path>
         <kind>archive</kind>
         <file>rtsv7M4_T_le_v4SPD16_eabi.lib</file>
         <name>strlen.c.obj</name>
      </input_file>
      <input_file id="fl-106">
         <path>C:\ti\ccs1280\ccs\tools\compiler\ti-cgt-arm_20.2.7.LTS\lib\</path>
         <kind>archive</kind>
         <file>rtsv7M4_T_le_v4SPD16_eabi.lib</file>
         <name>boot_cortex_m.c.obj</name>
      </input_file>
      <input_file id="fl-107">
         <path>C:\ti\ccs1280\ccs\tools\compiler\ti-cgt-arm_20.2.7.LTS\lib\</path>
         <kind>archive</kind>
         <file>rtsv7M4_T_le_v4SPD16_eabi.lib</file>
         <name>write.c.obj</name>
      </input_file>
      <input_file id="fl-108">
         <path>C:\ti\ccs1280\ccs\tools\compiler\ti-cgt-arm_20.2.7.LTS\lib\</path>
         <kind>archive</kind>
         <file>rtsv7M4_T_le_v4SPD16_eabi.lib</file>
         <name>host_device.c.obj</name>
      </input_file>
      <input_file id="fl-109">
         <path>C:\ti\ccs1280\ccs\tools\compiler\ti-cgt-arm_20.2.7.LTS\lib\</path>
         <kind>archive</kind>
         <file>rtsv7M4_T_le_v4SPD16_eabi.lib</file>
         <name>errno.c.obj</name>
      </input_file>
      <input_file id="fl-10a">
         <path>C:\ti\ccs1280\ccs\tools\compiler\ti-cgt-arm_20.2.7.LTS\lib\</path>
         <kind>archive</kind>
         <file>rtsv7M4_T_le_v4SPD16_eabi.lib</file>
         <name>wcslen.c.obj</name>
      </input_file>
      <input_file id="fl-10b">
         <path>C:\ti\ccs1280\ccs\tools\compiler\ti-cgt-arm_20.2.7.LTS\lib\</path>
         <kind>archive</kind>
         <file>rtsv7M4_T_le_v4SPD16_eabi.lib</file>
         <name>s_copysign.c.obj</name>
      </input_file>
      <input_file id="fl-10c">
         <path>C:\ti\ccs1280\ccs\tools\compiler\ti-cgt-arm_20.2.7.LTS\lib\</path>
         <kind>archive</kind>
         <file>rtsv7M4_T_le_v4SPD16_eabi.lib</file>
         <name>s_frexp.c.obj</name>
      </input_file>
      <input_file id="fl-10d">
         <path>C:\ti\ccs1280\ccs\tools\compiler\ti-cgt-arm_20.2.7.LTS\lib\</path>
         <kind>archive</kind>
         <file>rtsv7M4_T_le_v4SPD16_eabi.lib</file>
         <name>fflush.c.obj</name>
      </input_file>
      <input_file id="fl-10e">
         <path>C:\ti\ccs1280\ccs\tools\compiler\ti-cgt-arm_20.2.7.LTS\lib\</path>
         <kind>archive</kind>
         <file>rtsv7M4_T_le_v4SPD16_eabi.lib</file>
         <name>fopen.c.obj</name>
      </input_file>
      <input_file id="fl-10f">
         <path>C:\ti\ccs1280\ccs\tools\compiler\ti-cgt-arm_20.2.7.LTS\lib\</path>
         <kind>archive</kind>
         <file>rtsv7M4_T_le_v4SPD16_eabi.lib</file>
         <name>fseek.c.obj</name>
      </input_file>
      <input_file id="fl-110">
         <path>C:\ti\ccs1280\ccs\tools\compiler\ti-cgt-arm_20.2.7.LTS\lib\</path>
         <kind>archive</kind>
         <file>rtsv7M4_T_le_v4SPD16_eabi.lib</file>
         <name>div0.asm.obj</name>
      </input_file>
      <input_file id="fl-111">
         <path>C:\ti\ccs1280\ccs\tools\compiler\ti-cgt-arm_20.2.7.LTS\lib\</path>
         <kind>archive</kind>
         <file>rtsv7M4_T_le_v4SPD16_eabi.lib</file>
         <name>autoinit.c.obj</name>
      </input_file>
      <input_file id="fl-112">
         <path>C:\ti\ccs1280\ccs\tools\compiler\ti-cgt-arm_20.2.7.LTS\lib\</path>
         <kind>archive</kind>
         <file>rtsv7M4_T_le_v4SPD16_eabi.lib</file>
         <name>pre_init.c.obj</name>
      </input_file>
      <input_file id="fl-113">
         <path>C:\ti\ccs1280\ccs\tools\compiler\ti-cgt-arm_20.2.7.LTS\lib\</path>
         <kind>archive</kind>
         <file>rtsv7M4_T_le_v4SPD16_eabi.lib</file>
         <name>cpy_tbl.c.obj</name>
      </input_file>
      <input_file id="fl-114">
         <path>C:\ti\ccs1280\ccs\tools\compiler\ti-cgt-arm_20.2.7.LTS\lib\</path>
         <kind>archive</kind>
         <file>rtsv7M4_T_le_v4SPD16_eabi.lib</file>
         <name>args_main.c.obj</name>
      </input_file>
      <input_file id="fl-115">
         <path>C:\ti\ccs1280\ccs\tools\compiler\ti-cgt-arm_20.2.7.LTS\lib\</path>
         <kind>archive</kind>
         <file>rtsv7M4_T_le_v4SPD16_eabi.lib</file>
         <name>hostclose.c.obj</name>
      </input_file>
      <input_file id="fl-116">
         <path>C:\ti\ccs1280\ccs\tools\compiler\ti-cgt-arm_20.2.7.LTS\lib\</path>
         <kind>archive</kind>
         <file>rtsv7M4_T_le_v4SPD16_eabi.lib</file>
         <name>hostlseek.c.obj</name>
      </input_file>
      <input_file id="fl-117">
         <path>C:\ti\ccs1280\ccs\tools\compiler\ti-cgt-arm_20.2.7.LTS\lib\</path>
         <kind>archive</kind>
         <file>rtsv7M4_T_le_v4SPD16_eabi.lib</file>
         <name>hostopen.c.obj</name>
      </input_file>
      <input_file id="fl-118">
         <path>C:\ti\ccs1280\ccs\tools\compiler\ti-cgt-arm_20.2.7.LTS\lib\</path>
         <kind>archive</kind>
         <file>rtsv7M4_T_le_v4SPD16_eabi.lib</file>
         <name>hostread.c.obj</name>
      </input_file>
      <input_file id="fl-119">
         <path>C:\ti\ccs1280\ccs\tools\compiler\ti-cgt-arm_20.2.7.LTS\lib\</path>
         <kind>archive</kind>
         <file>rtsv7M4_T_le_v4SPD16_eabi.lib</file>
         <name>hostrename.c.obj</name>
      </input_file>
      <input_file id="fl-11a">
         <path>C:\ti\ccs1280\ccs\tools\compiler\ti-cgt-arm_20.2.7.LTS\lib\</path>
         <kind>archive</kind>
         <file>rtsv7M4_T_le_v4SPD16_eabi.lib</file>
         <name>hostunlink.c.obj</name>
      </input_file>
      <input_file id="fl-11b">
         <path>C:\ti\ccs1280\ccs\tools\compiler\ti-cgt-arm_20.2.7.LTS\lib\</path>
         <kind>archive</kind>
         <file>rtsv7M4_T_le_v4SPD16_eabi.lib</file>
         <name>hostwrite.c.obj</name>
      </input_file>
      <input_file id="fl-11c">
         <path>C:\ti\ccs1280\ccs\tools\compiler\ti-cgt-arm_20.2.7.LTS\lib\</path>
         <kind>archive</kind>
         <file>rtsv7M4_T_le_v4SPD16_eabi.lib</file>
         <name>trgmsg.c.obj</name>
      </input_file>
      <input_file id="fl-11d">
         <path>C:\ti\ccs1280\ccs\tools\compiler\ti-cgt-arm_20.2.7.LTS\lib\</path>
         <kind>archive</kind>
         <file>rtsv7M4_T_le_v4SPD16_eabi.lib</file>
         <name>open.c.obj</name>
      </input_file>
      <input_file id="fl-11e">
         <path>C:\ti\ccs1280\ccs\tools\compiler\ti-cgt-arm_20.2.7.LTS\lib\</path>
         <kind>archive</kind>
         <file>rtsv7M4_T_le_v4SPD16_eabi.lib</file>
         <name>lseek.c.obj</name>
      </input_file>
      <input_file id="fl-11f">
         <path>C:\ti\ccs1280\ccs\tools\compiler\ti-cgt-arm_20.2.7.LTS\lib\</path>
         <kind>archive</kind>
         <file>rtsv7M4_T_le_v4SPD16_eabi.lib</file>
         <name>fclose.c.obj</name>
      </input_file>
      <input_file id="fl-120">
         <path>C:\ti\ccs1280\ccs\tools\compiler\ti-cgt-arm_20.2.7.LTS\lib\</path>
         <kind>archive</kind>
         <file>rtsv7M4_T_le_v4SPD16_eabi.lib</file>
         <name>getdevice.c.obj</name>
      </input_file>
      <input_file id="fl-121">
         <path>C:\ti\ccs1280\ccs\tools\compiler\ti-cgt-arm_20.2.7.LTS\lib\</path>
         <kind>archive</kind>
         <file>rtsv7M4_T_le_v4SPD16_eabi.lib</file>
         <name>strcmp.c.obj</name>
      </input_file>
      <input_file id="fl-122">
         <path>C:\ti\ccs1280\ccs\tools\compiler\ti-cgt-arm_20.2.7.LTS\lib\</path>
         <kind>archive</kind>
         <file>rtsv7M4_T_le_v4SPD16_eabi.lib</file>
         <name>strcpy.c.obj</name>
      </input_file>
      <input_file id="fl-123">
         <path>C:\ti\ccs1280\ccs\tools\compiler\ti-cgt-arm_20.2.7.LTS\lib\</path>
         <kind>archive</kind>
         <file>rtsv7M4_T_le_v4SPD16_eabi.lib</file>
         <name>strncpy.c.obj</name>
      </input_file>
      <input_file id="fl-124">
         <path>C:\ti\ccs1280\ccs\tools\compiler\ti-cgt-arm_20.2.7.LTS\lib\</path>
         <kind>archive</kind>
         <file>rtsv7M4_T_le_v4SPD16_eabi.lib</file>
         <name>remove.c.obj</name>
      </input_file>
      <input_file id="fl-125">
         <path>C:\ti\ccs1280\ccs\tools\compiler\ti-cgt-arm_20.2.7.LTS\lib\</path>
         <kind>archive</kind>
         <file>rtsv7M4_T_le_v4SPD16_eabi.lib</file>
         <name>close.c.obj</name>
      </input_file>
      <input_file id="fl-126">
         <path>C:\ti\ccs1280\ccs\tools\compiler\ti-cgt-arm_20.2.7.LTS\lib\</path>
         <kind>archive</kind>
         <file>rtsv7M4_T_le_v4SPD16_eabi.lib</file>
         <name>unlink.c.obj</name>
      </input_file>
   </input_file_list>
   <object_component_list>
      <object_component id="oc-26">
         <name>.intvecs:retain</name>
         <load_address>0x0</load_address>
         <run_address>0x0</run_address>
         <size>0xe4</size>
         <input_file_ref idref="fl-6"/>
      </object_component>
      <object_component id="oc-36f">
         <name>.text:__TI_printfi</name>
         <load_address>0xe4</load_address>
         <run_address>0xe4</run_address>
         <size>0xa4e</size>
         <input_file_ref idref="fl-e7"/>
      </object_component>
      <object_component id="oc-49f">
         <name>.text:_nop</name>
         <load_address>0xb32</load_address>
         <run_address>0xb32</run_address>
         <size>0x2</size>
         <input_file_ref idref="fl-fc"/>
      </object_component>
      <object_component id="oc-451">
         <name>.text:pow</name>
         <load_address>0xb34</load_address>
         <run_address>0xb34</run_address>
         <size>0x9d0</size>
         <input_file_ref idref="fl-e3"/>
      </object_component>
      <object_component id="oc-10c">
         <name>.text</name>
         <load_address>0x1504</load_address>
         <run_address>0x1504</run_address>
         <size>0x8f0</size>
         <input_file_ref idref="fl-c"/>
      </object_component>
      <object_component id="oc-1d2">
         <name>.text</name>
         <load_address>0x1df4</load_address>
         <run_address>0x1df4</run_address>
         <size>0x680</size>
         <input_file_ref idref="fl-8"/>
      </object_component>
      <object_component id="oc-9a">
         <name>.text</name>
         <load_address>0x2474</load_address>
         <run_address>0x2474</run_address>
         <size>0x4a8</size>
         <input_file_ref idref="fl-5"/>
      </object_component>
      <object_component id="oc-22b">
         <name>.text:Graphics_drawString</name>
         <load_address>0x291c</load_address>
         <run_address>0x291c</run_address>
         <size>0x47e</size>
         <input_file_ref idref="fl-2b"/>
      </object_component>
      <object_component id="oc-6d3">
         <name>.text</name>
         <load_address>0x2d9a</load_address>
         <run_address>0x2d9a</run_address>
         <size>0x2</size>
         <input_file_ref idref="fl-110"/>
      </object_component>
      <object_component id="oc-25f">
         <name>.text</name>
         <load_address>0x2d9c</load_address>
         <run_address>0x2d9c</run_address>
         <size>0x408</size>
         <input_file_ref idref="fl-4"/>
      </object_component>
      <object_component id="oc-21f">
         <name>.text:Graphics_drawImage</name>
         <load_address>0x31a4</load_address>
         <run_address>0x31a4</run_address>
         <size>0x390</size>
         <input_file_ref idref="fl-29"/>
      </object_component>
      <object_component id="oc-ac">
         <name>.text</name>
         <load_address>0x3534</load_address>
         <run_address>0x3534</run_address>
         <size>0x334</size>
         <input_file_ref idref="fl-7"/>
      </object_component>
      <object_component id="oc-124">
         <name>.text</name>
         <load_address>0x3868</load_address>
         <run_address>0x3868</run_address>
         <size>0x304</size>
         <input_file_ref idref="fl-d"/>
      </object_component>
      <object_component id="oc-528">
         <name>.text:_pconv_a</name>
         <load_address>0x3b6c</load_address>
         <run_address>0x3b6c</run_address>
         <size>0x270</size>
         <input_file_ref idref="fl-e7"/>
      </object_component>
      <object_component id="oc-516">
         <name>.text:_pconv_g</name>
         <load_address>0x3ddc</load_address>
         <run_address>0x3ddc</run_address>
         <size>0x1d0</size>
         <input_file_ref idref="fl-e7"/>
      </object_component>
      <object_component id="oc-26a">
         <name>.text</name>
         <load_address>0x3fac</load_address>
         <run_address>0x3fac</run_address>
         <size>0x1b6</size>
         <input_file_ref idref="fl-ed"/>
      </object_component>
      <object_component id="oc-3de">
         <name>.text:Graphics_clipLine</name>
         <load_address>0x4162</load_address>
         <run_address>0x4162</run_address>
         <size>0x180</size>
         <input_file_ref idref="fl-2a"/>
      </object_component>
      <object_component id="oc-240">
         <name>.text:Graphics_drawLine</name>
         <load_address>0x42e2</load_address>
         <run_address>0x42e2</run_address>
         <size>0x174</size>
         <input_file_ref idref="fl-2a"/>
      </object_component>
      <object_component id="oc-4c2">
         <name>.text:__PCM_setPowerModeAdvanced</name>
         <load_address>0x4458</load_address>
         <run_address>0x4458</run_address>
         <size>0x15c</size>
         <input_file_ref idref="fl-1c"/>
      </object_component>
      <object_component id="oc-58f">
         <name>.text:sqrt</name>
         <load_address>0x45b4</load_address>
         <run_address>0x45b4</run_address>
         <size>0x158</size>
         <input_file_ref idref="fl-e4"/>
      </object_component>
      <object_component id="oc-45f">
         <name>.text:privateTimer_AProcessClockSourceDivider</name>
         <load_address>0x470c</load_address>
         <run_address>0x470c</run_address>
         <size>0x144</size>
         <input_file_ref idref="fl-21"/>
      </object_component>
      <object_component id="oc-258">
         <name>.text</name>
         <load_address>0x4850</load_address>
         <run_address>0x4850</run_address>
         <size>0x13c</size>
         <input_file_ref idref="fl-3"/>
      </object_component>
      <object_component id="oc-522">
         <name>.text:_pconv_e</name>
         <load_address>0x498c</load_address>
         <run_address>0x498c</run_address>
         <size>0x13c</size>
         <input_file_ref idref="fl-e7"/>
      </object_component>
      <object_component id="oc-231">
         <name>.text</name>
         <load_address>0x4ac8</load_address>
         <run_address>0x4ac8</run_address>
         <size>0x136</size>
         <input_file_ref idref="fl-ef"/>
      </object_component>
      <object_component id="oc-f4">
         <name>.text:CS_initClockSignal</name>
         <load_address>0x4c00</load_address>
         <run_address>0x4c00</run_address>
         <size>0x130</size>
         <input_file_ref idref="fl-17"/>
      </object_component>
      <object_component id="oc-640">
         <name>.text:fcvt</name>
         <load_address>0x4d30</load_address>
         <run_address>0x4d30</run_address>
         <size>0x124</size>
         <input_file_ref idref="fl-e7"/>
      </object_component>
      <object_component id="oc-252">
         <name>.text</name>
         <load_address>0x4e54</load_address>
         <run_address>0x4e54</run_address>
         <size>0x118</size>
         <input_file_ref idref="fl-2"/>
      </object_component>
      <object_component id="oc-5bb">
         <name>.text:fputs</name>
         <load_address>0x4f6c</load_address>
         <run_address>0x4f6c</run_address>
         <size>0x114</size>
         <input_file_ref idref="fl-ea"/>
      </object_component>
      <object_component id="oc-59d">
         <name>.text:scalbn</name>
         <load_address>0x5080</load_address>
         <run_address>0x5080</run_address>
         <size>0x110</size>
         <input_file_ref idref="fl-e5"/>
      </object_component>
      <object_component id="oc-1bd">
         <name>.text:__PCM_setCoreVoltageLevelAdvanced</name>
         <load_address>0x5190</load_address>
         <run_address>0x5190</run_address>
         <size>0x108</size>
         <input_file_ref idref="fl-1c"/>
      </object_component>
      <object_component id="oc-76d">
         <name>.text:aligned_alloc</name>
         <load_address>0x5298</load_address>
         <run_address>0x5298</run_address>
         <size>0x100</size>
         <input_file_ref idref="fl-103"/>
      </object_component>
      <object_component id="oc-236">
         <name>.text</name>
         <load_address>0x5398</load_address>
         <run_address>0x5398</run_address>
         <size>0xfc</size>
         <input_file_ref idref="fl-f0"/>
      </object_component>
      <object_component id="oc-225">
         <name>.text:Graphics_getStringWidth</name>
         <load_address>0x5494</load_address>
         <run_address>0x5494</run_address>
         <size>0xfa</size>
         <input_file_ref idref="fl-2b"/>
      </object_component>
      <object_component id="oc-72b">
         <name>.text:free</name>
         <load_address>0x5590</load_address>
         <run_address>0x5590</run_address>
         <size>0xe4</size>
         <input_file_ref idref="fl-103"/>
      </object_component>
      <object_component id="oc-483">
         <name>.text:CS_startLFXTWithTimeout</name>
         <load_address>0x5674</load_address>
         <run_address>0x5674</run_address>
         <size>0xe0</size>
         <input_file_ref idref="fl-17"/>
      </object_component>
      <object_component id="oc-12a">
         <name>.text</name>
         <load_address>0x5754</load_address>
         <run_address>0x5754</run_address>
         <size>0xe0</size>
         <input_file_ref idref="fl-10"/>
      </object_component>
      <object_component id="oc-705">
         <name>.text:setvbuf</name>
         <load_address>0x5834</load_address>
         <run_address>0x5834</run_address>
         <size>0xdc</size>
         <input_file_ref idref="fl-ec"/>
      </object_component>
      <object_component id="oc-348">
         <name>.text</name>
         <load_address>0x5910</load_address>
         <run_address>0x5910</run_address>
         <size>0xcc</size>
         <input_file_ref idref="fl-9"/>
      </object_component>
      <object_component id="oc-50b">
         <name>.text:_ltostr</name>
         <load_address>0x59dc</load_address>
         <run_address>0x59dc</run_address>
         <size>0xb1</size>
         <input_file_ref idref="fl-e7"/>
      </object_component>
      <object_component id="oc-4da">
         <name>.text:SPI_initMaster</name>
         <load_address>0x5a8e</load_address>
         <run_address>0x5a8e</run_address>
         <size>0xb0</size>
         <input_file_ref idref="fl-1e"/>
      </object_component>
      <object_component id="oc-3c9">
         <name>.text:Graphics_drawLineH</name>
         <load_address>0x5b3e</load_address>
         <run_address>0x5b3e</run_address>
         <size>0x9c</size>
         <input_file_ref idref="fl-2a"/>
      </object_component>
      <object_component id="oc-3d8">
         <name>.text:Graphics_drawLineV</name>
         <load_address>0x5bda</load_address>
         <run_address>0x5bda</run_address>
         <size>0x9c</size>
         <input_file_ref idref="fl-2a"/>
      </object_component>
      <object_component id="oc-3a">
         <name>.text</name>
         <load_address>0x5c76</load_address>
         <run_address>0x5c76</run_address>
         <size>0x9c</size>
         <input_file_ref idref="fl-f5"/>
      </object_component>
      <object_component id="oc-626">
         <name>.text</name>
         <load_address>0x5d12</load_address>
         <run_address>0x5d12</run_address>
         <size>0x96</size>
         <input_file_ref idref="fl-f7"/>
      </object_component>
      <object_component id="oc-2a1">
         <name>.text:RTC_C_initCalendar</name>
         <load_address>0x5da8</load_address>
         <run_address>0x5da8</run_address>
         <size>0x94</size>
         <input_file_ref idref="fl-1d"/>
      </object_component>
      <object_component id="oc-5c2">
         <name>.text:fputc</name>
         <load_address>0x5e3c</load_address>
         <run_address>0x5e3c</run_address>
         <size>0x8c</size>
         <input_file_ref idref="fl-e9"/>
      </object_component>
      <object_component id="oc-270">
         <name>.text:GPIO_setAsPeripheralModuleFunctionOutputPin</name>
         <load_address>0x5ec8</load_address>
         <run_address>0x5ec8</run_address>
         <size>0x88</size>
         <input_file_ref idref="fl-19"/>
      </object_component>
      <object_component id="oc-511">
         <name>.text:__aeabi_cdcmple</name>
         <load_address>0x5f50</load_address>
         <run_address>0x5f50</run_address>
         <size>0x86</size>
         <input_file_ref idref="fl-ee"/>
      </object_component>
      <object_component id="oc-598">
         <name>.text:__aeabi_cdrcmple</name>
         <load_address>0x5fd6</load_address>
         <run_address>0x5fd6</run_address>
         <size>0x86</size>
         <input_file_ref idref="fl-ee"/>
      </object_component>
      <object_component id="oc-2b3">
         <name>.text:RTC_C_getCalendarTime</name>
         <load_address>0x605c</load_address>
         <run_address>0x605c</run_address>
         <size>0x7c</size>
         <input_file_ref idref="fl-1d"/>
      </object_component>
      <object_component id="oc-11e">
         <name>.text</name>
         <load_address>0x60d8</load_address>
         <run_address>0x60d8</run_address>
         <size>0x7c</size>
         <input_file_ref idref="fl-11"/>
      </object_component>
      <object_component id="oc-8e">
         <name>.text</name>
         <load_address>0x6154</load_address>
         <run_address>0x6154</run_address>
         <size>0x7a</size>
         <input_file_ref idref="fl-f6"/>
      </object_component>
      <object_component id="oc-276">
         <name>.text:Timer_A_generatePWM</name>
         <load_address>0x61d0</load_address>
         <run_address>0x61d0</run_address>
         <size>0x74</size>
         <input_file_ref idref="fl-21"/>
      </object_component>
      <object_component id="oc-774">
         <name>.text:__TI_closefile</name>
         <load_address>0x6244</load_address>
         <run_address>0x6244</run_address>
         <size>0x74</size>
         <input_file_ref idref="fl-11f"/>
      </object_component>
      <object_component id="oc-7b5">
         <name>.text:split</name>
         <load_address>0x62b8</load_address>
         <run_address>0x62b8</run_address>
         <size>0x70</size>
         <input_file_ref idref="fl-103"/>
      </object_component>
      <object_component id="oc-639">
         <name>.text:_mcpy</name>
         <load_address>0x6328</load_address>
         <run_address>0x6328</run_address>
         <size>0x6e</size>
         <input_file_ref idref="fl-e7"/>
      </object_component>
      <object_component id="oc-265">
         <name>.text</name>
         <load_address>0x6396</load_address>
         <run_address>0x6396</run_address>
         <size>0x6e</size>
         <input_file_ref idref="fl-f2"/>
      </object_component>
      <object_component id="oc-3ae">
         <name>.text:Graphics_convertPalette</name>
         <load_address>0x6404</load_address>
         <run_address>0x6404</run_address>
         <size>0x6c</size>
         <input_file_ref idref="fl-29"/>
      </object_component>
      <object_component id="oc-7a4">
         <name>.text:HOSTrename</name>
         <load_address>0x6470</load_address>
         <run_address>0x6470</run_address>
         <size>0x6c</size>
         <input_file_ref idref="fl-119"/>
      </object_component>
      <object_component id="oc-43b">
         <name>.text:I2C_masterSendMultiByteFinish</name>
         <load_address>0x64dc</load_address>
         <run_address>0x64dc</run_address>
         <size>0x6c</size>
         <input_file_ref idref="fl-1a"/>
      </object_component>
      <object_component id="oc-798">
         <name>.text:HOSTlseek</name>
         <load_address>0x6548</load_address>
         <run_address>0x6548</run_address>
         <size>0x68</size>
         <input_file_ref idref="fl-116"/>
      </object_component>
      <object_component id="oc-411">
         <name>.text:I2C_masterSendMultiByteStart</name>
         <load_address>0x65b0</load_address>
         <run_address>0x65b0</run_address>
         <size>0x68</size>
         <input_file_ref idref="fl-1a"/>
      </object_component>
      <object_component id="oc-2c9">
         <name>.text:Timer_A_configureUpMode</name>
         <load_address>0x6618</load_address>
         <run_address>0x6618</run_address>
         <size>0x68</size>
         <input_file_ref idref="fl-21"/>
      </object_component>
      <object_component id="oc-17">
         <name>.text:decompress:lzss:__TI_decompress_lzss</name>
         <load_address>0x6680</load_address>
         <run_address>0x6680</run_address>
         <size>0x68</size>
         <input_file_ref idref="fl-fa"/>
      </object_component>
      <object_component id="oc-282">
         <name>.text:printf</name>
         <load_address>0x66e8</load_address>
         <run_address>0x66e8</run_address>
         <size>0x68</size>
         <input_file_ref idref="fl-e6"/>
      </object_component>
      <object_component id="oc-56f">
         <name>.text:Graphics_getClipCode</name>
         <load_address>0x6750</load_address>
         <run_address>0x6750</run_address>
         <size>0x64</size>
         <input_file_ref idref="fl-2a"/>
      </object_component>
      <object_component id="oc-64e">
         <name>.text:frexp</name>
         <load_address>0x67b4</load_address>
         <run_address>0x67b4</run_address>
         <size>0x64</size>
         <input_file_ref idref="fl-10c"/>
      </object_component>
      <object_component id="oc-6ff">
         <name>.text:fseek</name>
         <load_address>0x6818</load_address>
         <run_address>0x6818</run_address>
         <size>0x64</size>
         <input_file_ref idref="fl-10f"/>
      </object_component>
      <object_component id="oc-3ed">
         <name>.text:I2C_initMaster</name>
         <load_address>0x687c</load_address>
         <run_address>0x687c</run_address>
         <size>0x62</size>
         <input_file_ref idref="fl-1a"/>
      </object_component>
      <object_component id="oc-6a1">
         <name>.text:__TI_wrt_ok</name>
         <load_address>0x68de</load_address>
         <run_address>0x68de</run_address>
         <size>0x62</size>
         <input_file_ref idref="fl-eb"/>
      </object_component>
      <object_component id="oc-780">
         <name>.text:HOSTopen</name>
         <load_address>0x6940</load_address>
         <run_address>0x6940</run_address>
         <size>0x60</size>
         <input_file_ref idref="fl-117"/>
      </object_component>
      <object_component id="oc-332">
         <name>.text:PCM_getCoreVoltageLevel</name>
         <load_address>0x69a0</load_address>
         <run_address>0x69a0</run_address>
         <size>0x5e</size>
         <input_file_ref idref="fl-1c"/>
      </object_component>
      <object_component id="oc-7bc">
         <name>.text:close</name>
         <load_address>0x6a00</load_address>
         <run_address>0x6a00</run_address>
         <size>0x5c</size>
         <input_file_ref idref="fl-125"/>
      </object_component>
      <object_component id="oc-32c">
         <name>.text:PCM_getPowerMode</name>
         <load_address>0x6a5c</load_address>
         <run_address>0x6a5c</run_address>
         <size>0x5a</size>
         <input_file_ref idref="fl-1c"/>
      </object_component>
      <object_component id="oc-fa">
         <name>.text:GPIO_setAsInputPinWithPullUpResistor</name>
         <load_address>0x6ab8</load_address>
         <run_address>0x6ab8</run_address>
         <size>0x58</size>
         <input_file_ref idref="fl-19"/>
      </object_component>
      <object_component id="oc-78c">
         <name>.text:HOSTread</name>
         <load_address>0x6b10</load_address>
         <run_address>0x6b10</run_address>
         <size>0x58</size>
         <input_file_ref idref="fl-118"/>
      </object_component>
      <object_component id="oc-792">
         <name>.text:HOSTwrite</name>
         <load_address>0x6b68</load_address>
         <run_address>0x6b68</run_address>
         <size>0x58</size>
         <input_file_ref idref="fl-11b"/>
      </object_component>
      <object_component id="oc-51c">
         <name>.text:_pconv_f</name>
         <load_address>0x6bc0</load_address>
         <run_address>0x6bc0</run_address>
         <size>0x56</size>
         <input_file_ref idref="fl-e7"/>
      </object_component>
      <object_component id="oc-62d">
         <name>.text:__TI_ltoa</name>
         <load_address>0x6c16</load_address>
         <run_address>0x6c16</run_address>
         <size>0x54</size>
         <input_file_ref idref="fl-fd"/>
      </object_component>
      <object_component id="oc-1d8">
         <name>.text:Graphics_initContext</name>
         <load_address>0x6c6a</load_address>
         <run_address>0x6c6a</run_address>
         <size>0x52</size>
         <input_file_ref idref="fl-24"/>
      </object_component>
      <object_component id="oc-633">
         <name>.text:_ecpy</name>
         <load_address>0x6cbc</load_address>
         <run_address>0x6cbc</run_address>
         <size>0x52</size>
         <input_file_ref idref="fl-e7"/>
      </object_component>
      <object_component id="oc-2cf">
         <name>.text:Timer_A_initCompare</name>
         <load_address>0x6d0e</load_address>
         <run_address>0x6d0e</run_address>
         <size>0x4e</size>
         <input_file_ref idref="fl-21"/>
      </object_component>
      <object_component id="oc-24b">
         <name>.text:GPIO_setAsInputPin</name>
         <load_address>0x6d5c</load_address>
         <run_address>0x6d5c</run_address>
         <size>0x4c</size>
         <input_file_ref idref="fl-19"/>
      </object_component>
      <object_component id="oc-6ad">
         <name>.text:__TI_doflush</name>
         <load_address>0x6da8</load_address>
         <run_address>0x6da8</run_address>
         <size>0x4c</size>
         <input_file_ref idref="fl-10d"/>
      </object_component>
      <object_component id="oc-505">
         <name>.text:atoi</name>
         <load_address>0x6df4</load_address>
         <run_address>0x6df4</run_address>
         <size>0x4c</size>
         <input_file_ref idref="fl-fe"/>
      </object_component>
      <object_component id="oc-e8">
         <name>.text:FlashCtl_setWaitState</name>
         <load_address>0x6e40</load_address>
         <run_address>0x6e40</run_address>
         <size>0x48</size>
         <input_file_ref idref="fl-18"/>
      </object_component>
      <object_component id="oc-1f6">
         <name>.text:Graphics_drawStringCentered</name>
         <load_address>0x6e88</load_address>
         <run_address>0x6e88</run_address>
         <size>0x48</size>
         <input_file_ref idref="fl-2b"/>
      </object_component>
      <object_component id="oc-148">
         <name>.text</name>
         <load_address>0x6ed0</load_address>
         <run_address>0x6ed0</run_address>
         <size>0x48</size>
         <input_file_ref idref="fl-b"/>
      </object_component>
      <object_component id="oc-16e">
         <name>.text:exit</name>
         <load_address>0x6f18</load_address>
         <run_address>0x6f18</run_address>
         <size>0x48</size>
         <input_file_ref idref="fl-fb"/>
      </object_component>
      <object_component id="oc-23b">
         <name>.text</name>
         <load_address>0x6f60</load_address>
         <run_address>0x6f60</run_address>
         <size>0x48</size>
         <input_file_ref idref="fl-f1"/>
      </object_component>
      <object_component id="oc-3b4">
         <name>.text:Graphics_drawMultiplePixelsOnDisplay</name>
         <load_address>0x6fa8</load_address>
         <run_address>0x6fa8</run_address>
         <size>0x46</size>
         <input_file_ref idref="fl-25"/>
      </object_component>
      <object_component id="oc-786">
         <name>.text:HOSTclose</name>
         <load_address>0x6ff0</load_address>
         <run_address>0x6ff0</run_address>
         <size>0x44</size>
         <input_file_ref idref="fl-115"/>
      </object_component>
      <object_component id="oc-79e">
         <name>.text:HOSTunlink</name>
         <load_address>0x7034</load_address>
         <run_address>0x7034</run_address>
         <size>0x44</size>
         <input_file_ref idref="fl-11a"/>
      </object_component>
      <object_component id="oc-174">
         <name>.text:__TI_auto_init_nobinit_nopinit:__TI_auto_init_nobinit_nopinit</name>
         <load_address>0x7078</load_address>
         <run_address>0x7078</run_address>
         <size>0x44</size>
         <input_file_ref idref="fl-111"/>
      </object_component>
      <object_component id="oc-7f4">
         <name>.text:getdevice</name>
         <load_address>0x70bc</load_address>
         <run_address>0x70bc</run_address>
         <size>0x44</size>
         <input_file_ref idref="fl-120"/>
      </object_component>
      <object_component id="oc-112">
         <name>.text</name>
         <load_address>0x7100</load_address>
         <run_address>0x7100</run_address>
         <size>0x42</size>
         <input_file_ref idref="fl-f"/>
      </object_component>
      <object_component id="oc-100">
         <name>.text:GPIO_setAsOutputPin</name>
         <load_address>0x7144</load_address>
         <run_address>0x7144</run_address>
         <size>0x40</size>
         <input_file_ref idref="fl-19"/>
      </object_component>
      <object_component id="oc-3c3">
         <name>.text:Graphics_getNumberOfLeadingZeros</name>
         <load_address>0x7184</load_address>
         <run_address>0x7184</run_address>
         <size>0x40</size>
         <input_file_ref idref="fl-2b"/>
      </object_component>
      <object_component id="oc-42f">
         <name>.text:I2C_masterReceiveMultiByteFinish</name>
         <load_address>0x71c4</load_address>
         <run_address>0x71c4</run_address>
         <size>0x40</size>
         <input_file_ref idref="fl-1a"/>
      </object_component>
      <object_component id="oc-605">
         <name>.text:is_A_Module</name>
         <load_address>0x7204</load_address>
         <run_address>0x7204</run_address>
         <size>0x40</size>
         <input_file_ref idref="fl-1e"/>
      </object_component>
      <object_component id="oc-1fc">
         <name>.text:sprintf</name>
         <load_address>0x7244</load_address>
         <run_address>0x7244</run_address>
         <size>0x40</size>
         <input_file_ref idref="fl-e8"/>
      </object_component>
      <object_component id="oc-646">
         <name>.text:_fcpy</name>
         <load_address>0x7284</load_address>
         <run_address>0x7284</run_address>
         <size>0x3e</size>
         <input_file_ref idref="fl-e7"/>
      </object_component>
      <object_component id="oc-41d">
         <name>.text:I2C_masterSendMultiByteStop</name>
         <load_address>0x72c4</load_address>
         <run_address>0x72c4</run_address>
         <size>0x38</size>
         <input_file_ref idref="fl-1a"/>
      </object_component>
      <object_component id="oc-7cd">
         <name>.text:__TI_writemsg</name>
         <load_address>0x72fc</load_address>
         <run_address>0x72fc</run_address>
         <size>0x38</size>
         <input_file_ref idref="fl-11c"/>
      </object_component>
      <object_component id="oc-202">
         <name>.text</name>
         <load_address>0x7334</load_address>
         <run_address>0x7334</run_address>
         <size>0x38</size>
         <input_file_ref idref="fl-f3"/>
      </object_component>
      <object_component id="oc-561">
         <name>.text:Graphics_drawHorizontalLineOnDisplay</name>
         <load_address>0x736c</load_address>
         <run_address>0x736c</run_address>
         <size>0x36</size>
         <input_file_ref idref="fl-25"/>
      </object_component>
      <object_component id="oc-568">
         <name>.text:Graphics_drawVerticalLineOnDisplay</name>
         <load_address>0x73a2</load_address>
         <run_address>0x73a2</run_address>
         <size>0x36</size>
         <input_file_ref idref="fl-25"/>
      </object_component>
      <object_component id="oc-816">
         <name>.text:strncpy</name>
         <load_address>0x73d8</load_address>
         <run_address>0x73d8</run_address>
         <size>0x36</size>
         <input_file_ref idref="fl-123"/>
      </object_component>
      <object_component id="oc-ee">
         <name>.text:CS_setDCOCenteredFrequency</name>
         <load_address>0x7410</load_address>
         <run_address>0x7410</run_address>
         <size>0x34</size>
         <input_file_ref idref="fl-17"/>
      </object_component>
      <object_component id="oc-435">
         <name>.text:I2C_masterSendMultiByteNext</name>
         <load_address>0x7444</load_address>
         <run_address>0x7444</run_address>
         <size>0x34</size>
         <input_file_ref idref="fl-1a"/>
      </object_component>
      <object_component id="oc-737">
         <name>.text:__TI_cleanup</name>
         <load_address>0x7478</load_address>
         <run_address>0x7478</run_address>
         <size>0x34</size>
         <input_file_ref idref="fl-10e"/>
      </object_component>
      <object_component id="oc-7d3">
         <name>.text:__TI_readmsg</name>
         <load_address>0x74ac</load_address>
         <run_address>0x74ac</run_address>
         <size>0x34</size>
         <input_file_ref idref="fl-11c"/>
      </object_component>
      <object_component id="oc-58">
         <name>.text:_c_int00_noargs:_c_int00_noargs</name>
         <load_address>0x74e0</load_address>
         <run_address>0x74e0</run_address>
         <size>0x34</size>
         <input_file_ref idref="fl-106"/>
      </object_component>
      <object_component id="oc-130">
         <name>.text:GPIO_getInputPinValue</name>
         <load_address>0x7514</load_address>
         <run_address>0x7514</run_address>
         <size>0x30</size>
         <input_file_ref idref="fl-19"/>
      </object_component>
      <object_component id="oc-81c">
         <name>.text:finddevice</name>
         <load_address>0x7544</load_address>
         <run_address>0x7544</run_address>
         <size>0x30</size>
         <input_file_ref idref="fl-120"/>
      </object_component>
      <object_component id="oc-118">
         <name>.text</name>
         <load_address>0x7574</load_address>
         <run_address>0x7574</run_address>
         <size>0x30</size>
         <input_file_ref idref="fl-e"/>
      </object_component>
      <object_component id="oc-44c">
         <name>.text</name>
         <load_address>0x75a4</load_address>
         <run_address>0x75a4</run_address>
         <size>0x2e</size>
         <input_file_ref idref="fl-f4"/>
      </object_component>
      <object_component id="oc-3ba">
         <name>.text:Graphics_drawPixelOnDisplay</name>
         <load_address>0x75d2</load_address>
         <run_address>0x75d2</run_address>
         <size>0x2c</size>
         <input_file_ref idref="fl-25"/>
      </object_component>
      <object_component id="oc-2ad">
         <name>.text:RTC_C_startClock</name>
         <load_address>0x7600</load_address>
         <run_address>0x7600</run_address>
         <size>0x2c</size>
         <input_file_ref idref="fl-1d"/>
      </object_component>
      <object_component id="oc-7c2">
         <name>.text:unlink</name>
         <load_address>0x762c</load_address>
         <run_address>0x762c</run_address>
         <size>0x2c</size>
         <input_file_ref idref="fl-126"/>
      </object_component>
      <object_component id="oc-14e">
         <name>.text:GPIO_setOutputHighOnPin</name>
         <load_address>0x7658</load_address>
         <run_address>0x7658</run_address>
         <size>0x28</size>
         <input_file_ref idref="fl-19"/>
      </object_component>
      <object_component id="oc-106">
         <name>.text:GPIO_setOutputLowOnPin</name>
         <load_address>0x7680</load_address>
         <run_address>0x7680</run_address>
         <size>0x28</size>
         <input_file_ref idref="fl-19"/>
      </object_component>
      <object_component id="oc-27c">
         <name>.text:Timer_A_setCompareValue</name>
         <load_address>0x76a8</load_address>
         <run_address>0x76a8</run_address>
         <size>0x28</size>
         <input_file_ref idref="fl-21"/>
      </object_component>
      <object_component id="oc-766">
         <name>.text:free_list_insert</name>
         <load_address>0x76d0</load_address>
         <run_address>0x76d0</run_address>
         <size>0x28</size>
         <input_file_ref idref="fl-103"/>
      </object_component>
      <object_component id="oc-723">
         <name>.text:lseek</name>
         <load_address>0x76f8</load_address>
         <run_address>0x76f8</run_address>
         <size>0x28</size>
         <input_file_ref idref="fl-11e"/>
      </object_component>
      <object_component id="oc-6b3">
         <name>.text:write</name>
         <load_address>0x7720</load_address>
         <run_address>0x7720</run_address>
         <size>0x28</size>
         <input_file_ref idref="fl-107"/>
      </object_component>
      <object_component id="oc-d6">
         <name>.text:WDT_A_holdTimer</name>
         <load_address>0x7748</load_address>
         <run_address>0x7748</run_address>
         <size>0x24</size>
         <input_file_ref idref="fl-22"/>
      </object_component>
      <object_component id="oc-6a7">
         <name>.text:memchr</name>
         <load_address>0x776c</load_address>
         <run_address>0x776c</run_address>
         <size>0x20</size>
         <input_file_ref idref="fl-102"/>
      </object_component>
      <object_component id="oc-3ff">
         <name>.text:I2C_setMode</name>
         <load_address>0x778c</load_address>
         <run_address>0x778c</run_address>
         <size>0x1c</size>
         <input_file_ref idref="fl-1a"/>
      </object_component>
      <object_component id="oc-4e0">
         <name>.text:SPI_enableModule</name>
         <load_address>0x77a8</load_address>
         <run_address>0x77a8</run_address>
         <size>0x1c</size>
         <input_file_ref idref="fl-1e"/>
      </object_component>
      <object_component id="oc-760">
         <name>.text:free_list_remove</name>
         <load_address>0x77c4</load_address>
         <run_address>0x77c4</run_address>
         <size>0x1c</size>
         <input_file_ref idref="fl-103"/>
      </object_component>
      <object_component id="oc-52e">
         <name>.text:memccpy</name>
         <load_address>0x77e0</load_address>
         <run_address>0x77e0</run_address>
         <size>0x1c</size>
         <input_file_ref idref="fl-101"/>
      </object_component>
      <object_component id="oc-366">
         <name>.text:Graphics_clearDisplayOnDisplay</name>
         <load_address>0x77fc</load_address>
         <run_address>0x77fc</run_address>
         <size>0x1a</size>
         <input_file_ref idref="fl-25"/>
      </object_component>
      <object_component id="oc-1e4">
         <name>.text:Graphics_setBackgroundColor</name>
         <load_address>0x7816</load_address>
         <run_address>0x7816</run_address>
         <size>0x1a</size>
         <input_file_ref idref="fl-24"/>
      </object_component>
      <object_component id="oc-1ea">
         <name>.text:Graphics_setFont</name>
         <load_address>0x7830</load_address>
         <run_address>0x7830</run_address>
         <size>0x1a</size>
         <input_file_ref idref="fl-24"/>
      </object_component>
      <object_component id="oc-423">
         <name>.text:I2C_masterReceiveStart</name>
         <load_address>0x784a</load_address>
         <run_address>0x784a</run_address>
         <size>0x1a</size>
         <input_file_ref idref="fl-1a"/>
      </object_component>
      <object_component id="oc-68b">
         <name>.text:copysign</name>
         <load_address>0x7864</load_address>
         <run_address>0x7864</run_address>
         <size>0x1a</size>
         <input_file_ref idref="fl-10b"/>
      </object_component>
      <object_component id="oc-417">
         <name>.text:I2C_getInterruptStatus</name>
         <load_address>0x787e</load_address>
         <run_address>0x787e</run_address>
         <size>0x18</size>
         <input_file_ref idref="fl-1a"/>
      </object_component>
      <object_component id="oc-40b">
         <name>.text:I2C_isBusBusy</name>
         <load_address>0x7898</load_address>
         <run_address>0x7898</run_address>
         <size>0x18</size>
         <input_file_ref idref="fl-1a"/>
      </object_component>
      <object_component id="oc-5d8">
         <name>.text:SysCtl_A_disableNMISource</name>
         <load_address>0x78b0</load_address>
         <run_address>0x78b0</run_address>
         <size>0x18</size>
         <input_file_ref idref="fl-20"/>
      </object_component>
      <object_component id="oc-5de">
         <name>.text:SysCtl_A_enableNMISource</name>
         <load_address>0x78c8</load_address>
         <run_address>0x78c8</run_address>
         <size>0x18</size>
         <input_file_ref idref="fl-20"/>
      </object_component>
      <object_component id="oc-13c">
         <name>.text:Timer_A_clearTimer</name>
         <load_address>0x78e0</load_address>
         <run_address>0x78e0</run_address>
         <size>0x18</size>
         <input_file_ref idref="fl-21"/>
      </object_component>
      <object_component id="oc-375">
         <name>.text:_outs</name>
         <load_address>0x78f8</load_address>
         <run_address>0x78f8</run_address>
         <size>0x18</size>
         <input_file_ref idref="fl-e8"/>
      </object_component>
      <object_component id="oc-833">
         <name>.text:strcmp</name>
         <load_address>0x7910</load_address>
         <run_address>0x7910</run_address>
         <size>0x18</size>
         <input_file_ref idref="fl-121"/>
      </object_component>
      <object_component id="oc-60d">
         <name>.text:EUSCI_A_SPI_enable</name>
         <load_address>0x7928</load_address>
         <run_address>0x7928</run_address>
         <size>0x16</size>
         <input_file_ref idref="fl-1e"/>
      </object_component>
      <object_component id="oc-613">
         <name>.text:EUSCI_B_SPI_enable</name>
         <load_address>0x793e</load_address>
         <run_address>0x793e</run_address>
         <size>0x16</size>
         <input_file_ref idref="fl-1e"/>
      </object_component>
      <object_component id="oc-1de">
         <name>.text:Graphics_setForegroundColor</name>
         <load_address>0x7954</load_address>
         <run_address>0x7954</run_address>
         <size>0x16</size>
         <input_file_ref idref="fl-24"/>
      </object_component>
      <object_component id="oc-35d">
         <name>.text:Graphics_translateColorOnDisplay</name>
         <load_address>0x796a</load_address>
         <run_address>0x796a</run_address>
         <size>0x16</size>
         <input_file_ref idref="fl-25"/>
      </object_component>
      <object_component id="oc-405">
         <name>.text:I2C_clearInterruptFlag</name>
         <load_address>0x7980</load_address>
         <run_address>0x7980</run_address>
         <size>0x16</size>
         <input_file_ref idref="fl-1a"/>
      </object_component>
      <object_component id="oc-3f3">
         <name>.text:I2C_disableModule</name>
         <load_address>0x7996</load_address>
         <run_address>0x7996</run_address>
         <size>0x16</size>
         <input_file_ref idref="fl-1a"/>
      </object_component>
      <object_component id="oc-3f9">
         <name>.text:I2C_enableModule</name>
         <load_address>0x79ac</load_address>
         <run_address>0x79ac</run_address>
         <size>0x16</size>
         <input_file_ref idref="fl-1a"/>
      </object_component>
      <object_component id="oc-142">
         <name>.text:Timer_A_startCounter</name>
         <load_address>0x79c2</load_address>
         <run_address>0x79c2</run_address>
         <size>0x16</size>
         <input_file_ref idref="fl-21"/>
      </object_component>
      <object_component id="oc-654">
         <name>.text:strchr</name>
         <load_address>0x79d8</load_address>
         <run_address>0x79d8</run_address>
         <size>0x16</size>
         <input_file_ref idref="fl-104"/>
      </object_component>
      <object_component id="oc-429">
         <name>.text:I2C_masterReceiveMultiByteNext</name>
         <load_address>0x79ee</load_address>
         <run_address>0x79ee</run_address>
         <size>0x14</size>
         <input_file_ref idref="fl-1a"/>
      </object_component>
      <object_component id="oc-441">
         <name>.text:I2C_setSlaveAddress</name>
         <load_address>0x7a02</load_address>
         <run_address>0x7a02</run_address>
         <size>0x14</size>
         <input_file_ref idref="fl-1a"/>
      </object_component>
      <object_component id="oc-338">
         <name>.text:PCM_getPowerState</name>
         <load_address>0x7a18</load_address>
         <run_address>0x7a18</run_address>
         <size>0x14</size>
         <input_file_ref idref="fl-1c"/>
      </object_component>
      <object_component id="oc-136">
         <name>.text:Timer_A_stopTimer</name>
         <load_address>0x7a2c</load_address>
         <run_address>0x7a2c</run_address>
         <size>0x14</size>
         <input_file_ref idref="fl-21"/>
      </object_component>
      <object_component id="oc-7e7">
         <name>.text:strcpy</name>
         <load_address>0x7a40</load_address>
         <run_address>0x7a40</run_address>
         <size>0x14</size>
         <input_file_ref idref="fl-122"/>
      </object_component>
      <object_component id="oc-4ff">
         <name>.text:strlen</name>
         <load_address>0x7a54</load_address>
         <run_address>0x7a54</run_address>
         <size>0x14</size>
         <input_file_ref idref="fl-105"/>
      </object_component>
      <object_component id="oc-1f0">
         <name>.text:Graphics_clearDisplay</name>
         <load_address>0x7a68</load_address>
         <run_address>0x7a68</run_address>
         <size>0x12</size>
         <input_file_ref idref="fl-24"/>
      </object_component>
      <object_component id="oc-534">
         <name>.text:wcslen</name>
         <load_address>0x7a7a</load_address>
         <run_address>0x7a7a</run_address>
         <size>0x12</size>
         <input_file_ref idref="fl-10a"/>
      </object_component>
      <object_component id="oc-dc">
         <name>.text:Interrupt_disableMaster</name>
         <load_address>0x7a8c</load_address>
         <run_address>0x7a8c</run_address>
         <size>0x10</size>
         <input_file_ref idref="fl-1b"/>
      </object_component>
      <object_component id="oc-e2">
         <name>.text:PCM_setCoreVoltageLevel</name>
         <load_address>0x7a9c</load_address>
         <run_address>0x7a9c</run_address>
         <size>0x10</size>
         <input_file_ref idref="fl-1c"/>
      </object_component>
      <object_component id="oc-33e">
         <name>.text:PCM_setPowerMode</name>
         <load_address>0x7aac</load_address>
         <run_address>0x7aac</run_address>
         <size>0x10</size>
         <input_file_ref idref="fl-1c"/>
      </object_component>
      <object_component id="oc-5d2">
         <name>.text:SysCtl_A_getNMISourceStatus</name>
         <load_address>0x7abc</load_address>
         <run_address>0x7abc</run_address>
         <size>0x10</size>
         <input_file_ref idref="fl-20"/>
      </object_component>
      <object_component id="oc-2a7">
         <name>.text:CS_startLFXT</name>
         <load_address>0x7acc</load_address>
         <run_address>0x7acc</run_address>
         <size>0xe</size>
         <input_file_ref idref="fl-17"/>
      </object_component>
      <object_component id="oc-1d">
         <name>.text:decompress:none:__TI_decompress_none</name>
         <load_address>0x7ada</load_address>
         <run_address>0x7ada</run_address>
         <size>0xe</size>
         <input_file_ref idref="fl-f9"/>
      </object_component>
      <object_component id="oc-6a">
         <name>.text</name>
         <load_address>0x7ae8</load_address>
         <run_address>0x7ae8</run_address>
         <size>0xe</size>
         <input_file_ref idref="fl-6"/>
      </object_component>
      <object_component id="oc-1b6">
         <name>.text:CPU_cpsid</name>
         <load_address>0x7af6</load_address>
         <run_address>0x7af6</run_address>
         <size>0xc</size>
         <input_file_ref idref="fl-23"/>
      </object_component>
      <object_component id="oc-4c">
         <name>.text:decompress:ZI:__TI_zero_init</name>
         <load_address>0x7b02</load_address>
         <run_address>0x7b02</run_address>
         <size>0xc</size>
         <input_file_ref idref="fl-f8"/>
      </object_component>
      <object_component id="oc-37b">
         <name>.text:_outc</name>
         <load_address>0x7b0e</load_address>
         <run_address>0x7b0e</run_address>
         <size>0xa</size>
         <input_file_ref idref="fl-e8"/>
      </object_component>
      <object_component id="oc-53a">
         <name>.text:__aeabi_errno_addr</name>
         <load_address>0x7b18</load_address>
         <run_address>0x7b18</run_address>
         <size>0x8</size>
         <input_file_ref idref="fl-109"/>
      </object_component>
      <object_component id="oc-731">
         <name>.text:malloc</name>
         <load_address>0x7b20</load_address>
         <run_address>0x7b20</run_address>
         <size>0x8</size>
         <input_file_ref idref="fl-103"/>
      </object_component>
      <object_component id="oc-471">
         <name>.text:_outc</name>
         <load_address>0x7b28</load_address>
         <run_address>0x7b28</run_address>
         <size>0x4</size>
         <input_file_ref idref="fl-e6"/>
      </object_component>
      <object_component id="oc-46b">
         <name>.text:_outs</name>
         <load_address>0x7b2c</load_address>
         <run_address>0x7b2c</run_address>
         <size>0x4</size>
         <input_file_ref idref="fl-e6"/>
      </object_component>
      <object_component id="oc-94">
         <name>.text:_system_pre_init</name>
         <load_address>0x7b30</load_address>
         <run_address>0x7b30</run_address>
         <size>0x4</size>
         <input_file_ref idref="fl-112"/>
      </object_component>
      <object_component id="oc-168">
         <name>.text:abort:abort</name>
         <load_address>0x7b34</load_address>
         <run_address>0x7b34</run_address>
         <size>0x4</size>
         <input_file_ref idref="fl-fb"/>
      </object_component>
      <object_component id="oc-3a8">
         <name>.const:.string:g_pucCmss20bData</name>
         <load_address>0x7b38</load_address>
         <run_address>0x7b38</run_address>
         <size>0x890</size>
         <input_file_ref idref="fl-27"/>
      </object_component>
      <object_component id="oc-3e6">
         <name>.const:.string:g_pucCmss16Data</name>
         <load_address>0x83c8</load_address>
         <run_address>0x83c8</run_address>
         <size>0x6cd</size>
         <input_file_ref idref="fl-26"/>
      </object_component>
      <object_component id="oc-38d">
         <name>.const:.string:g_pucFontFixed6x8Data</name>
         <load_address>0x8a95</load_address>
         <run_address>0x8a95</run_address>
         <size>0x2f8</size>
         <input_file_ref idref="fl-28"/>
      </object_component>
      <object_component id="oc-621">
         <name>.const:.string:_ctypes_</name>
         <load_address>0x8d8d</load_address>
         <run_address>0x8d8d</run_address>
         <size>0x101</size>
         <input_file_ref idref="fl-ff"/>
      </object_component>
      <object_component id="oc-247">
         <name>.const:g_sFontCmss16</name>
         <load_address>0x8e90</load_address>
         <run_address>0x8e90</run_address>
         <size>0xc8</size>
         <input_file_ref idref="fl-26"/>
      </object_component>
      <object_component id="oc-21c">
         <name>.const:g_sFontCmss20b</name>
         <load_address>0x8f58</load_address>
         <run_address>0x8f58</run_address>
         <size>0xc8</size>
         <input_file_ref idref="fl-27"/>
      </object_component>
      <object_component id="oc-20d">
         <name>.const:g_sFontFixed6x8</name>
         <load_address>0x9020</load_address>
         <run_address>0x9020</run_address>
         <size>0xc8</size>
         <input_file_ref idref="fl-28"/>
      </object_component>
      <object_component id="oc-2e4">
         <name>.const:.string</name>
         <load_address>0x90e8</load_address>
         <run_address>0x90e8</run_address>
         <size>0x38</size>
         <input_file_ref idref="fl-5"/>
      </object_component>
      <object_component id="oc-595">
         <name>.const:$O1$$</name>
         <load_address>0x9120</load_address>
         <run_address>0x9120</run_address>
         <size>0x30</size>
         <input_file_ref idref="fl-e3"/>
      </object_component>
      <object_component id="oc-1cc">
         <name>.const:GPIO_PORT_TO_BASE</name>
         <load_address>0x9150</load_address>
         <run_address>0x9150</run_address>
         <size>0x30</size>
         <input_file_ref idref="fl-19"/>
      </object_component>
      <object_component id="oc-20a">
         <name>.const:g_sCrystalfontz128x128_funcs</name>
         <load_address>0x9180</load_address>
         <run_address>0x9180</run_address>
         <size>0x20</size>
         <input_file_ref idref="fl-8"/>
      </object_component>
      <object_component id="oc-4e6">
         <name>.const:$P$T0$1</name>
         <load_address>0x91a0</load_address>
         <run_address>0x91a0</run_address>
         <size>0x1c</size>
         <input_file_ref idref="fl-9"/>
      </object_component>
      <object_component id="oc-2b9">
         <name>.const:$P$T1$1</name>
         <load_address>0x91bc</load_address>
         <run_address>0x91bc</run_address>
         <size>0x1c</size>
         <input_file_ref idref="fl-10"/>
      </object_component>
      <object_component id="oc-2bc">
         <name>.const:$P$T3$2</name>
         <load_address>0x91d8</load_address>
         <run_address>0x91d8</run_address>
         <size>0x1c</size>
         <input_file_ref idref="fl-10"/>
      </object_component>
      <object_component id="oc-288">
         <name>.const:$P$T3$1</name>
         <load_address>0x91f4</load_address>
         <run_address>0x91f4</run_address>
         <size>0x18</size>
         <input_file_ref idref="fl-d"/>
      </object_component>
      <object_component id="oc-28b">
         <name>.const:$P$T4$2</name>
         <load_address>0x920c</load_address>
         <run_address>0x920c</run_address>
         <size>0x18</size>
         <input_file_ref idref="fl-d"/>
      </object_component>
      <object_component id="oc-28e">
         <name>.const:$P$T5$3</name>
         <load_address>0x9224</load_address>
         <run_address>0x9224</run_address>
         <size>0x18</size>
         <input_file_ref idref="fl-d"/>
      </object_component>
      <object_component id="oc-2d5">
         <name>.const:upConfig</name>
         <load_address>0x923c</load_address>
         <run_address>0x923c</run_address>
         <size>0x18</size>
         <input_file_ref idref="fl-b"/>
      </object_component>
      <object_component id="oc-447">
         <name>.const:i2cConfig</name>
         <load_address>0x9254</load_address>
         <run_address>0x9254</run_address>
         <size>0x14</size>
         <input_file_ref idref="fl-2"/>
      </object_component>
      <object_component id="oc-246">
         <name>.const:.string:thermometerIcon$1</name>
         <load_address>0x9268</load_address>
         <run_address>0x9268</run_address>
         <size>0x10</size>
         <input_file_ref idref="fl-c"/>
      </object_component>
      <object_component id="oc-357">
         <name>.const:$P$T0$1</name>
         <load_address>0x9278</load_address>
         <run_address>0x9278</run_address>
         <size>0x8</size>
         <input_file_ref idref="fl-8"/>
      </object_component>
      <object_component id="oc-873">
         <name>.cinit..data.load</name>
         <load_address>0x9280</load_address>
         <run_address>0x9280</run_address>
         <size>0xae</size>
      </object_component>
      <object_component id="oc-871">
         <name>__TI_handler_table</name>
         <load_address>0x9330</load_address>
         <run_address>0x9330</run_address>
         <size>0xc</size>
      </object_component>
      <object_component id="oc-874">
         <name>.cinit..bss.load</name>
         <load_address>0x9340</load_address>
         <run_address>0x9340</run_address>
         <size>0x8</size>
      </object_component>
      <object_component id="oc-872">
         <name>__TI_cinit_table</name>
         <load_address>0x9348</load_address>
         <run_address>0x9348</run_address>
         <size>0x10</size>
      </object_component>
      <object_component id="oc-845">
[...]
         <name>__aeabi_cdrcmple</name>
         <value>0x5fd7</value>
         <object_component_ref idref="oc-598"/>
      </symbol>
      <symbol id="sm-c2b">
         <name>__aeabi_ddiv</name>
         <value>0x4ac9</value>
         <object_component_ref idref="oc-231"/>
      </symbol>
      <symbol id="sm-c36">
         <name>__aeabi_dmul</name>
         <value>0x5399</value>
         <object_component_ref idref="oc-236"/>
      </symbol>
      <symbol id="sm-c40">
         <name>__aeabi_d2iz</name>
         <value>0x6f61</value>
         <object_component_ref idref="oc-23b"/>
      </symbol>
      <symbol id="sm-c4c">
         <name>__aeabi_d2f</name>
         <value>0x6397</value>
         <object_component_ref idref="oc-265"/>
      </symbol>
      <symbol id="sm-c57">
         <name>__aeabi_f2d</name>
         <value>0x7335</value>
         <object_component_ref idref="oc-202"/>
      </symbol>
      <symbol id="sm-c61">
         <name>__aeabi_i2d</name>
         <value>0x75a5</value>
         <object_component_ref idref="oc-44c"/>
      </symbol>
      <symbol id="sm-c7c">
         <name>memcpy</name>
         <value>0x5c77</value>
         <object_component_ref idref="oc-3a"/>
      </symbol>
      <symbol id="sm-c7d">
         <name>__aeabi_memcpy</name>
         <value>0x5c77</value>
         <object_component_ref idref="oc-3a"/>
      </symbol>
      <symbol id="sm-c7e">
         <name>__aeabi_memcpy8</name>
         <value>0x5c77</value>
         <object_component_ref idref="oc-3a"/>
      </symbol>
      <symbol id="sm-c7f">
         <name>__aeabi_memcpy4</name>
         <value>0x5c77</value>
         <object_component_ref idref="oc-3a"/>
      </symbol>
      <symbol id="sm-c8e">
         <name>__aeabi_memset</name>
         <value>0x6157</value>
         <object_component_ref idref="oc-8e"/>
      </symbol>
      <symbol id="sm-c8f">
         <name>memset</name>
         <value>0x615d</value>
         <object_component_ref idref="oc-8e"/>
      </symbol>
      <symbol id="sm-c90">
         <name>__aeabi_memset8</name>
         <value>0x6157</value>
         <object_component_ref idref="oc-8e"/>
      </symbol>
      <symbol id="sm-c91">
         <name>__aeabi_memset4</name>
         <value>0x6157</value>
         <object_component_ref idref="oc-8e"/>
      </symbol>
      <symbol id="sm-c92">
         <name>__aeabi_memclr8</name>
         <value>0x6155</value>
         <object_component_ref idref="oc-8e"/>
      </symbol>
      <symbol id="sm-c93">
         <name>__aeabi_memclr4</name>
         <value>0x6155</value>
         <object_component_ref idref="oc-8e"/>
      </symbol>
      <symbol id="sm-c94">
         <name>__aeabi_memclr</name>
         <value>0x6155</value>
         <object_component_ref idref="oc-8e"/>
      </symbol>
      <symbol id="sm-ca1">
         <name>__aeabi_uldivmod</name>
         <value>0x5d13</value>
         <object_component_ref idref="oc-626"/>
      </symbol>
      <symbol id="sm-cb3">
         <name>__TI_zero_init</name>
         <value>0x7b03</value>
         <object_component_ref idref="oc-4c"/>
      </symbol>
      <symbol id="sm-cca">
         <name>__TI_decompress_none</name>
         <value>0x7adb</value>
         <object_component_ref idref="oc-1d"/>
      </symbol>
      <symbol id="sm-ced">
         <name>__TI_decompress_lzss</name>
         <value>0x6681</value>
         <object_component_ref idref="oc-17"/>
      </symbol>
      <symbol id="sm-d13">
         <name>C$$EXIT</name>
         <value>0x7b35</value>
         <object_component_ref idref="oc-168"/>
      </symbol>
      <symbol id="sm-d14">
         <name>abort</name>
         <value>0x7b35</value>
         <object_component_ref idref="oc-168"/>
      </symbol>
      <symbol id="sm-d15">
         <name>__TI_dtors_ptr</name>
         <value>0x20000c24</value>
         <object_component_ref idref="oc-2fe"/>
      </symbol>
      <symbol id="sm-d16">
         <name>__TI_cleanup_ptr</name>
         <value>0x20000c20</value>
         <object_component_ref idref="oc-2fe"/>
      </symbol>
      <symbol id="sm-d17">
         <name>__TI_enable_exit_profile_output</name>
         <value>0x20000c28</value>
         <object_component_ref idref="oc-2fe"/>
      </symbol>
      <symbol id="sm-d18">
         <name>exit</name>
         <value>0x6f19</value>
         <object_component_ref idref="oc-16e"/>
      </symbol>
      <symbol id="sm-d2d">
         <name>_nop</name>
         <value>0xb33</value>
         <object_component_ref idref="oc-49f"/>
      </symbol>
      <symbol id="sm-d2e">
         <name>_lock</name>
         <value>0x20000c38</value>
         <object_component_ref idref="oc-301"/>
      </symbol>
      <symbol id="sm-d2f">
         <name>_unlock</name>
         <value>0x20000c3c</value>
         <object_component_ref idref="oc-301"/>
      </symbol>
      <symbol id="sm-d3e">
         <name>__TI_ltoa</name>
         <value>0x6c17</value>
         <object_component_ref idref="oc-62d"/>
      </symbol>
      <symbol id="sm-d54">
         <name>atoi</name>
         <value>0x6df5</value>
         <object_component_ref idref="oc-505"/>
      </symbol>
      <symbol id="sm-d5f">
         <name>_ctypes_</name>
         <value>0x8d8d</value>
         <object_component_ref idref="oc-621"/>
      </symbol>
      <symbol id="sm-d74">
         <name>__TI_tmpnams</name>
         <value>0x20000520</value>
      </symbol>
      <symbol id="sm-d75">
         <name>__aeabi_stdout</name>
         <value>0x20000c18</value>
         <object_component_ref idref="oc-77a"/>
      </symbol>
      <symbol id="sm-d76">
         <name>__aeabi_stderr</name>
         <value>0x20000c1c</value>
         <object_component_ref idref="oc-77a"/>
      </symbol>
      <symbol id="sm-d77">
         <name>__aeabi_stdin</name>
         <value>0x20000c14</value>
         <object_component_ref idref="oc-77a"/>
      </symbol>
      <symbol id="sm-d78">
         <name>_ftable</name>
         <value>0x20000a10</value>
         <object_component_ref idref="oc-468"/>
      </symbol>
      <symbol id="sm-d79">
         <name>__TI_ft_end</name>
         <value>0x20000c10</value>
         <object_component_ref idref="oc-77a"/>
      </symbol>
      <symbol id="sm-d89">
         <name>memccpy</name>
         <value>0x77e1</value>
         <object_component_ref idref="oc-52e"/>
      </symbol>
      <symbol id="sm-d99">
         <name>memchr</name>
         <value>0x776d</value>
         <object_component_ref idref="oc-6a7"/>
      </symbol>
      <symbol id="sm-e22">
         <name>_sys_memory</name>
         <value>0x20000610</value>
         <object_component_ref idref="oc-29"/>
      </symbol>
      <symbol id="sm-e23">
         <name>free</name>
         <value>0x5591</value>
         <object_component_ref idref="oc-72b"/>
      </symbol>
      <symbol id="sm-e24">
         <name>memalign</name>
         <value>0x5299</value>
         <object_component_ref idref="oc-76d"/>
      </symbol>
      <symbol id="sm-e25">
         <name>malloc</name>
         <value>0x7b21</value>
         <object_component_ref idref="oc-731"/>
      </symbol>
      <symbol id="sm-e26">
         <name>aligned_alloc</name>
         <value>0x5299</value>
         <object_component_ref idref="oc-76d"/>
      </symbol>
      <symbol id="sm-e36">
         <name>strchr</name>
         <value>0x79d9</value>
         <object_component_ref idref="oc-654"/>
      </symbol>
      <symbol id="sm-e44">
         <name>strlen</name>
         <value>0x7a55</value>
         <object_component_ref idref="oc-4ff"/>
      </symbol>
      <symbol id="sm-e57">
         <name>__stack</name>
         <value>0x2000fe00</value>
         <object_component_ref idref="oc-2c"/>
      </symbol>
      <symbol id="sm-e58">
         <name>_c_int00_noargs</name>
         <value>0x74e1</value>
         <object_component_ref idref="oc-58"/>
      </symbol>
      <symbol id="sm-e72">
         <name>write</name>
         <value>0x7721</value>
         <object_component_ref idref="oc-6b3"/>
      </symbol>
      <symbol id="sm-e83">
         <name>_stream</name>
         <value>0x20000b78</value>
         <object_component_ref idref="oc-711"/>
      </symbol>
      <symbol id="sm-e84">
         <name>_device</name>
         <value>0x20000b00</value>
         <object_component_ref idref="oc-74a"/>
      </symbol>
      <symbol id="sm-e9a">
         <name>__aeabi_errno_addr</name>
         <value>0x7b19</value>
         <object_component_ref idref="oc-53a"/>
      </symbol>
      <symbol id="sm-e9b">
         <name>errno</name>
         <value>0x20000c5c</value>
         <object_component_ref idref="oc-664"/>
      </symbol>
      <symbol id="sm-eb4">
         <name>wcslen</name>
         <value>0x7a7b</value>
         <object_component_ref idref="oc-534"/>
      </symbol>
      <symbol id="sm-ebe">
         <name>copysign</name>
         <value>0x7865</value>
         <object_component_ref idref="oc-68b"/>
      </symbol>
      <symbol id="sm-ebf">
         <name>copysignl</name>
         <value>0x7865</value>
         <object_component_ref idref="oc-68b"/>
      </symbol>
      <symbol id="sm-ed5">
         <name>frexpl</name>
         <value>0x67b5</value>
         <object_component_ref idref="oc-64e"/>
      </symbol>
      <symbol id="sm-ed6">
         <name>frexp</name>
         <value>0x67b5</value>
         <object_component_ref idref="oc-64e"/>
      </symbol>
      <symbol id="sm-ee6">
         <name>__TI_doflush</name>
         <value>0x6da9</value>
         <object_component_ref idref="oc-6ad"/>
      </symbol>
      <symbol id="sm-ef6">
         <name>__TI_cleanup</name>
         <value>0x7479</value>
         <object_component_ref idref="oc-737"/>
      </symbol>
      <symbol id="sm-f08">
         <name>fseek</name>
         <value>0x6819</value>
         <object_component_ref idref="oc-6ff"/>
      </symbol>
      <symbol id="sm-f12">
         <name>__aeabi_idiv0</name>
         <value>0x2d9b</value>
         <object_component_ref idref="oc-6d3"/>
      </symbol>
      <symbol id="sm-f13">
         <name>__aeabi_ldiv0</name>
         <value>0x2d9b</value>
         <object_component_ref idref="oc-6d3"/>
      </symbol>
      <symbol id="sm-f3b">
         <name>__TI_auto_init_nobinit_nopinit</name>
         <value>0x7079</value>
         <object_component_ref idref="oc-174"/>
      </symbol>
      <symbol id="sm-f45">
         <name>_system_pre_init</name>
         <value>0x7b31</value>
         <object_component_ref idref="oc-94"/>
      </symbol>
      <symbol id="sm-f58">
         <name>HOSTclose</name>
         <value>0x6ff1</value>
         <object_component_ref idref="oc-786"/>
      </symbol>
      <symbol id="sm-f69">
         <name>HOSTlseek</name>
         <value>0x6549</value>
         <object_component_ref idref="oc-798"/>
      </symbol>
      <symbol id="sm-f7b">
         <name>parmbuf</name>
         <value>0x200005f0</value>
      </symbol>
      <symbol id="sm-f7c">
         <name>HOSTopen</name>
         <value>0x6941</value>
         <object_component_ref idref="oc-780"/>
      </symbol>
      <symbol id="sm-f8d">
         <name>HOSTread</name>
         <value>0x6b11</value>
         <object_component_ref idref="oc-78c"/>
      </symbol>
      <symbol id="sm-f9e">
         <name>HOSTrename</name>
         <value>0x6471</value>
         <object_component_ref idref="oc-7a4"/>
      </symbol>
      <symbol id="sm-faf">
         <name>HOSTunlink</name>
         <value>0x7035</value>
         <object_component_ref idref="oc-79e"/>
      </symbol>
      <symbol id="sm-fc0">
         <name>HOSTwrite</name>
         <value>0x6b69</value>
         <object_component_ref idref="oc-792"/>
      </symbol>
      <symbol id="sm-fe4">
         <name>__TI_readmsg</name>
         <value>0x74ad</value>
         <object_component_ref idref="oc-7d3"/>
      </symbol>
      <symbol id="sm-fe5">
         <name>C$$IO$$</name>
         <value>0x732b</value>
         <object_component_ref idref="oc-7cd"/>
      </symbol>
      <symbol id="sm-fe6">
         <name>__CIOBUF_</name>
         <value>0x20000400</value>
         <object_component_ref idref="oc-7fe"/>
      </symbol>
      <symbol id="sm-fe7">
         <name>__TI_writemsg</name>
         <value>0x72fd</value>
         <object_component_ref idref="oc-7cd"/>
      </symbol>
      <symbol id="sm-ff8">
         <name>lseek</name>
         <value>0x76f9</value>
         <object_component_ref idref="oc-723"/>
      </symbol>
      <symbol id="sm-100d">
         <name>__TI_closefile</name>
         <value>0x6245</value>
         <object_component_ref idref="oc-774"/>
      </symbol>
      <symbol id="sm-1030">
         <name>finddevice</name>
         <value>0x7545</value>
         <object_component_ref idref="oc-81c"/>
      </symbol>
      <symbol id="sm-1031">
         <name>getdevice</name>
         <value>0x70bd</value>
         <object_component_ref idref="oc-7f4"/>
      </symbol>
      <symbol id="sm-1040">
         <name>strcmp</name>
         <value>0x7911</value>
         <object_component_ref idref="oc-833"/>
      </symbol>
      <symbol id="sm-104e">
         <name>strcpy</name>
         <value>0x7a41</value>
         <object_component_ref idref="oc-7e7"/>
      </symbol>
      <symbol id="sm-105e">
         <name>strncpy</name>
         <value>0x73d9</value>
         <object_component_ref idref="oc-816"/>
      </symbol>
      <symbol id="sm-1073">
         <name>close</name>
         <value>0x6a01</value>
         <object_component_ref idref="oc-7bc"/>
      </symbol>
      <symbol id="sm-1083">
         <name>unlink</name>
         <value>0x762d</value>
         <object_component_ref idref="oc-7c2"/>
      </symbol>
      <symbol id="sm-1084">
         <name>__TI_static_base__</name>
         <value>0x0</value>
      </symbol>
      <symbol id="sm-1087">
         <name>__mpu_init</name>
         <value>0x0</value>
      </symbol>
      <symbol id="sm-1088">
         <name>_system_post_cinit</name>
         <value>0x0</value>
      </symbol>
      <symbol id="sm-1089">
         <name>NMI_Handler</name>
         <value>0x7af5</value>
      </symbol>
      <symbol id="sm-108a">
         <name>HardFault_Handler</name>
         <value>0x7af5</value>
      </symbol>
      <symbol id="sm-108b">
         <name>MemManage_Handler</name>
         <value>0x7af5</value>
      </symbol>
      <symbol id="sm-108c">
         <name>BusFault_Handler</name>
         <value>0x7af5</value>
      </symbol>
      <symbol id="sm-108d">
         <name>UsageFault_Handler</name>
         <value>0x7af5</value>
      </symbol>
      <symbol id="sm-108e">
         <name>SVC_Handler</name>
         <value>0x7af5</value>
      </symbol>
      <symbol id="sm-108f">
         <name>DebugMon_Handler</name>
         <value>0x7af5</value>
      </symbol>
      <symbol id="sm-1090">
         <name>PendSV_Handler</name>
         <value>0x7af5</value>
      </symbol>
      <symbol id="sm-1091">
         <name>SysTick_Handler</name>
         <value>0x7af5</value>
      </symbol>
      <symbol id="sm-1092">
         <name>PSS_IRQHandler</name>
         <value>0x7af5</value>
      </symbol>
      <symbol id="sm-1093">
         <name>CS_IRQHandler</name>
         <value>0x7af5</value>
      </symbol>
      <symbol id="sm-1094">
         <name>PCM_IRQHandler</name>
         <value>0x7af5</value>
      </symbol>
      <symbol id="sm-1095">
         <name>WDT_A_IRQHandler</name>
         <value>0x7af5</value>
      </symbol>
      <symbol id="sm-1096">
         <name>FPU_IRQHandler</name>
         <value>0x7af5</value>
      </symbol>
      <symbol id="sm-1097">
         <name>FLCTL_IRQHandler</name>
         <value>0x7af5</value>
      </symbol>
      <symbol id="sm-1098">
         <name>COMP_E0_IRQHandler</name>
         <value>0x7af5</value>
      </symbol>
      <symbol id="sm-1099">
         <name>COMP_E1_IRQHandler</name>
         <value>0x7af5</value>
      </symbol>
      <symbol id="sm-109a">
         <name>TA0_0_IRQHandler</name>
         <value>0x7af5</value>
      </symbol>
      <symbol id="sm-109b">
         <name>TA0_N_IRQHandler</name>
         <value>0x7af5</value>
      </symbol>
      <symbol id="sm-109c">
         <name>TA1_0_IRQHandler</name>
         <value>0x7af5</value>
      </symbol>
      <symbol id="sm-109d">
         <name>TA1_N_IRQHandler</name>
         <value>0x7af5</value>
      </symbol>
      <symbol id="sm-109e">
         <name>TA2_0_IRQHandler</name>
         <value>0x7af5</value>
      </symbol>
      <symbol id="sm-109f">
         <name>TA2_N_IRQHandler</name>
         <value>0x7af5</value>
      </symbol>
      <symbol id="sm-10a0">
         <name>TA3_0_IRQHandler</name>
         <value>0x7af5</value>
      </symbol>
      <symbol id="sm-10a1">
         <name>TA3_N_IRQHandler</name>
         <value>0x7af5</value>
      </symbol>
      <symbol id="sm-10a2">
         <name>EUSCIA0_IRQHandler</name>
         <value>0x7af5</value>
      </symbol>
      <symbol id="sm-10a3">
         <name>EUSCIA1_IRQHandler</name>
         <value>0x7af5</value>
      </symbol>
      <symbol id="sm-10a4">
         <name>EUSCIA2_IRQHandler</name>
         <value>0x7af5</value>
      </symbol>
      <symbol id="sm-10a5">
         <name>EUSCIA3_IRQHandler</name>
         <value>0x7af5</value>
      </symbol>
      <symbol id="sm-10a6">
         <name>EUSCIB0_IRQHandler</name>
         <value>0x7af5</value>
      </symbol>
      <symbol id="sm-10a7">
         <name>EUSCIB1_IRQHandler</name>
         <value>0x7af5</value>
      </symbol>
      <symbol id="sm-10a8">
         <name>EUSCIB2_IRQHandler</name>
         <value>0x7af5</value>
      </symbol>
      <symbol id="sm-10a9">
         <name>EUSCIB3_IRQHandler</name>
         <value>0x7af5</value>
      </symbol>
      <symbol id="sm-10aa">
         <name>ADC14_IRQHandler</name>
         <value>0x7af5</value>
      </symbol>
      <symbol id="sm-10ab">
         <name>T32_INT1_IRQHandler</name>
         <value>0x7af5</value>
      </symbol>
      <symbol id="sm-10ac">
         <name>T32_INT2_IRQHandler</name>
         <value>0x7af5</value>
      </symbol>
      <symbol id="sm-10ad">
         <name>T32_INTC_IRQHandler</name>
         <value>0x7af5</value>
      </symbol>
      <symbol id="sm-10ae">
         <name>AES256_IRQHandler</name>
         <value>0x7af5</value>
      </symbol>
      <symbol id="sm-10af">
         <name>RTC_C_IRQHandler</name>
         <value>0x7af5</value>
      </symbol>
      <symbol id="sm-10b0">
         <name>DMA_ERR_IRQHandler</name>
         <value>0x7af5</value>
      </symbol>
      <symbol id="sm-10b1">
         <name>DMA_INT3_IRQHandler</name>
         <value>0x7af5</value>
      </symbol>
      <symbol id="sm-10b2">
         <name>DMA_INT2_IRQHandler</name>
         <value>0x7af5</value>
      </symbol>
      <symbol id="sm-10b3">
         <name>DMA_INT1_IRQHandler</name>
         <value>0x7af5</value>
      </symbol>
      <symbol id="sm-10b4">
         <name>DMA_INT0_IRQHandler</name>
         <value>0x7af5</value>
      </symbol>
      <symbol id="sm-10b5">
         <name>PORT1_IRQHandler</name>
         <value>0x7af5</value>
      </symbol>
      <symbol id="sm-10b6">
         <name>PORT2_IRQHandler</name>
         <value>0x7af5</value>
      </symbol>
      <symbol id="sm-10b7">
         <name>PORT3_IRQHandler</name>
         <value>0x7af5</value>
      </symbol>
      <symbol id="sm-10b8">
         <name>PORT4_IRQHandler</name>
         <value>0x7af5</value>
      </symbol>
      <symbol id="sm-10b9">
         <name>PORT5_IRQHandler</name>
         <value>0x7af5</value>
      </symbol>
      <symbol id="sm-10ba">
         <name>PORT6_IRQHandler</name>
         <value>0x7af5</value>
      </symbol>
      <symbol id="sm-10bb">
         <name>remove</name>
         <value>0x762d</value>
      </symbol>
   </symbol_table>
   <title>Link successful</title>
</link_info>
