******************************************************************************
                  TI ARM Linker PC v20.2.7                     
******************************************************************************
>> Linked Thu Jun 19 18:11:30 2025

OUTPUT FILE NAME:   <temp.out>
ENTRY POINT SYMBOL: "_c_int00_noargs"  address: 00004a59


MEMORY CONFIGURATION

         name            origin    length      used     unused   attr    fill
----------------------  --------  ---------  --------  --------  ----  --------
  MAIN                  00000000   00040000  000053e8  0003ac18  R  X
  INFO                  00200000   00004000  00000000  00004000  R  X
  SRAM_CODE             01000000   00010000  0000024a  0000fdb6  RW X
  SRAM_DATA             20000000   00010000  0000024a  0000fdb6  RW  


SEGMENT ALLOCATION MAP

run origin  load origin   length   init length attrs members
----------  ----------- ---------- ----------- ----- -------
00000000    00000000    000053e8   000053e8    r-x
  00000000    00000000    000000e4   000000e4    r-- .intvecs
  000000e4    000000e4    00004d4c   00004d4c    r-x .text
  00004e30    00004e30    00000580   00000580    r-- .const
  000053b0    000053b0    00000038   00000038    r-- .cinit
20000000    20000000    00000050   00000000    rw-
  20000000    20000000    0000002a   00000000    rw- .bss
  20000030    20000030    00000020   00000000    rw- .data
2000fe00    2000fe00    00000200   00000000    rw-
  2000fe00    2000fe00    00000200   00000000    rw- .stack


SECTION ALLOCATION MAP

 output                                  attributes/
section   page    origin      length       input sections
--------  ----  ----------  ----------   ----------------
.intvecs   0    00000000    000000e4     
                  00000000    000000e4     startup_msp432p401r_ccs.obj (.intvecs:retain)

.text      0    000000e4    00004d4c     
                  000000e4    00000a4e     rtsv7M4_T_le_v4SPD16_eabi.lib : _printfi.c.obj (.text:__TI_printfi)
                  00000b32    00000002                                   : div0.asm.obj (.text)
                  00000b34    000009d0                                   : e_pow.c.obj (.text:pow)
                  00001504    00000680     Crystalfontz128x128_ST7735.obj (.text)
                  00001b84    0000047e     grlib.a : string.obj (.text:Graphics_drawString)
                  00002002    00000002     --HOLE-- [fill = 0]
                  00002004    00000408     HAL_TMP006.obj (.text)
                  0000240c    00000334     system_msp432p401r.obj (.text)
                  00002740    00000270     rtsv7M4_T_le_v4SPD16_eabi.lib : _printfi.c.obj (.text:_pconv_a)
                  000029b0    000001d0                                   : _printfi.c.obj (.text:_pconv_g)
                  00002b80    000001b6                                   : fd_add_t2.asm.obj (.text)
                  00002d36    00000002     --HOLE-- [fill = 0]
                  00002d38    00000194     main.obj (.text)
                  00002ecc    0000015c     msp432p4xx_driverlib.lib : pcm.o (.text:__PCM_setPowerModeAdvanced)
                  00003028    00000158     rtsv7M4_T_le_v4SPD16_eabi.lib : e_sqrt.c.obj (.text:sqrt)
                  00003180    0000013c                                   : _printfi.c.obj (.text:_pconv_e)
                  000032bc    00000136                                   : fd_div_t2.asm.obj (.text)
                  000033f2    00000002     --HOLE-- [fill = 0]
                  000033f4    00000130     msp432p4xx_driverlib.lib : cs.o (.text:CS_initClockSignal)
                  00003524    00000124     rtsv7M4_T_le_v4SPD16_eabi.lib : _printfi.c.obj (.text:fcvt)
                  00003648    00000118     HAL_I2C.obj (.text)
                  00003760    00000110     rtsv7M4_T_le_v4SPD16_eabi.lib : s_scalbn.c.obj (.text:scalbn)
                  00003870    00000108     msp432p4xx_driverlib.lib : pcm.o (.text:__PCM_setCoreVoltageLevelAdvanced)
                  00003978    000000fc     rtsv7M4_T_le_v4SPD16_eabi.lib : fd_mul_t2.asm.obj (.text)
                  00003a74    000000fa     grlib.a : string.obj (.text:Graphics_getStringWidth)
                  00003b6e    00000002     --HOLE-- [fill = 0]
                  00003b70    000000cc     HAL_MSP_EXP432P401R_Crystalfontz128x128_ST7735.obj (.text)
                  00003c3c    000000b1     rtsv7M4_T_le_v4SPD16_eabi.lib : _printfi.c.obj (.text:_ltostr)
                  00003ced    00000001     --HOLE-- [fill = 0]
                  00003cee    000000b0     msp432p4xx_driverlib.lib : spi.o (.text:SPI_initMaster)
                  00003d9e    0000009c     grlib.a : line.obj (.text:Graphics_drawLineH)
                  00003e3a    0000009c     rtsv7M4_T_le_v4SPD16_eabi.lib : memcpy_t2.asm.obj (.text)
                  00003ed6    00000096                                   : ull_div_t2.asm.obj (.text)
                  00003f6c    00000088     msp432p4xx_driverlib.lib : gpio.o (.text:GPIO_setAsPeripheralModuleFunctionOutputPin)
                  00003ff4    00000086     rtsv7M4_T_le_v4SPD16_eabi.lib : fd_cmp_t2.asm.obj (.text:__aeabi_cdcmple)
                  0000407a    00000086                                   : fd_cmp_t2.asm.obj (.text:__aeabi_cdrcmple)
                  00004100    0000007a                                   : memset_t2.asm.obj (.text)
                  0000417a    0000006e                                   : _printfi.c.obj (.text:_mcpy)
                  000041e8    0000006e                                   : fd_tos_t2.asm.obj (.text)
                  00004256    00000002     --HOLE-- [fill = 0]
                  00004258    0000006c     msp432p4xx_driverlib.lib : i2c.o (.text:I2C_masterSendMultiByteFinish)
                  000042c4    00000068                              : i2c.o (.text:I2C_masterSendMultiByteStart)
                  0000432c    00000068     rtsv7M4_T_le_v4SPD16_eabi.lib : copy_decompress_lzss.c.obj (.text:decompress:lzss:__TI_decompress_lzss)
                  00004394    00000064                                   : s_frexp.c.obj (.text:frexp)
                  000043f8    00000062     msp432p4xx_driverlib.lib : i2c.o (.text:I2C_initMaster)
                  0000445a    0000005e                              : pcm.o (.text:PCM_getCoreVoltageLevel)
                  000044b8    0000005a                              : pcm.o (.text:PCM_getPowerMode)
                  00004512    00000056     rtsv7M4_T_le_v4SPD16_eabi.lib : _printfi.c.obj (.text:_pconv_f)
                  00004568    00000054                                   : _ltoa.c.obj (.text:__TI_ltoa)
                  000045bc    00000052     grlib.a : context.obj (.text:Graphics_initContext)
                  0000460e    00000052     rtsv7M4_T_le_v4SPD16_eabi.lib : _printfi.c.obj (.text:_ecpy)
                  00004660    0000004c                                   : atoi.c.obj (.text:atoi)
                  000046ac    00000048     msp432p4xx_driverlib.lib : flash.o (.text:FlashCtl_setWaitState)
                  000046f4    00000048     grlib.a : string.obj (.text:Graphics_drawStringCentered)
                  0000473c    00000048     rtsv7M4_T_le_v4SPD16_eabi.lib : fd_toi_t2.asm.obj (.text)
                  00004784    00000044                                   : autoinit.c.obj (.text:__TI_auto_init_nobinit_nopinit:__TI_auto_init_nobinit_nopinit)
                  000047c8    00000040     msp432p4xx_driverlib.lib : gpio.o (.text:GPIO_setAsOutputPin)
                  00004808    00000040     grlib.a : string.obj (.text:Graphics_getNumberOfLeadingZeros)
                  00004848    00000040     msp432p4xx_driverlib.lib : i2c.o (.text:I2C_masterReceiveMultiByteFinish)
                  00004888    00000040                              : spi.o (.text:is_A_Module)
                  000048c8    00000040     rtsv7M4_T_le_v4SPD16_eabi.lib : sprintf.c.obj (.text:sprintf)
                  00004908    0000003e                                   : _printfi.c.obj (.text:_fcpy)
                  00004946    00000002     --HOLE-- [fill = 0]
                  00004948    00000038     msp432p4xx_driverlib.lib : i2c.o (.text:I2C_masterSendMultiByteStop)
                  00004980    00000038     rtsv7M4_T_le_v4SPD16_eabi.lib : fs_tod_t2.asm.obj (.text)
                  000049b8    00000036     grlib.a : display.obj (.text:Graphics_drawHorizontalLineOnDisplay)
                  000049ee    00000002     --HOLE-- [fill = 0]
                  000049f0    00000034     msp432p4xx_driverlib.lib : cs.o (.text:CS_setDCOCenteredFrequency)
                  00004a24    00000034                              : i2c.o (.text:I2C_masterSendMultiByteNext)
                  00004a58    00000034     rtsv7M4_T_le_v4SPD16_eabi.lib : boot_cortex_m.c.obj (.text:_c_int00_noargs:_c_int00_noargs)
                  00004a8c    0000002e                                   : i_tofd_t2.asm.obj (.text)
                  00004aba    0000002c     grlib.a : display.obj (.text:Graphics_drawPixelOnDisplay)
                  00004ae6    00000002     --HOLE-- [fill = 0]
                  00004ae8    00000028     msp432p4xx_driverlib.lib : gpio.o (.text:GPIO_setOutputHighOnPin)
                  00004b10    00000028                              : gpio.o (.text:GPIO_setOutputLowOnPin)
                  00004b38    00000024                              : wdt_a.o (.text:WDT_A_holdTimer)
                  00004b5c    0000001c                              : i2c.o (.text:I2C_setMode)
                  00004b78    0000001c                              : spi.o (.text:SPI_enableModule)
                  00004b94    0000001c     rtsv7M4_T_le_v4SPD16_eabi.lib : copy_zero_init.c.obj (.text:decompress:ZI:__TI_zero_init_nomemset:__TI_zero_init_nomemset)
                  00004bb0    0000001c                                   : memccpy.c.obj (.text:memccpy)
                  00004bcc    0000001a     grlib.a : display.obj (.text:Graphics_clearDisplayOnDisplay)
                  00004be6    0000001a             : context.obj (.text:Graphics_setBackgroundColor)
                  00004c00    0000001a             : context.obj (.text:Graphics_setFont)
                  00004c1a    0000001a     msp432p4xx_driverlib.lib : i2c.o (.text:I2C_masterReceiveStart)
                  00004c34    0000001a     rtsv7M4_T_le_v4SPD16_eabi.lib : s_copysign.c.obj (.text:copysign)
                  00004c4e    00000018     msp432p4xx_driverlib.lib : i2c.o (.text:I2C_getInterruptStatus)
                  00004c66    00000002     --HOLE-- [fill = 0]
                  00004c68    00000018                              : i2c.o (.text:I2C_isBusBusy)
                  00004c80    00000018     rtsv7M4_T_le_v4SPD16_eabi.lib : sprintf.c.obj (.text:_outs)
                  00004c98    00000016     msp432p4xx_driverlib.lib : spi.o (.text:EUSCI_A_SPI_enable)
                  00004cae    00000016                              : spi.o (.text:EUSCI_B_SPI_enable)
                  00004cc4    00000016     grlib.a : context.obj (.text:Graphics_setForegroundColor)
                  00004cda    00000016             : display.obj (.text:Graphics_translateColorOnDisplay)
                  00004cf0    00000016     msp432p4xx_driverlib.lib : i2c.o (.text:I2C_clearInterruptFlag)
                  00004d06    00000016                              : i2c.o (.text:I2C_disableModule)
                  00004d1c    00000016                              : i2c.o (.text:I2C_enableModule)
                  00004d32    00000016     rtsv7M4_T_le_v4SPD16_eabi.lib : strchr.c.obj (.text:strchr)
                  00004d48    00000014     msp432p4xx_driverlib.lib : i2c.o (.text:I2C_masterReceiveMultiByteNext)
                  00004d5c    00000014                              : i2c.o (.text:I2C_setSlaveAddress)
                  00004d70    00000014                              : pcm.o (.text:PCM_getPowerState)
                  00004d84    00000014     rtsv7M4_T_le_v4SPD16_eabi.lib : strlen.c.obj (.text:strlen)
                  00004d98    00000012     grlib.a : context.obj (.text:Graphics_clearDisplay)
                  00004daa    00000012     rtsv7M4_T_le_v4SPD16_eabi.lib : wcslen.c.obj (.text:wcslen)
                  00004dbc    00000010     msp432p4xx_driverlib.lib : interrupt.o (.text:Interrupt_disableMaster)
                  00004dcc    00000010                              : pcm.o (.text:PCM_setCoreVoltageLevel)
                  00004ddc    00000010                              : pcm.o (.text:PCM_setPowerMode)
                  00004dec    0000000e     rtsv7M4_T_le_v4SPD16_eabi.lib : copy_decompress_none.c.obj (.text:decompress:none:__TI_decompress_none)
                  00004dfa    0000000e     startup_msp432p401r_ccs.obj (.text)
                  00004e08    0000000c     msp432p4xx_driverlib.lib : cpu.o (.text:CPU_cpsid)
                  00004e14    0000000a     rtsv7M4_T_le_v4SPD16_eabi.lib : sprintf.c.obj (.text:_outc)
                  00004e1e    00000002     --HOLE-- [fill = 0]
                  00004e20    00000008                                   : errno.c.obj (.text:__aeabi_errno_addr)
                  00004e28    00000004                                   : pre_init.c.obj (.text:_system_pre_init)
                  00004e2c    00000004                                   : exit.c.obj (.text:abort:abort)

.const     0    00004e30    00000580     
                  00004e30    000002f8     grlib.a : fontfixed6x8.obj (.const:.string:g_pucFontFixed6x8Data)
                  00005128    00000101     rtsv7M4_T_le_v4SPD16_eabi.lib : ctype.c.obj (.const:.string:_ctypes_)
                  00005229    00000003     --HOLE-- [fill = 0]
                  0000522c    000000c8     grlib.a : fontfixed6x8.obj (.const:g_sFontFixed6x8)
                  000052f4    00000004     --HOLE-- [fill = 0]
                  000052f8    00000030     rtsv7M4_T_le_v4SPD16_eabi.lib : e_pow.c.obj (.const:$O1$$)
                  00005328    00000030     msp432p4xx_driverlib.lib : gpio.o (.const:GPIO_PORT_TO_BASE)
                  00005358    00000020     Crystalfontz128x128_ST7735.obj (.const:g_sCrystalfontz128x128_funcs)
                  00005378    0000001c     HAL_MSP_EXP432P401R_Crystalfontz128x128_ST7735.obj (.const:$P$T0$1)
                  00005394    00000014     HAL_I2C.obj (.const:i2cConfig)
                  000053a8    00000008     Crystalfontz128x128_ST7735.obj (.const:$P$T0$1)

.cinit     0    000053b0    00000038     
                  000053b0    00000012     (.cinit..data.load) [load image, compression = lzss]
                  000053c2    00000002     --HOLE-- [fill = 0]
                  000053c4    0000000c     (__TI_handler_table)
                  000053d0    00000008     (.cinit..bss.load) [load image, compression = zero_init]
                  000053d8    00000010     (__TI_cinit_table)

.init_array 
*          0    00000000    00000000     UNINITIALIZED

.binit     0    00000000    00000000     

.bss       0    20000000    0000002a     UNINITIALIZED
                  20000000    0000001c     (.common:g_sContext)
                  2000001c    00000004     (.common:temp)
                  20000020    00000002     (.common:Lcd_ScreenHeigth)
                  20000022    00000002     (.common:Lcd_ScreenWidth)
                  20000024    00000002     (.common:Lcd_TouchTrim)
                  20000026    00000001     (.common:Lcd_FlagRead)
                  20000027    00000001     (.common:Lcd_FontSolid)
                  20000028    00000001     (.common:Lcd_Orientation)
                  20000029    00000001     (.common:Lcd_PenSolid)

.data      0    20000030    00000020     UNINITIALIZED
                  20000030    00000010     Crystalfontz128x128_ST7735.obj (.data:g_sCrystalfontz128x128)
                  20000040    00000008     HAL_TMP006.obj (.data)
                  20000048    00000004     rtsv7M4_T_le_v4SPD16_eabi.lib : errno.c.obj (.data)
                  2000004c    00000004     system_msp432p401r.obj (.data)

.stack     0    2000fe00    00000200     UNINITIALIZED
                  2000fe00    00000004     rtsv7M4_T_le_v4SPD16_eabi.lib : boot_cortex_m.c.obj (.stack)
                  2000fe04    000001fc     --HOLE--

__llvm_prf_cnts 
*          0    20000000    00000000     UNINITIALIZED

MODULE SUMMARY

       Module                                               code    ro data   rw data
       ------                                               ----    -------   -------
    .\
       HAL_TMP006.obj                                       1032    0         16     
       system_msp432p401r.obj                               820     0         8      
       main.obj                                             404     0         64     
       HAL_I2C.obj                                          280     20        0      
       startup_msp432p401r_ccs.obj                          14      228       0      
    +--+----------------------------------------------------+-------+---------+---------+
       Total:                                               2550    248       88     
                                                                                     
    .\LcdDriver\
       Crystalfontz128x128_ST7735.obj                       1664    40        52     
       HAL_MSP_EXP432P401R_Crystalfontz128x128_ST7735.obj   204     28        0      
    +--+----------------------------------------------------+-------+---------+---------+
       Total:                                               1868    68        52     
                                                                                     
    C:/Users/matty/OneDrive/Desktop/Embedded/CSS_lib/simplelink_msp432p4_sdk_3_40_01_02/source/ti/devices/msp432p4xx/driverlib/ccs/msp432p4xx_driverlib.lib
       pcm.o                                                848     0         0      
       i2c.o                                                690     0         0      
       cs.o                                                 356     0         0      
       gpio.o                                               280     48        0      
       spi.o                                                312     0         0      
       flash.o                                              72      0         0      
       wdt_a.o                                              36      0         0      
       interrupt.o                                          16      0         0      
       cpu.o                                                12      0         0      
    +--+----------------------------------------------------+-------+---------+---------+
       Total:                                               2622    48        0      
                                                                                     
    C:/Users/matty/OneDrive/Desktop/Embedded/CSS_lib/simplelink_msp432p4_sdk_3_40_01_02/source/ti/grlib/lib/ccs/m4/grlib.a
       string.obj                                           1536    0         0      
       fontfixed6x8.obj                                     0       960       0      
       context.obj                                          174     0         0      
       line.obj                                             156     0         0      
       display.obj                                          146     0         0      
    +--+----------------------------------------------------+-------+---------+---------+
       Total:                                               2012    960       0      
                                                                                     
    C:\ti\ccs1280\ccs\tools\compiler\ti-cgt-arm_20.2.7.LTS\lib\rtsv7M4_T_le_v4SPD16_eabi.lib
       _printfi.c.obj                                       4851    0         0      
       e_pow.c.obj                                          2512    48        0      
       fd_add_t2.asm.obj                                    438     0         0      
       e_sqrt.c.obj                                         344     0         0      
       fd_div_t2.asm.obj                                    310     0         0      
       s_scalbn.c.obj                                       272     0         0      
       fd_cmp_t2.asm.obj                                    268     0         0      
       ctype.c.obj                                          0       257       0      
       fd_mul_t2.asm.obj                                    252     0         0      
       memcpy_t2.asm.obj                                    156     0         0      
       ull_div_t2.asm.obj                                   150     0         0      
       memset_t2.asm.obj                                    122     0         0      
       fd_tos_t2.asm.obj                                    110     0         0      
       copy_decompress_lzss.c.obj                           104     0         0      
       s_frexp.c.obj                                        100     0         0      
       sprintf.c.obj                                        98      0         0      
       _ltoa.c.obj                                          84      0         0      
       atoi.c.obj                                           76      0         0      
       fd_toi_t2.asm.obj                                    72      0         0      
       autoinit.c.obj                                       68      0         0      
       fs_tod_t2.asm.obj                                    56      0         0      
       boot_cortex_m.c.obj                                  52      0         0      
       i_tofd_t2.asm.obj                                    46      0         0      
       copy_zero_init.c.obj                                 28      0         0      
       memccpy.c.obj                                        28      0         0      
       s_copysign.c.obj                                     26      0         0      
       strchr.c.obj                                         22      0         0      
       strlen.c.obj                                         20      0         0      
       wcslen.c.obj                                         18      0         0      
       errno.c.obj                                          8       0         8      
       copy_decompress_none.c.obj                           14      0         0      
       exit.c.obj                                           4       0         0      
       pre_init.c.obj                                       4       0         0      
       div0.asm.obj                                         2       0         0      
    +--+----------------------------------------------------+-------+---------+---------+
       Total:                                               10715   305       8      
                                                                                     
       Stack:                                               0       0         1024   
       Linker Generated:                                    0       54        0      
    +--+----------------------------------------------------+-------+---------+---------+
       Grand Total:                                         19767   1683      1172   


LINKER GENERATED COPY TABLES

__TI_cinit_table @ 000053d8 records: 2, size/record: 8, table size: 16
	.data: load addr=000053b0, load size=00000012 bytes, run addr=20000030, run size=00000020 bytes, compression=lzss
	.bss: load addr=000053d0, load size=00000008 bytes, run addr=20000000, run size=0000002a bytes, compression=zero_init


LINKER GENERATED HANDLER TABLE

__TI_handler_table @ 000053c4 records: 3, size/record: 4, table size: 12
	index: 0, handler: __TI_decompress_lzss
	index: 1, handler: __TI_decompress_none
	index: 2, handler: __TI_zero_init


GLOBAL SYMBOLS: SORTED ALPHABETICALLY BY Name 

address   name                                       
-------   ----                                       
00004e07  ADC14_IRQHandler                           
00004e07  AES256_IRQHandler                          
00004e07  BusFault_Handler                           
00004e2d  C$$EXIT                                    
00004e07  COMP_E0_IRQHandler                         
00004e07  COMP_E1_IRQHandler                         
00004e09  CPU_cpsid                                  
00004e07  CS_IRQHandler                              
000033f5  CS_initClockSignal                         
000049f1  CS_setDCOCenteredFrequency                 
00001505  Crystalfontz128x128_Init                   
00001619  Crystalfontz128x128_SetDrawFrame           
00001747  Crystalfontz128x128_SetOrientation         
00004e07  DMA_ERR_IRQHandler                         
00004e07  DMA_INT0_IRQHandler                        
00004e07  DMA_INT1_IRQHandler                        
00004e07  DMA_INT2_IRQHandler                        
00004e07  DMA_INT3_IRQHandler                        
00004e07  DebugMon_Handler                           
00004e07  Default_Handler                            
00004e07  EUSCIA0_IRQHandler                         
00004e07  EUSCIA1_IRQHandler                         
00004e07  EUSCIA2_IRQHandler                         
00004e07  EUSCIA3_IRQHandler                         
00004e07  EUSCIB0_IRQHandler                         
00004e07  EUSCIB1_IRQHandler                         
00004e07  EUSCIB2_IRQHandler                         
00004e07  EUSCIB3_IRQHandler                         
00004c99  EUSCI_A_SPI_enable                         
00004caf  EUSCI_B_SPI_enable                         
00004e07  FLCTL_IRQHandler                           
00004e07  FPU_IRQHandler                             
000046ad  FlashCtl_setWaitState                      
000047c9  GPIO_setAsOutputPin                        
00003f6d  GPIO_setAsPeripheralModuleFunctionOutputPin
00004ae9  GPIO_setOutputHighOnPin                    
00004b11  GPIO_setOutputLowOnPin                     
00004d99  Graphics_clearDisplay                      
00004bcd  Graphics_clearDisplayOnDisplay             
000049b9  Graphics_drawHorizontalLineOnDisplay       
00003d9f  Graphics_drawLineH                         
00004abb  Graphics_drawPixelOnDisplay                
00001b85  Graphics_drawString                        
000046f5  Graphics_drawStringCentered                
00003a75  Graphics_getStringWidth                    
000045bd  Graphics_initContext                       
00004be7  Graphics_setBackgroundColor                
00004c01  Graphics_setFont                           
00004cc5  Graphics_setForegroundColor                
00004cdb  Graphics_translateColorOnDisplay           
00003b71  HAL_LCD_PortInit                           
00003ba1  HAL_LCD_SpiInit                            
00003bd7  HAL_LCD_writeCommand                       
00003c07  HAL_LCD_writeData                          
00004e07  HardFault_Handler                          
00004cf1  I2C_clearInterruptFlag                     
00004d07  I2C_disableModule                          
00004d1d  I2C_enableModule                           
00004c4f  I2C_getInterruptStatus                     
00003661  I2C_init                                   
000043f9  I2C_initMaster                             
00004c69  I2C_isBusBusy                              
00004849  I2C_masterReceiveMultiByteFinish           
00004d49  I2C_masterReceiveMultiByteNext             
00004c1b  I2C_masterReceiveStart                     
00004259  I2C_masterSendMultiByteFinish              
00004a25  I2C_masterSendMultiByteNext                
000042c5  I2C_masterSendMultiByteStart               
00004949  I2C_masterSendMultiByteStop                
00003679  I2C_read16                                 
00004b5d  I2C_setMode                                
00004d5d  I2C_setSlaveAddress                        
00003743  I2C_setslave                               
000036ff  I2C_write16                                
00003649  Init_I2C_GPIO                              
00004dbd  Interrupt_disableMaster                    
20000026  Lcd_FlagRead                               
20000027  Lcd_FontSolid                              
20000028  Lcd_Orientation                            
20000029  Lcd_PenSolid                               
20000020  Lcd_ScreenHeigth                           
20000022  Lcd_ScreenWidth                            
20000024  Lcd_TouchTrim                              
00004e07  MemManage_Handler                          
00004e07  NMI_Handler                                
00004e07  PCM_IRQHandler                             
0000445b  PCM_getCoreVoltageLevel                    
000044b9  PCM_getPowerMode                           
00004d71  PCM_getPowerState                          
00004dcd  PCM_setCoreVoltageLevel                    
00004ddd  PCM_setPowerMode                           
00004e07  PORT1_IRQHandler                           
00004e07  PORT2_IRQHandler                           
00004e07  PORT3_IRQHandler                           
00004e07  PORT4_IRQHandler                           
00004e07  PORT5_IRQHandler                           
00004e07  PORT6_IRQHandler                           
00004e07  PSS_IRQHandler                             
00004e07  PendSV_Handler                             
00004e07  RTC_C_IRQHandler                           
00004dfb  Reset_Handler                              
00004b79  SPI_enableModule                           
00003cef  SPI_initMaster                             
00004e07  SVC_Handler                                
00004e07  SysTick_Handler                            
2000004c  SystemCoreClock                            
0000240d  SystemCoreClockUpdate                      
00002685  SystemInit                                 
00004e07  T32_INT1_IRQHandler                        
00004e07  T32_INT2_IRQHandler                        
00004e07  T32_INTC_IRQHandler                        
00004e07  TA0_0_IRQHandler                           
00004e07  TA0_N_IRQHandler                           
00004e07  TA1_0_IRQHandler                           
00004e07  TA1_N_IRQHandler                           
00004e07  TA2_0_IRQHandler                           
00004e07  TA2_N_IRQHandler                           
00004e07  TA3_0_IRQHandler                           
00004e07  TA3_N_IRQHandler                           
0000206b  TMP006_getTemp                             
00002005  TMP006_init                                
0000205b  TMP006_readAmbientTemperature              
0000203b  TMP006_readDeviceId                        
0000204b  TMP006_readObjectVoltage                   
00004e07  UsageFault_Handler                         
4000480c  WDTCTL_SYM                                 
00004e07  WDT_A_IRQHandler                           
00004b39  WDT_A_holdTimer                            
20010000  __STACK_END                                
00000200  __STACK_SIZE                               
000053d8  __TI_CINIT_Base                            
000053e8  __TI_CINIT_Limit                           
000053c4  __TI_Handler_Table_Base                    
000053d0  __TI_Handler_Table_Limit                   
00004785  __TI_auto_init_nobinit_nopinit             
0000432d  __TI_decompress_lzss                       
00004ded  __TI_decompress_none                       
00004569  __TI_ltoa                                  
ffffffff  __TI_pprof_out_hndl                        
000000e5  __TI_printfi                               
ffffffff  __TI_prof_data_size                        
ffffffff  __TI_prof_data_start                       
00000000  __TI_static_base__                         
00004b95  __TI_zero_init_nomemset                    
00003ff5  __aeabi_cdcmpeq                            
00003ff5  __aeabi_cdcmple                            
0000407b  __aeabi_cdrcmple                           
000041e9  __aeabi_d2f                                
0000473d  __aeabi_d2iz                               
00002b8b  __aeabi_dadd                               
000032bd  __aeabi_ddiv                               
00003979  __aeabi_dmul                               
00002b81  __aeabi_dsub                               
00004e21  __aeabi_errno_addr                         
00004981  __aeabi_f2d                                
00004a8d  __aeabi_i2d                                
00000b33  __aeabi_idiv0                              
00000b33  __aeabi_ldiv0                              
00004101  __aeabi_memclr                             
00004101  __aeabi_memclr4                            
00004101  __aeabi_memclr8                            
00003e3b  __aeabi_memcpy                             
00003e3b  __aeabi_memcpy4                            
00003e3b  __aeabi_memcpy8                            
00004103  __aeabi_memset                             
00004103  __aeabi_memset4                            
00004103  __aeabi_memset8                            
00003ed7  __aeabi_uldivmod                           
ffffffff  __binit__                                  
ffffffff  __c_args__                                 
UNDEFED   __mpu_init                                 
2000fe00  __stack                                    
20000000  __start___llvm_prf_cnts                    
20000000  __stop___llvm_prf_cnts                     
00004a59  _c_int00_noargs                            
00005128  _ctypes_                                   
00002d39  _graphicsInit                              
00002d93  _hwInit                                    
UNDEFED   _system_post_cinit                         
00004e29  _system_pre_init                           
00002d73  _temperatureSensorInit                     
00004e2d  abort                                      
00004661  atoi                                       
ffffffff  binit                                      
00004c35  copysign                                   
00004c35  copysignl                                  
20000048  errno                                      
00004395  frexp                                      
00004395  frexpl                                     
20000000  g_sContext                                 
20000030  g_sCrystalfontz128x128                     
00005358  g_sCrystalfontz128x128_funcs               
0000522c  g_sFontFixed6x8                            
00005394  i2cConfig                                  
00000000  interruptVectors                           
00003761  ldexp                                      
00003761  ldexpl                                     
00002ded  main                                       
00004bb1  memccpy                                    
00003e3b  memcpy                                     
00004109  memset                                     
00000b35  pow                                        
00000b35  powl                                       
00003761  scalbn                                     
00003761  scalbnl                                    
000048c9  sprintf                                    
00003029  sqrt                                       
00003029  sqrtl                                      
00004d33  strchr                                     
00004d85  strlen                                     
2000001c  temp                                       
00004dab  wcslen                                     


GLOBAL SYMBOLS: SORTED BY Symbol Address 

address   name                                       
-------   ----                                       
00000000  __TI_static_base__                         
00000000  interruptVectors                           
000000e5  __TI_printfi                               
00000200  __STACK_SIZE                               
00000b33  __aeabi_idiv0                              
00000b33  __aeabi_ldiv0                              
00000b35  pow                                        
00000b35  powl                                       
00001505  Crystalfontz128x128_Init                   
00001619  Crystalfontz128x128_SetDrawFrame           
00001747  Crystalfontz128x128_SetOrientation         
00001b85  Graphics_drawString                        
00002005  TMP006_init                                
0000203b  TMP006_readDeviceId                        
0000204b  TMP006_readObjectVoltage                   
0000205b  TMP006_readAmbientTemperature              
0000206b  TMP006_getTemp                             
0000240d  SystemCoreClockUpdate                      
00002685  SystemInit                                 
00002b81  __aeabi_dsub                               
00002b8b  __aeabi_dadd                               
00002d39  _graphicsInit                              
00002d73  _temperatureSensorInit                     
00002d93  _hwInit                                    
00002ded  main                                       
00003029  sqrt                                       
00003029  sqrtl                                      
000032bd  __aeabi_ddiv                               
000033f5  CS_initClockSignal                         
00003649  Init_I2C_GPIO                              
00003661  I2C_init                                   
00003679  I2C_read16                                 
000036ff  I2C_write16                                
00003743  I2C_setslave                               
00003761  ldexp                                      
00003761  ldexpl                                     
00003761  scalbn                                     
00003761  scalbnl                                    
00003979  __aeabi_dmul                               
00003a75  Graphics_getStringWidth                    
00003b71  HAL_LCD_PortInit                           
00003ba1  HAL_LCD_SpiInit                            
00003bd7  HAL_LCD_writeCommand                       
00003c07  HAL_LCD_writeData                          
00003cef  SPI_initMaster                             
00003d9f  Graphics_drawLineH                         
00003e3b  __aeabi_memcpy                             
00003e3b  __aeabi_memcpy4                            
00003e3b  __aeabi_memcpy8                            
00003e3b  memcpy                                     
00003ed7  __aeabi_uldivmod                           
00003f6d  GPIO_setAsPeripheralModuleFunctionOutputPin
00003ff5  __aeabi_cdcmpeq                            
00003ff5  __aeabi_cdcmple                            
0000407b  __aeabi_cdrcmple                           
00004101  __aeabi_memclr                             
00004101  __aeabi_memclr4                            
00004101  __aeabi_memclr8                            
00004103  __aeabi_memset                             
00004103  __aeabi_memset4                            
00004103  __aeabi_memset8                            
00004109  memset                                     
000041e9  __aeabi_d2f                                
00004259  I2C_masterSendMultiByteFinish              
000042c5  I2C_masterSendMultiByteStart               
0000432d  __TI_decompress_lzss                       
00004395  frexp                                      
00004395  frexpl                                     
000043f9  I2C_initMaster                             
0000445b  PCM_getCoreVoltageLevel                    
000044b9  PCM_getPowerMode                           
00004569  __TI_ltoa                                  
000045bd  Graphics_initContext                       
00004661  atoi                                       
000046ad  FlashCtl_setWaitState                      
000046f5  Graphics_drawStringCentered                
0000473d  __aeabi_d2iz                               
00004785  __TI_auto_init_nobinit_nopinit             
000047c9  GPIO_setAsOutputPin                        
00004849  I2C_masterReceiveMultiByteFinish           
000048c9  sprintf                                    
00004949  I2C_masterSendMultiByteStop                
00004981  __aeabi_f2d                                
000049b9  Graphics_drawHorizontalLineOnDisplay       
000049f1  CS_setDCOCenteredFrequency                 
00004a25  I2C_masterSendMultiByteNext                
00004a59  _c_int00_noargs                            
00004a8d  __aeabi_i2d                                
00004abb  Graphics_drawPixelOnDisplay                
00004ae9  GPIO_setOutputHighOnPin                    
00004b11  GPIO_setOutputLowOnPin                     
00004b39  WDT_A_holdTimer                            
00004b5d  I2C_setMode                                
00004b79  SPI_enableModule                           
00004b95  __TI_zero_init_nomemset                    
00004bb1  memccpy                                    
00004bcd  Graphics_clearDisplayOnDisplay             
00004be7  Graphics_setBackgroundColor                
00004c01  Graphics_setFont                           
00004c1b  I2C_masterReceiveStart                     
00004c35  copysign                                   
00004c35  copysignl                                  
00004c4f  I2C_getInterruptStatus                     
00004c69  I2C_isBusBusy                              
00004c99  EUSCI_A_SPI_enable                         
00004caf  EUSCI_B_SPI_enable                         
00004cc5  Graphics_setForegroundColor                
00004cdb  Graphics_translateColorOnDisplay           
00004cf1  I2C_clearInterruptFlag                     
00004d07  I2C_disableModule                          
00004d1d  I2C_enableModule                           
00004d33  strchr                                     
00004d49  I2C_masterReceiveMultiByteNext             
00004d5d  I2C_setSlaveAddress                        
00004d71  PCM_getPowerState                          
00004d85  strlen                                     
00004d99  Graphics_clearDisplay                      
00004dab  wcslen                                     
00004dbd  Interrupt_disableMaster                    
00004dcd  PCM_setCoreVoltageLevel                    
00004ddd  PCM_setPowerMode                           
00004ded  __TI_decompress_none                       
00004dfb  Reset_Handler                              
00004e07  ADC14_IRQHandler                           
00004e07  AES256_IRQHandler                          
00004e07  BusFault_Handler                           
00004e07  COMP_E0_IRQHandler                         
00004e07  COMP_E1_IRQHandler                         
00004e07  CS_IRQHandler                              
00004e07  DMA_ERR_IRQHandler                         
00004e07  DMA_INT0_IRQHandler                        
00004e07  DMA_INT1_IRQHandler                        
00004e07  DMA_INT2_IRQHandler                        
00004e07  DMA_INT3_IRQHandler                        
00004e07  DebugMon_Handler                           
00004e07  Default_Handler                            
00004e07  EUSCIA0_IRQHandler                         
00004e07  EUSCIA1_IRQHandler                         
00004e07  EUSCIA2_IRQHandler                         
00004e07  EUSCIA3_IRQHandler                         
00004e07  EUSCIB0_IRQHandler                         
00004e07  EUSCIB1_IRQHandler                         
00004e07  EUSCIB2_IRQHandler                         
00004e07  EUSCIB3_IRQHandler                         
00004e07  FLCTL_IRQHandler                           
00004e07  FPU_IRQHandler                             
00004e07  HardFault_Handler                          
00004e07  MemManage_Handler                          
00004e07  NMI_Handler                                
00004e07  PCM_IRQHandler                             
00004e07  PORT1_IRQHandler                           
00004e07  PORT2_IRQHandler                           
00004e07  PORT3_IRQHandler                           
00004e07  PORT4_IRQHandler                           
00004e07  PORT5_IRQHandler                           
00004e07  PORT6_IRQHandler                           
00004e07  PSS_IRQHandler                             
00004e07  PendSV_Handler                             
00004e07  RTC_C_IRQHandler                           
00004e07  SVC_Handler                                
00004e07  SysTick_Handler                            
00004e07  T32_INT1_IRQHandler                        
00004e07  T32_INT2_IRQHandler                        
00004e07  T32_INTC_IRQHandler                        
00004e07  TA0_0_IRQHandler                           
00004e07  TA0_N_IRQHandler                           
00004e07  TA1_0_IRQHandler                           
00004e07  TA1_N_IRQHandler                           
00004e07  TA2_0_IRQHandler                           
00004e07  TA2_N_IRQHandler                           
00004e07  TA3_0_IRQHandler                           
00004e07  TA3_N_IRQHandler                           
00004e07  UsageFault_Handler                         
00004e07  WDT_A_IRQHandler                           
00004e09  CPU_cpsid                                  
00004e21  __aeabi_errno_addr                         
00004e29  _system_pre_init                           
00004e2d  C$$EXIT                                    
00004e2d  abort                                      
00005128  _ctypes_                                   
0000522c  g_sFontFixed6x8                            
00005358  g_sCrystalfontz128x128_funcs               
00005394  i2cConfig                                  
000053c4  __TI_Handler_Table_Base                    
000053d0  __TI_Handler_Table_Limit                   
000053d8  __TI_CINIT_Base                            
000053e8  __TI_CINIT_Limit                           
20000000  __start___llvm_prf_cnts                    
20000000  __stop___llvm_prf_cnts                     
20000000  g_sContext                                 
2000001c  temp                                       
20000020  Lcd_ScreenHeigth                           
20000022  Lcd_ScreenWidth                            
20000024  Lcd_TouchTrim                              
20000026  Lcd_FlagRead                               
20000027  Lcd_FontSolid                              
20000028  Lcd_Orientation                            
20000029  Lcd_PenSolid                               
20000030  g_sCrystalfontz128x128                     
20000048  errno                                      
2000004c  SystemCoreClock                            
2000fe00  __stack                                    
20010000  __STACK_END                                
4000480c  WDTCTL_SYM                                 
ffffffff  __TI_pprof_out_hndl                        
ffffffff  __TI_prof_data_size                        
ffffffff  __TI_prof_data_start                       
ffffffff  __binit__                                  
ffffffff  __c_args__                                 
ffffffff  binit                                      
UNDEFED   __mpu_init                                 
UNDEFED   _system_post_cinit                         

[212 symbols]
