<?xml version="1.0" encoding="ISO-8859-1" ?>
<link_info>
   <banner>TI ARM Linker PC v20.2.7.LTS</banner>
   <copyright>Copyright (c) 1996-2018 Texas Instruments Incorporated</copyright>
   <link_time>0x685436b2</link_time>
   <link_errors>0x0</link_errors>
   <output_file>temp.out</output_file>
   <entry_point>
      <name>_c_int00_noargs</name>
      <address>0x4a59</address>
   </entry_point>
   <input_file_list>
      <input_file id="fl-2">
         <path>.\</path>
         <kind>object</kind>
         <file>HAL_I2C.obj</file>
         <name>HAL_I2C.obj</name>
      </input_file>
      <input_file id="fl-3">
         <path>.\</path>
         <kind>object</kind>
         <file>HAL_TMP006.obj</file>
         <name>HAL_TMP006.obj</name>
      </input_file>
      <input_file id="fl-4">
         <path>.\</path>
         <kind>object</kind>
         <file>main.obj</file>
         <name>main.obj</name>
      </input_file>
      <input_file id="fl-5">
         <path>.\</path>
         <kind>object</kind>
         <file>startup_msp432p401r_ccs.obj</file>
         <name>startup_msp432p401r_ccs.obj</name>
      </input_file>
      <input_file id="fl-6">
         <path>.\</path>
         <kind>object</kind>
         <file>system_msp432p401r.obj</file>
         <name>system_msp432p401r.obj</name>
      </input_file>
      <input_file id="fl-7">
         <path>.\LcdDriver\</path>
         <kind>object</kind>
         <file>Crystalfontz128x128_ST7735.obj</file>
         <name>Crystalfontz128x128_ST7735.obj</name>
      </input_file>
      <input_file id="fl-8">
         <path>.\LcdDriver\</path>
         <kind>object</kind>
         <file>HAL_MSP_EXP432P401R_Crystalfontz128x128_ST7735.obj</file>
         <name>HAL_MSP_EXP432P401R_Crystalfontz128x128_ST7735.obj</name>
      </input_file>
      <input_file id="fl-d">
         <kind>object</kind>
         <file>&lt;internal&gt;</file>
         <name>&lt;internal&gt;</name>
      </input_file>
      <input_file id="fl-e">
         <path>C:\Users\matty\OneDrive\Desktop\Embedded\CSS_lib\simplelink_msp432p4_sdk_3_40_01_02\source\ti\devices\msp432p4xx\driverlib\ccs\</path>
         <kind>archive</kind>
         <file>msp432p4xx_driverlib.lib</file>
         <name>cs.o</name>
      </input_file>
      <input_file id="fl-f">
         <path>C:\Users\matty\OneDrive\Desktop\Embedded\CSS_lib\simplelink_msp432p4_sdk_3_40_01_02\source\ti\devices\msp432p4xx\driverlib\ccs\</path>
         <kind>archive</kind>
         <file>msp432p4xx_driverlib.lib</file>
         <name>flash.o</name>
      </input_file>
      <input_file id="fl-10">
         <path>C:\Users\matty\OneDrive\Desktop\Embedded\CSS_lib\simplelink_msp432p4_sdk_3_40_01_02\source\ti\devices\msp432p4xx\driverlib\ccs\</path>
         <kind>archive</kind>
         <file>msp432p4xx_driverlib.lib</file>
         <name>gpio.o</name>
      </input_file>
      <input_file id="fl-11">
         <path>C:\Users\matty\OneDrive\Desktop\Embedded\CSS_lib\simplelink_msp432p4_sdk_3_40_01_02\source\ti\devices\msp432p4xx\driverlib\ccs\</path>
         <kind>archive</kind>
         <file>msp432p4xx_driverlib.lib</file>
         <name>i2c.o</name>
      </input_file>
      <input_file id="fl-12">
         <path>C:\Users\matty\OneDrive\Desktop\Embedded\CSS_lib\simplelink_msp432p4_sdk_3_40_01_02\source\ti\devices\msp432p4xx\driverlib\ccs\</path>
         <kind>archive</kind>
         <file>msp432p4xx_driverlib.lib</file>
         <name>interrupt.o</name>
      </input_file>
      <input_file id="fl-13">
         <path>C:\Users\matty\OneDrive\Desktop\Embedded\CSS_lib\simplelink_msp432p4_sdk_3_40_01_02\source\ti\devices\msp432p4xx\driverlib\ccs\</path>
         <kind>archive</kind>
         <file>msp432p4xx_driverlib.lib</file>
         <name>pcm.o</name>
      </input_file>
      <input_file id="fl-14">
         <path>C:\Users\matty\OneDrive\Desktop\Embedded\CSS_lib\simplelink_msp432p4_sdk_3_40_01_02\source\ti\devices\msp432p4xx\driverlib\ccs\</path>
         <kind>archive</kind>
         <file>msp432p4xx_driverlib.lib</file>
         <name>rtc_c.o</name>
      </input_file>
      <input_file id="fl-15">
         <path>C:\Users\matty\OneDrive\Desktop\Embedded\CSS_lib\simplelink_msp432p4_sdk_3_40_01_02\source\ti\devices\msp432p4xx\driverlib\ccs\</path>
         <kind>archive</kind>
         <file>msp432p4xx_driverlib.lib</file>
         <name>spi.o</name>
      </input_file>
      <input_file id="fl-16">
         <path>C:\Users\matty\OneDrive\Desktop\Embedded\CSS_lib\simplelink_msp432p4_sdk_3_40_01_02\source\ti\devices\msp432p4xx\driverlib\ccs\</path>
         <kind>archive</kind>
         <file>msp432p4xx_driverlib.lib</file>
         <name>sysctl.o</name>
      </input_file>
      <input_file id="fl-17">
         <path>C:\Users\matty\OneDrive\Desktop\Embedded\CSS_lib\simplelink_msp432p4_sdk_3_40_01_02\source\ti\devices\msp432p4xx\driverlib\ccs\</path>
         <kind>archive</kind>
         <file>msp432p4xx_driverlib.lib</file>
         <name>sysctl_a.o</name>
      </input_file>
      <input_file id="fl-18">
         <path>C:\Users\matty\OneDrive\Desktop\Embedded\CSS_lib\simplelink_msp432p4_sdk_3_40_01_02\source\ti\devices\msp432p4xx\driverlib\ccs\</path>
         <kind>archive</kind>
         <file>msp432p4xx_driverlib.lib</file>
         <name>wdt_a.o</name>
      </input_file>
      <input_file id="fl-19">
         <path>C:\Users\matty\OneDrive\Desktop\Embedded\CSS_lib\simplelink_msp432p4_sdk_3_40_01_02\source\ti\devices\msp432p4xx\driverlib\ccs\</path>
         <kind>archive</kind>
         <file>msp432p4xx_driverlib.lib</file>
         <name>cpu.o</name>
      </input_file>
      <input_file id="fl-1a">
         <path>C:\Users\matty\OneDrive\Desktop\Embedded\CSS_lib\simplelink_msp432p4_sdk_3_40_01_02\source\ti\grlib\lib\ccs\m4\</path>
         <kind>archive</kind>
         <file>grlib.a</file>
         <name>context.obj</name>
      </input_file>
      <input_file id="fl-1b">
         <path>C:\Users\matty\OneDrive\Desktop\Embedded\CSS_lib\simplelink_msp432p4_sdk_3_40_01_02\source\ti\grlib\lib\ccs\m4\</path>
         <kind>archive</kind>
         <file>grlib.a</file>
         <name>display.obj</name>
      </input_file>
      <input_file id="fl-1c">
         <path>C:\Users\matty\OneDrive\Desktop\Embedded\CSS_lib\simplelink_msp432p4_sdk_3_40_01_02\source\ti\grlib\lib\ccs\m4\</path>
         <kind>archive</kind>
         <file>grlib.a</file>
         <name>fontfixed6x8.obj</name>
      </input_file>
      <input_file id="fl-1d">
         <path>C:\Users\matty\OneDrive\Desktop\Embedded\CSS_lib\simplelink_msp432p4_sdk_3_40_01_02\source\ti\grlib\lib\ccs\m4\</path>
         <kind>archive</kind>
         <file>grlib.a</file>
         <name>string.obj</name>
      </input_file>
      <input_file id="fl-1e">
         <path>C:\Users\matty\OneDrive\Desktop\Embedded\CSS_lib\simplelink_msp432p4_sdk_3_40_01_02\source\ti\grlib\lib\ccs\m4\</path>
         <kind>archive</kind>
         <file>grlib.a</file>
         <name>line.obj</name>
      </input_file>
      <input_file id="fl-d5">
         <path>C:\ti\ccs1280\ccs\tools\compiler\ti-cgt-arm_20.2.7.LTS\lib\</path>
         <kind>archive</kind>
         <file>rtsv7M4_T_le_v4SPD16_eabi.lib</file>
         <name>e_pow.c.obj</name>
      </input_file>
      <input_file id="fl-d6">
         <path>C:\ti\ccs1280\ccs\tools\compiler\ti-cgt-arm_20.2.7.LTS\lib\</path>
         <kind>archive</kind>
         <file>rtsv7M4_T_le_v4SPD16_eabi.lib</file>
         <name>e_sqrt.c.obj</name>
      </input_file>
      <input_file id="fl-d7">
         <path>C:\ti\ccs1280\ccs\tools\compiler\ti-cgt-arm_20.2.7.LTS\lib\</path>
         <kind>archive</kind>
         <file>rtsv7M4_T_le_v4SPD16_eabi.lib</file>
         <name>s_scalbn.c.obj</name>
      </input_file>
      <input_file id="fl-d8">
         <path>C:\ti\ccs1280\ccs\tools\compiler\ti-cgt-arm_20.2.7.LTS\lib\</path>
         <kind>archive</kind>
         <file>rtsv7M4_T_le_v4SPD16_eabi.lib</file>
         <name>sprintf.c.obj</name>
      </input_file>
      <input_file id="fl-d9">
         <path>C:\ti\ccs1280\ccs\tools\compiler\ti-cgt-arm_20.2.7.LTS\lib\</path>
         <kind>archive</kind>
         <file>rtsv7M4_T_le_v4SPD16_eabi.lib</file>
         <name>fd_add_t2.asm.obj</name>
      </input_file>
      <input_file id="fl-da">
         <path>C:\ti\ccs1280\ccs\tools\compiler\ti-cgt-arm_20.2.7.LTS\lib\</path>
         <kind>archive</kind>
         <file>rtsv7M4_T_le_v4SPD16_eabi.lib</file>
         <name>fd_cmp_t2.asm.obj</name>
      </input_file>
      <input_file id="fl-db">
         <path>C:\ti\ccs1280\ccs\tools\compiler\ti-cgt-arm_20.2.7.LTS\lib\</path>
         <kind>archive</kind>
         <file>rtsv7M4_T_le_v4SPD16_eabi.lib</file>
         <name>fd_div_t2.asm.obj</name>
      </input_file>
      <input_file id="fl-dc">
         <path>C:\ti\ccs1280\ccs\tools\compiler\ti-cgt-arm_20.2.7.LTS\lib\</path>
         <kind>archive</kind>
         <file>rtsv7M4_T_le_v4SPD16_eabi.lib</file>
         <name>fd_mul_t2.asm.obj</name>
      </input_file>
      <input_file id="fl-dd">
         <path>C:\ti\ccs1280\ccs\tools\compiler\ti-cgt-arm_20.2.7.LTS\lib\</path>
         <kind>archive</kind>
         <file>rtsv7M4_T_le_v4SPD16_eabi.lib</file>
         <name>fd_tos_t2.asm.obj</name>
      </input_file>
      <input_file id="fl-de">
         <path>C:\ti\ccs1280\ccs\tools\compiler\ti-cgt-arm_20.2.7.LTS\lib\</path>
         <kind>archive</kind>
         <file>rtsv7M4_T_le_v4SPD16_eabi.lib</file>
         <name>fs_tod_t2.asm.obj</name>
      </input_file>
      <input_file id="fl-df">
         <path>C:\ti\ccs1280\ccs\tools\compiler\ti-cgt-arm_20.2.7.LTS\lib\</path>
         <kind>archive</kind>
         <file>rtsv7M4_T_le_v4SPD16_eabi.lib</file>
         <name>i_tofd_t2.asm.obj</name>
      </input_file>
      <input_file id="fl-e0">
         <path>C:\ti\ccs1280\ccs\tools\compiler\ti-cgt-arm_20.2.7.LTS\lib\</path>
         <kind>archive</kind>
         <file>rtsv7M4_T_le_v4SPD16_eabi.lib</file>
         <name>memcpy_t2.asm.obj</name>
      </input_file>
      <input_file id="fl-e1">
         <path>C:\ti\ccs1280\ccs\tools\compiler\ti-cgt-arm_20.2.7.LTS\lib\</path>
         <kind>archive</kind>
         <file>rtsv7M4_T_le_v4SPD16_eabi.lib</file>
         <name>copy_zero_init.c.obj</name>
      </input_file>
      <input_file id="fl-e2">
         <path>C:\ti\ccs1280\ccs\tools\compiler\ti-cgt-arm_20.2.7.LTS\lib\</path>
         <kind>archive</kind>
         <file>rtsv7M4_T_le_v4SPD16_eabi.lib</file>
         <name>copy_decompress_none.c.obj</name>
      </input_file>
      <input_file id="fl-e3">
         <path>C:\ti\ccs1280\ccs\tools\compiler\ti-cgt-arm_20.2.7.LTS\lib\</path>
         <kind>archive</kind>
         <file>rtsv7M4_T_le_v4SPD16_eabi.lib</file>
         <name>copy_decompress_lzss.c.obj</name>
      </input_file>
      <input_file id="fl-e4">
         <path>C:\ti\ccs1280\ccs\tools\compiler\ti-cgt-arm_20.2.7.LTS\lib\</path>
         <kind>archive</kind>
         <file>rtsv7M4_T_le_v4SPD16_eabi.lib</file>
         <name>boot_cortex_m.c.obj</name>
      </input_file>
      <input_file id="fl-e5">
         <path>C:\ti\ccs1280\ccs\tools\compiler\ti-cgt-arm_20.2.7.LTS\lib\</path>
         <kind>archive</kind>
         <file>rtsv7M4_T_le_v4SPD16_eabi.lib</file>
         <name>errno.c.obj</name>
      </input_file>
      <input_file id="fl-e6">
         <path>C:\ti\ccs1280\ccs\tools\compiler\ti-cgt-arm_20.2.7.LTS\lib\</path>
         <kind>archive</kind>
         <file>rtsv7M4_T_le_v4SPD16_eabi.lib</file>
         <name>s_copysign.c.obj</name>
      </input_file>
      <input_file id="fl-e7">
         <path>C:\ti\ccs1280\ccs\tools\compiler\ti-cgt-arm_20.2.7.LTS\lib\</path>
         <kind>archive</kind>
         <file>rtsv7M4_T_le_v4SPD16_eabi.lib</file>
         <name>_printfi.c.obj</name>
      </input_file>
      <input_file id="fl-e8">
         <path>C:\ti\ccs1280\ccs\tools\compiler\ti-cgt-arm_20.2.7.LTS\lib\</path>
         <kind>archive</kind>
         <file>rtsv7M4_T_le_v4SPD16_eabi.lib</file>
         <name>fd_toi_t2.asm.obj</name>
      </input_file>
      <input_file id="fl-e9">
         <path>C:\ti\ccs1280\ccs\tools\compiler\ti-cgt-arm_20.2.7.LTS\lib\</path>
         <kind>archive</kind>
         <file>rtsv7M4_T_le_v4SPD16_eabi.lib</file>
         <name>memset_t2.asm.obj</name>
      </input_file>
      <input_file id="fl-ea">
         <path>C:\ti\ccs1280\ccs\tools\compiler\ti-cgt-arm_20.2.7.LTS\lib\</path>
         <kind>archive</kind>
         <file>rtsv7M4_T_le_v4SPD16_eabi.lib</file>
         <name>ull_div_t2.asm.obj</name>
      </input_file>
      <input_file id="fl-eb">
         <path>C:\ti\ccs1280\ccs\tools\compiler\ti-cgt-arm_20.2.7.LTS\lib\</path>
         <kind>archive</kind>
         <file>rtsv7M4_T_le_v4SPD16_eabi.lib</file>
         <name>autoinit.c.obj</name>
      </input_file>
      <input_file id="fl-ec">
         <path>C:\ti\ccs1280\ccs\tools\compiler\ti-cgt-arm_20.2.7.LTS\lib\</path>
         <kind>archive</kind>
         <file>rtsv7M4_T_le_v4SPD16_eabi.lib</file>
         <name>pre_init.c.obj</name>
      </input_file>
      <input_file id="fl-ed">
         <path>C:\ti\ccs1280\ccs\tools\compiler\ti-cgt-arm_20.2.7.LTS\lib\</path>
         <kind>archive</kind>
         <file>rtsv7M4_T_le_v4SPD16_eabi.lib</file>
         <name>cpy_tbl.c.obj</name>
      </input_file>
      <input_file id="fl-ee">
         <path>C:\ti\ccs1280\ccs\tools\compiler\ti-cgt-arm_20.2.7.LTS\lib\</path>
         <kind>archive</kind>
         <file>rtsv7M4_T_le_v4SPD16_eabi.lib</file>
         <name>exit.c.obj</name>
      </input_file>
      <input_file id="fl-ef">
         <path>C:\ti\ccs1280\ccs\tools\compiler\ti-cgt-arm_20.2.7.LTS\lib\</path>
         <kind>archive</kind>
         <file>rtsv7M4_T_le_v4SPD16_eabi.lib</file>
         <name>_lock.c.obj</name>
      </input_file>
      <input_file id="fl-f0">
         <path>C:\ti\ccs1280\ccs\tools\compiler\ti-cgt-arm_20.2.7.LTS\lib\</path>
         <kind>archive</kind>
         <file>rtsv7M4_T_le_v4SPD16_eabi.lib</file>
         <name>_ltoa.c.obj</name>
      </input_file>
      <input_file id="fl-f1">
         <path>C:\ti\ccs1280\ccs\tools\compiler\ti-cgt-arm_20.2.7.LTS\lib\</path>
         <kind>archive</kind>
         <file>rtsv7M4_T_le_v4SPD16_eabi.lib</file>
         <name>args_main.c.obj</name>
      </input_file>
      <input_file id="fl-f2">
         <path>C:\ti\ccs1280\ccs\tools\compiler\ti-cgt-arm_20.2.7.LTS\lib\</path>
         <kind>archive</kind>
         <file>rtsv7M4_T_le_v4SPD16_eabi.lib</file>
         <name>atoi.c.obj</name>
      </input_file>
      <input_file id="fl-f3">
         <path>C:\ti\ccs1280\ccs\tools\compiler\ti-cgt-arm_20.2.7.LTS\lib\</path>
         <kind>archive</kind>
         <file>rtsv7M4_T_le_v4SPD16_eabi.lib</file>
         <name>ctype.c.obj</name>
      </input_file>
      <input_file id="fl-f4">
         <path>C:\ti\ccs1280\ccs\tools\compiler\ti-cgt-arm_20.2.7.LTS\lib\</path>
         <kind>archive</kind>
         <file>rtsv7M4_T_le_v4SPD16_eabi.lib</file>
         <name>memccpy.c.obj</name>
      </input_file>
      <input_file id="fl-f5">
         <path>C:\ti\ccs1280\ccs\tools\compiler\ti-cgt-arm_20.2.7.LTS\lib\</path>
         <kind>archive</kind>
         <file>rtsv7M4_T_le_v4SPD16_eabi.lib</file>
         <name>strchr.c.obj</name>
      </input_file>
      <input_file id="fl-f6">
         <path>C:\ti\ccs1280\ccs\tools\compiler\ti-cgt-arm_20.2.7.LTS\lib\</path>
         <kind>archive</kind>
         <file>rtsv7M4_T_le_v4SPD16_eabi.lib</file>
         <name>strlen.c.obj</name>
      </input_file>
      <input_file id="fl-f7">
         <path>C:\ti\ccs1280\ccs\tools\compiler\ti-cgt-arm_20.2.7.LTS\lib\</path>
         <kind>archive</kind>
         <file>rtsv7M4_T_le_v4SPD16_eabi.lib</file>
         <name>wcslen.c.obj</name>
      </input_file>
      <input_file id="fl-f8">
         <path>C:\ti\ccs1280\ccs\tools\compiler\ti-cgt-arm_20.2.7.LTS\lib\</path>
         <kind>archive</kind>
         <file>rtsv7M4_T_le_v4SPD16_eabi.lib</file>
         <name>s_frexp.c.obj</name>
      </input_file>
      <input_file id="fl-f9">
         <path>C:\ti\ccs1280\ccs\tools\compiler\ti-cgt-arm_20.2.7.LTS\lib\</path>
         <kind>archive</kind>
         <file>rtsv7M4_T_le_v4SPD16_eabi.lib</file>
         <name>div0.asm.obj</name>
      </input_file>
   </input_file_list>
   <object_component_list>
      <object_component id="oc-26">
         <name>.intvecs:retain</name>
         <load_address>0x0</load_address>
         <run_address>0x0</run_address>
         <size>0xe4</size>
         <input_file_ref idref="fl-5"/>
      </object_component>
      <object_component id="oc-274">
         <name>.text:__TI_printfi</name>
         <load_address>0xe4</load_address>
         <run_address>0xe4</run_address>
         <size>0xa4e</size>
         <input_file_ref idref="fl-e7"/>
      </object_component>
      <object_component id="oc-4e3">
         <name>.text</name>
         <load_address>0xb32</load_address>
         <run_address>0xb32</run_address>
         <size>0x2</size>
         <input_file_ref idref="fl-f9"/>
      </object_component>
      <object_component id="oc-23b">
         <name>.text:pow</name>
         <load_address>0xb34</load_address>
         <run_address>0xb34</run_address>
         <size>0x9d0</size>
         <input_file_ref idref="fl-d5"/>
      </object_component>
      <object_component id="oc-c3">
         <name>.text</name>
         <load_address>0x1504</load_address>
         <run_address>0x1504</run_address>
         <size>0x680</size>
         <input_file_ref idref="fl-7"/>
      </object_component>
      <object_component id="oc-268">
         <name>.text:Graphics_drawString</name>
         <load_address>0x1b84</load_address>
         <run_address>0x1b84</run_address>
         <size>0x47e</size>
         <input_file_ref idref="fl-1d"/>
      </object_component>
      <object_component id="oc-ed">
         <name>.text</name>
         <load_address>0x2004</load_address>
         <run_address>0x2004</run_address>
         <size>0x408</size>
         <input_file_ref idref="fl-3"/>
      </object_component>
      <object_component id="oc-a5">
         <name>.text</name>
         <load_address>0x240c</load_address>
         <run_address>0x240c</run_address>
         <size>0x334</size>
         <input_file_ref idref="fl-6"/>
      </object_component>
      <object_component id="oc-3a2">
         <name>.text:_pconv_a</name>
         <load_address>0x2740</load_address>
         <run_address>0x2740</run_address>
         <size>0x270</size>
         <input_file_ref idref="fl-e7"/>
      </object_component>
      <object_component id="oc-390">
         <name>.text:_pconv_g</name>
         <load_address>0x29b0</load_address>
         <run_address>0x29b0</run_address>
         <size>0x1d0</size>
         <input_file_ref idref="fl-e7"/>
      </object_component>
      <object_component id="oc-127">
         <name>.text</name>
         <load_address>0x2b80</load_address>
         <run_address>0x2b80</run_address>
         <size>0x1b6</size>
         <input_file_ref idref="fl-d9"/>
      </object_component>
      <object_component id="oc-93">
         <name>.text</name>
         <load_address>0x2d38</load_address>
         <run_address>0x2d38</run_address>
         <size>0x194</size>
         <input_file_ref idref="fl-4"/>
      </object_component>
      <object_component id="oc-43b">
         <name>.text:__PCM_setPowerModeAdvanced</name>
         <load_address>0x2ecc</load_address>
         <run_address>0x2ecc</run_address>
         <size>0x15c</size>
         <input_file_ref idref="fl-13"/>
      </object_component>
      <object_component id="oc-322">
         <name>.text:sqrt</name>
         <load_address>0x3028</load_address>
         <run_address>0x3028</run_address>
         <size>0x158</size>
         <input_file_ref idref="fl-d6"/>
      </object_component>
      <object_component id="oc-39c">
         <name>.text:_pconv_e</name>
         <load_address>0x3180</load_address>
         <run_address>0x3180</run_address>
         <size>0x13c</size>
         <input_file_ref idref="fl-e7"/>
      </object_component>
      <object_component id="oc-241">
         <name>.text</name>
         <load_address>0x32bc</load_address>
         <run_address>0x32bc</run_address>
         <size>0x136</size>
         <input_file_ref idref="fl-db"/>
      </object_component>
      <object_component id="oc-111">
         <name>.text:CS_initClockSignal</name>
         <load_address>0x33f4</load_address>
         <run_address>0x33f4</run_address>
         <size>0x130</size>
         <input_file_ref idref="fl-e"/>
      </object_component>
      <object_component id="oc-471">
         <name>.text:fcvt</name>
         <load_address>0x3524</load_address>
         <run_address>0x3524</run_address>
         <size>0x124</size>
         <input_file_ref idref="fl-e7"/>
      </object_component>
      <object_component id="oc-e7">
         <name>.text</name>
         <load_address>0x3648</load_address>
         <run_address>0x3648</run_address>
         <size>0x118</size>
         <input_file_ref idref="fl-2"/>
      </object_component>
      <object_component id="oc-33b">
         <name>.text:scalbn</name>
         <load_address>0x3760</load_address>
         <run_address>0x3760</run_address>
         <size>0x110</size>
         <input_file_ref idref="fl-d7"/>
      </object_component>
      <object_component id="oc-253">
         <name>.text:__PCM_setCoreVoltageLevelAdvanced</name>
         <load_address>0x3870</load_address>
         <run_address>0x3870</run_address>
         <size>0x108</size>
         <input_file_ref idref="fl-13"/>
      </object_component>
      <object_component id="oc-12c">
         <name>.text</name>
         <load_address>0x3978</load_address>
         <run_address>0x3978</run_address>
         <size>0xfc</size>
         <input_file_ref idref="fl-dc"/>
      </object_component>
      <object_component id="oc-262">
         <name>.text:Graphics_getStringWidth</name>
         <load_address>0x3a74</load_address>
         <run_address>0x3a74</run_address>
         <size>0xfa</size>
         <input_file_ref idref="fl-1d"/>
      </object_component>
      <object_component id="oc-197">
         <name>.text</name>
         <load_address>0x3b70</load_address>
         <run_address>0x3b70</run_address>
         <size>0xcc</size>
         <input_file_ref idref="fl-8"/>
      </object_component>
      <object_component id="oc-38a">
         <name>.text:_ltostr</name>
         <load_address>0x3c3c</load_address>
         <run_address>0x3c3c</run_address>
         <size>0xb1</size>
         <input_file_ref idref="fl-e7"/>
      </object_component>
      <object_component id="oc-2d7">
         <name>.text:SPI_initMaster</name>
         <load_address>0x3cee</load_address>
         <run_address>0x3cee</run_address>
         <size>0xb0</size>
         <input_file_ref idref="fl-15"/>
      </object_component>
      <object_component id="oc-36f">
         <name>.text:Graphics_drawLineH</name>
         <load_address>0x3d9e</load_address>
         <run_address>0x3d9e</run_address>
         <size>0x9c</size>
         <input_file_ref idref="fl-1e"/>
      </object_component>
      <object_component id="oc-37">
         <name>.text</name>
         <load_address>0x3e3a</load_address>
         <run_address>0x3e3a</run_address>
         <size>0x9c</size>
         <input_file_ref idref="fl-e0"/>
      </object_component>
      <object_component id="oc-453">
         <name>.text</name>
         <load_address>0x3ed6</load_address>
         <run_address>0x3ed6</run_address>
         <size>0x96</size>
         <input_file_ref idref="fl-ea"/>
      </object_component>
      <object_component id="oc-1d2">
         <name>.text:GPIO_setAsPeripheralModuleFunctionOutputPin</name>
         <load_address>0x3f6c</load_address>
         <run_address>0x3f6c</run_address>
         <size>0x88</size>
         <input_file_ref idref="fl-10"/>
      </object_component>
      <object_component id="oc-331">
         <name>.text:__aeabi_cdcmple</name>
         <load_address>0x3ff4</load_address>
         <run_address>0x3ff4</run_address>
         <size>0x86</size>
         <input_file_ref idref="fl-da"/>
      </object_component>
      <object_component id="oc-336">
         <name>.text:__aeabi_cdrcmple</name>
         <load_address>0x407a</load_address>
         <run_address>0x407a</run_address>
         <size>0x86</size>
         <input_file_ref idref="fl-da"/>
      </object_component>
      <object_component id="oc-87">
         <name>.text</name>
         <load_address>0x4100</load_address>
         <run_address>0x4100</run_address>
         <size>0x7a</size>
         <input_file_ref idref="fl-e9"/>
      </object_component>
      <object_component id="oc-46a">
         <name>.text:_mcpy</name>
         <load_address>0x417a</load_address>
         <run_address>0x417a</run_address>
         <size>0x6e</size>
         <input_file_ref idref="fl-e7"/>
      </object_component>
      <object_component id="oc-11d">
         <name>.text</name>
         <load_address>0x41e8</load_address>
         <run_address>0x41e8</run_address>
         <size>0x6e</size>
         <input_file_ref idref="fl-dd"/>
      </object_component>
      <object_component id="oc-226">
         <name>.text:I2C_masterSendMultiByteFinish</name>
         <load_address>0x4258</load_address>
         <run_address>0x4258</run_address>
         <size>0x6c</size>
         <input_file_ref idref="fl-11"/>
      </object_component>
      <object_component id="oc-1fc">
         <name>.text:I2C_masterSendMultiByteStart</name>
         <load_address>0x42c4</load_address>
         <run_address>0x42c4</run_address>
         <size>0x68</size>
         <input_file_ref idref="fl-11"/>
      </object_component>
      <object_component id="oc-17">
         <name>.text:decompress:lzss:__TI_decompress_lzss</name>
         <load_address>0x432c</load_address>
         <run_address>0x432c</run_address>
         <size>0x68</size>
         <input_file_ref idref="fl-e3"/>
      </object_component>
      <object_component id="oc-47f">
         <name>.text:frexp</name>
         <load_address>0x4394</load_address>
         <run_address>0x4394</run_address>
         <size>0x64</size>
         <input_file_ref idref="fl-f8"/>
      </object_component>
      <object_component id="oc-1d8">
         <name>.text:I2C_initMaster</name>
         <load_address>0x43f8</load_address>
         <run_address>0x43f8</run_address>
         <size>0x62</size>
         <input_file_ref idref="fl-11"/>
      </object_component>
      <object_component id="oc-355">
         <name>.text:PCM_getCoreVoltageLevel</name>
         <load_address>0x445a</load_address>
         <run_address>0x445a</run_address>
         <size>0x5e</size>
         <input_file_ref idref="fl-13"/>
      </object_component>
      <object_component id="oc-34f">
         <name>.text:PCM_getPowerMode</name>
         <load_address>0x44b8</load_address>
         <run_address>0x44b8</run_address>
         <size>0x5a</size>
         <input_file_ref idref="fl-13"/>
      </object_component>
      <object_component id="oc-396">
         <name>.text:_pconv_f</name>
         <load_address>0x4512</load_address>
         <run_address>0x4512</run_address>
         <size>0x56</size>
         <input_file_ref idref="fl-e7"/>
      </object_component>
      <object_component id="oc-45e">
         <name>.text:__TI_ltoa</name>
         <load_address>0x4568</load_address>
         <run_address>0x4568</run_address>
         <size>0x54</size>
         <input_file_ref idref="fl-f0"/>
      </object_component>
      <object_component id="oc-c9">
         <name>.text:Graphics_initContext</name>
         <load_address>0x45bc</load_address>
         <run_address>0x45bc</run_address>
         <size>0x52</size>
         <input_file_ref idref="fl-1a"/>
      </object_component>
      <object_component id="oc-464">
         <name>.text:_ecpy</name>
         <load_address>0x460e</load_address>
         <run_address>0x460e</run_address>
         <size>0x52</size>
         <input_file_ref idref="fl-e7"/>
      </object_component>
      <object_component id="oc-384">
         <name>.text:atoi</name>
         <load_address>0x4660</load_address>
         <run_address>0x4660</run_address>
         <size>0x4c</size>
         <input_file_ref idref="fl-f2"/>
      </object_component>
      <object_component id="oc-105">
         <name>.text:FlashCtl_setWaitState</name>
         <load_address>0x46ac</load_address>
         <run_address>0x46ac</run_address>
         <size>0x48</size>
         <input_file_ref idref="fl-f"/>
      </object_component>
      <object_component id="oc-117">
         <name>.text:Graphics_drawStringCentered</name>
         <load_address>0x46f4</load_address>
         <run_address>0x46f4</run_address>
         <size>0x48</size>
         <input_file_ref idref="fl-1d"/>
      </object_component>
      <object_component id="oc-459">
         <name>.text</name>
         <load_address>0x473c</load_address>
         <run_address>0x473c</run_address>
         <size>0x48</size>
         <input_file_ref idref="fl-e8"/>
      </object_component>
      <object_component id="oc-156">
         <name>.text:__TI_auto_init_nobinit_nopinit:__TI_auto_init_nobinit_nopinit</name>
         <load_address>0x4784</load_address>
         <run_address>0x4784</run_address>
         <size>0x44</size>
         <input_file_ref idref="fl-eb"/>
      </object_component>
      <object_component id="oc-2d1">
         <name>.text:GPIO_setAsOutputPin</name>
         <load_address>0x47c8</load_address>
         <run_address>0x47c8</run_address>
         <size>0x40</size>
         <input_file_ref idref="fl-10"/>
      </object_component>
      <object_component id="oc-369">
         <name>.text:Graphics_getNumberOfLeadingZeros</name>
         <load_address>0x4808</load_address>
         <run_address>0x4808</run_address>
         <size>0x40</size>
         <input_file_ref idref="fl-1d"/>
      </object_component>
      <object_component id="oc-21a">
         <name>.text:I2C_masterReceiveMultiByteFinish</name>
         <load_address>0x4848</load_address>
         <run_address>0x4848</run_address>
         <size>0x40</size>
         <input_file_ref idref="fl-11"/>
      </object_component>
      <object_component id="oc-3ea">
         <name>.text:is_A_Module</name>
         <load_address>0x4888</load_address>
         <run_address>0x4888</run_address>
         <size>0x40</size>
         <input_file_ref idref="fl-15"/>
      </object_component>
      <object_component id="oc-131">
         <name>.text:sprintf</name>
         <load_address>0x48c8</load_address>
         <run_address>0x48c8</run_address>
         <size>0x40</size>
         <input_file_ref idref="fl-d8"/>
      </object_component>
      <object_component id="oc-477">
         <name>.text:_fcpy</name>
         <load_address>0x4908</load_address>
         <run_address>0x4908</run_address>
         <size>0x3e</size>
         <input_file_ref idref="fl-e7"/>
      </object_component>
      <object_component id="oc-208">
         <name>.text:I2C_masterSendMultiByteStop</name>
         <load_address>0x4948</load_address>
         <run_address>0x4948</run_address>
         <size>0x38</size>
         <input_file_ref idref="fl-11"/>
      </object_component>
      <object_component id="oc-122">
         <name>.text</name>
         <load_address>0x4980</load_address>
         <run_address>0x4980</run_address>
         <size>0x38</size>
         <input_file_ref idref="fl-de"/>
      </object_component>
      <object_component id="oc-443">
         <name>.text:Graphics_drawHorizontalLineOnDisplay</name>
         <load_address>0x49b8</load_address>
         <run_address>0x49b8</run_address>
         <size>0x36</size>
         <input_file_ref idref="fl-1b"/>
      </object_component>
      <object_component id="oc-10b">
         <name>.text:CS_setDCOCenteredFrequency</name>
         <load_address>0x49f0</load_address>
         <run_address>0x49f0</run_address>
         <size>0x34</size>
         <input_file_ref idref="fl-e"/>
      </object_component>
      <object_component id="oc-220">
         <name>.text:I2C_masterSendMultiByteNext</name>
         <load_address>0x4a24</load_address>
         <run_address>0x4a24</run_address>
         <size>0x34</size>
         <input_file_ref idref="fl-11"/>
      </object_component>
      <object_component id="oc-55">
         <name>.text:_c_int00_noargs:_c_int00_noargs</name>
         <load_address>0x4a58</load_address>
         <run_address>0x4a58</run_address>
         <size>0x34</size>
         <input_file_ref idref="fl-e4"/>
      </object_component>
      <object_component id="oc-236">
         <name>.text</name>
         <load_address>0x4a8c</load_address>
         <run_address>0x4a8c</run_address>
         <size>0x2e</size>
         <input_file_ref idref="fl-df"/>
      </object_component>
      <object_component id="oc-375">
         <name>.text:Graphics_drawPixelOnDisplay</name>
         <load_address>0x4aba</load_address>
         <run_address>0x4aba</run_address>
         <size>0x2c</size>
         <input_file_ref idref="fl-1b"/>
      </object_component>
      <object_component id="oc-1a3">
         <name>.text:GPIO_setOutputHighOnPin</name>
         <load_address>0x4ae8</load_address>
         <run_address>0x4ae8</run_address>
         <size>0x28</size>
         <input_file_ref idref="fl-10"/>
      </object_component>
      <object_component id="oc-19d">
         <name>.text:GPIO_setOutputLowOnPin</name>
         <load_address>0x4b10</load_address>
         <run_address>0x4b10</run_address>
         <size>0x28</size>
         <input_file_ref idref="fl-10"/>
      </object_component>
      <object_component id="oc-f3">
         <name>.text:WDT_A_holdTimer</name>
         <load_address>0x4b38</load_address>
         <run_address>0x4b38</run_address>
         <size>0x24</size>
         <input_file_ref idref="fl-18"/>
      </object_component>
      <object_component id="oc-1ea">
         <name>.text:I2C_setMode</name>
         <load_address>0x4b5c</load_address>
         <run_address>0x4b5c</run_address>
         <size>0x1c</size>
         <input_file_ref idref="fl-11"/>
      </object_component>
      <object_component id="oc-2dd">
         <name>.text:SPI_enableModule</name>
         <load_address>0x4b78</load_address>
         <run_address>0x4b78</run_address>
         <size>0x1c</size>
         <input_file_ref idref="fl-15"/>
      </object_component>
      <object_component id="oc-43">
         <name>.text:decompress:ZI:__TI_zero_init_nomemset:__TI_zero_init_nomemset</name>
         <load_address>0x4b94</load_address>
         <run_address>0x4b94</run_address>
         <size>0x1c</size>
         <input_file_ref idref="fl-e1"/>
      </object_component>
      <object_component id="oc-3a8">
         <name>.text:memccpy</name>
         <load_address>0x4bb0</load_address>
         <run_address>0x4bb0</run_address>
         <size>0x1c</size>
         <input_file_ref idref="fl-f4"/>
      </object_component>
      <object_component id="oc-1cb">
         <name>.text:Graphics_clearDisplayOnDisplay</name>
         <load_address>0x4bcc</load_address>
         <run_address>0x4bcc</run_address>
         <size>0x1a</size>
         <input_file_ref idref="fl-1b"/>
      </object_component>
      <object_component id="oc-d5">
         <name>.text:Graphics_setBackgroundColor</name>
         <load_address>0x4be6</load_address>
         <run_address>0x4be6</run_address>
         <size>0x1a</size>
         <input_file_ref idref="fl-1a"/>
      </object_component>
      <object_component id="oc-db">
         <name>.text:Graphics_setFont</name>
         <load_address>0x4c00</load_address>
         <run_address>0x4c00</run_address>
         <size>0x1a</size>
         <input_file_ref idref="fl-1a"/>
      </object_component>
      <object_component id="oc-20e">
         <name>.text:I2C_masterReceiveStart</name>
         <load_address>0x4c1a</load_address>
         <run_address>0x4c1a</run_address>
         <size>0x1a</size>
         <input_file_ref idref="fl-11"/>
      </object_component>
      <object_component id="oc-424">
         <name>.text:copysign</name>
         <load_address>0x4c34</load_address>
         <run_address>0x4c34</run_address>
         <size>0x1a</size>
         <input_file_ref idref="fl-e6"/>
      </object_component>
      <object_component id="oc-202">
         <name>.text:I2C_getInterruptStatus</name>
         <load_address>0x4c4e</load_address>
         <run_address>0x4c4e</run_address>
         <size>0x18</size>
         <input_file_ref idref="fl-11"/>
      </object_component>
      <object_component id="oc-1f6">
         <name>.text:I2C_isBusBusy</name>
         <load_address>0x4c68</load_address>
         <run_address>0x4c68</run_address>
         <size>0x18</size>
         <input_file_ref idref="fl-11"/>
      </object_component>
      <object_component id="oc-27a">
         <name>.text:_outs</name>
         <load_address>0x4c80</load_address>
         <run_address>0x4c80</run_address>
         <size>0x18</size>
         <input_file_ref idref="fl-d8"/>
      </object_component>
      <object_component id="oc-3f2">
         <name>.text:EUSCI_A_SPI_enable</name>
         <load_address>0x4c98</load_address>
         <run_address>0x4c98</run_address>
         <size>0x16</size>
         <input_file_ref idref="fl-15"/>
      </object_component>
      <object_component id="oc-3f8">
         <name>.text:EUSCI_B_SPI_enable</name>
         <load_address>0x4cae</load_address>
         <run_address>0x4cae</run_address>
         <size>0x16</size>
         <input_file_ref idref="fl-15"/>
      </object_component>
      <object_component id="oc-cf">
         <name>.text:Graphics_setForegroundColor</name>
         <load_address>0x4cc4</load_address>
         <run_address>0x4cc4</run_address>
         <size>0x16</size>
         <input_file_ref idref="fl-1a"/>
      </object_component>
      <object_component id="oc-1bd">
         <name>.text:Graphics_translateColorOnDisplay</name>
         <load_address>0x4cda</load_address>
         <run_address>0x4cda</run_address>
         <size>0x16</size>
         <input_file_ref idref="fl-1b"/>
      </object_component>
      <object_component id="oc-1f0">
         <name>.text:I2C_clearInterruptFlag</name>
         <load_address>0x4cf0</load_address>
         <run_address>0x4cf0</run_address>
         <size>0x16</size>
         <input_file_ref idref="fl-11"/>
      </object_component>
      <object_component id="oc-1de">
         <name>.text:I2C_disableModule</name>
         <load_address>0x4d06</load_address>
         <run_address>0x4d06</run_address>
         <size>0x16</size>
         <input_file_ref idref="fl-11"/>
      </object_component>
      <object_component id="oc-1e4">
         <name>.text:I2C_enableModule</name>
         <load_address>0x4d1c</load_address>
         <run_address>0x4d1c</run_address>
         <size>0x16</size>
         <input_file_ref idref="fl-11"/>
      </object_component>
      <object_component id="oc-485">
         <name>.text:strchr</name>
         <load_address>0x4d32</load_address>
         <run_address>0x4d32</run_address>
         <size>0x16</size>
         <input_file_ref idref="fl-f5"/>
      </object_component>
      <object_component id="oc-214">
         <name>.text:I2C_masterReceiveMultiByteNext</name>
         <load_address>0x4d48</load_address>
         <run_address>0x4d48</run_address>
         <size>0x14</size>
         <input_file_ref idref="fl-11"/>
      </object_component>
      <object_component id="oc-22c">
         <name>.text:I2C_setSlaveAddress</name>
         <load_address>0x4d5c</load_address>
         <run_address>0x4d5c</run_address>
         <size>0x14</size>
         <input_file_ref idref="fl-11"/>
      </object_component>
      <object_component id="oc-35b">
         <name>.text:PCM_getPowerState</name>
         <load_address>0x4d70</load_address>
         <run_address>0x4d70</run_address>
         <size>0x14</size>
         <input_file_ref idref="fl-13"/>
      </object_component>
      <object_component id="oc-37e">
         <name>.text:strlen</name>
         <load_address>0x4d84</load_address>
         <run_address>0x4d84</run_address>
         <size>0x14</size>
         <input_file_ref idref="fl-f6"/>
      </object_component>
      <object_component id="oc-e1">
         <name>.text:Graphics_clearDisplay</name>
         <load_address>0x4d98</load_address>
         <run_address>0x4d98</run_address>
         <size>0x12</size>
         <input_file_ref idref="fl-1a"/>
      </object_component>
      <object_component id="oc-3ae">
         <name>.text:wcslen</name>
         <load_address>0x4daa</load_address>
         <run_address>0x4daa</run_address>
         <size>0x12</size>
         <input_file_ref idref="fl-f7"/>
      </object_component>
      <object_component id="oc-f9">
         <name>.text:Interrupt_disableMaster</name>
         <load_address>0x4dbc</load_address>
         <run_address>0x4dbc</run_address>
         <size>0x10</size>
         <input_file_ref idref="fl-12"/>
      </object_component>
      <object_component id="oc-ff">
         <name>.text:PCM_setCoreVoltageLevel</name>
         <load_address>0x4dcc</load_address>
         <run_address>0x4dcc</run_address>
         <size>0x10</size>
         <input_file_ref idref="fl-13"/>
      </object_component>
      <object_component id="oc-361">
         <name>.text:PCM_setPowerMode</name>
         <load_address>0x4ddc</load_address>
         <run_address>0x4ddc</run_address>
         <size>0x10</size>
         <input_file_ref idref="fl-13"/>
      </object_component>
      <object_component id="oc-1d">
         <name>.text:decompress:none:__TI_decompress_none</name>
         <load_address>0x4dec</load_address>
         <run_address>0x4dec</run_address>
         <size>0xe</size>
         <input_file_ref idref="fl-e2"/>
      </object_component>
      <object_component id="oc-67">
         <name>.text</name>
         <load_address>0x4dfa</load_address>
         <run_address>0x4dfa</run_address>
         <size>0xe</size>
         <input_file_ref idref="fl-5"/>
      </object_component>
      <object_component id="oc-24c">
         <name>.text:CPU_cpsid</name>
         <load_address>0x4e08</load_address>
         <run_address>0x4e08</run_address>
         <size>0xc</size>
         <input_file_ref idref="fl-19"/>
      </object_component>
      <object_component id="oc-280">
         <name>.text:_outc</name>
         <load_address>0x4e14</load_address>
         <run_address>0x4e14</run_address>
         <size>0xa</size>
         <input_file_ref idref="fl-d8"/>
      </object_component>
      <object_component id="oc-328">
         <name>.text:__aeabi_errno_addr</name>
         <load_address>0x4e20</load_address>
         <run_address>0x4e20</run_address>
         <size>0x8</size>
         <input_file_ref idref="fl-e5"/>
      </object_component>
      <object_component id="oc-8d">
         <name>.text:_system_pre_init</name>
         <load_address>0x4e28</load_address>
         <run_address>0x4e28</run_address>
         <size>0x4</size>
         <input_file_ref idref="fl-ec"/>
      </object_component>
      <object_component id="oc-14a">
         <name>.text:abort:abort</name>
         <load_address>0x4e2c</load_address>
         <run_address>0x4e2c</run_address>
         <size>0x4</size>
         <input_file_ref idref="fl-ee"/>
      </object_component>
      <object_component id="oc-2a2">
         <name>.const:.string:g_pucFontFixed6x8Data</name>
         <load_address>0x4e30</load_address>
         <run_address>0x4e30</run_address>
         <size>0x2f8</size>
         <input_file_ref idref="fl-1c"/>
      </object_component>
      <object_component id="oc-44e">
         <name>.const:.string:_ctypes_</name>
         <load_address>0x5128</load_address>
         <run_address>0x5128</run_address>
         <size>0x101</size>
         <input_file_ref idref="fl-f3"/>
      </object_component>
      <object_component id="oc-140">
         <name>.const:g_sFontFixed6x8</name>
         <load_address>0x522c</load_address>
         <run_address>0x522c</run_address>
         <size>0xc8</size>
         <input_file_ref idref="fl-1c"/>
      </object_component>
      <object_component id="oc-32e">
         <name>.const:$O1$$</name>
         <load_address>0x52f8</load_address>
         <run_address>0x52f8</run_address>
         <size>0x30</size>
         <input_file_ref idref="fl-d5"/>
      </object_component>
      <object_component id="oc-2ec">
         <name>.const:GPIO_PORT_TO_BASE</name>
         <load_address>0x5328</load_address>
         <run_address>0x5328</run_address>
         <size>0x30</size>
         <input_file_ref idref="fl-10"/>
      </object_component>
      <object_component id="oc-13d">
         <name>.const:g_sCrystalfontz128x128_funcs</name>
         <load_address>0x5358</load_address>
         <run_address>0x5358</run_address>
         <size>0x20</size>
         <input_file_ref idref="fl-7"/>
      </object_component>
      <object_component id="oc-2e3">
         <name>.const:$P$T0$1</name>
         <load_address>0x5378</load_address>
         <run_address>0x5378</run_address>
         <size>0x1c</size>
         <input_file_ref idref="fl-8"/>
      </object_component>
      <object_component id="oc-232">
         <name>.const:i2cConfig</name>
         <load_address>0x5394</load_address>
         <run_address>0x5394</run_address>
         <size>0x14</size>
         <input_file_ref idref="fl-2"/>
      </object_component>
      <object_component id="oc-1b2">
         <name>.const:$P$T0$1</name>
         <load_address>0x53a8</load_address>
         <run_address>0x53a8</run_address>
         <size>0x8</size>
         <input_file_ref idref="fl-7"/>
      </object_component>
      <object_component id="oc-53c">
         <name>.cinit..data.load</name>
         <load_address>0x53b0</load_address>
         <run_address>0x53b0</run_address>
         <size>0x12</size>
      </object_component>
      <object_component id="oc-53a">
         <name>__TI_handler_table</name>
         <load_address>0x53c4</load_address>
         <run_address>0x53c4</run_address>
         <size>0xc</size>
      </object_component>
      <object_component id="oc-53d">
         <name>.cinit..bss.load</name>
         <load_address>0x53d0</load_address>
         <run_address>0x53d0</run_address>
         <size>0x8</size>
      </object_component>
      <object_component id="oc-53b">
         <name>__TI_cinit_table</name>
         <load_address>0x53d8</load_address>
         <run_address>0x53d8</run_address>
         <size>0x10</size>
      </object_component>
      <object_component id="oc-50e">
         <name>.binit</name>
         <load_address>0x0</load_address>
         <run_address>0x0</run_address>
         <size>0x0</size>
      </object_component>
      <object_component id="oc-246">
         <name>.data</name>
         <load_address>0x20000040</load_address>
         <run_address>0x20000040</run_address>
         <size>0x8</size>
         <input_file_ref idref="fl-3"/>
      </object_component>
      <object_component id="oc-188">
         <name>.data</name>
         <load_address>0x2000004c</load_address>
         <run_address>0x2000004c</run_address>
         <size>0x4</size>
         <input_file_ref idref="fl-6"/>
      </object_component>
      <object_component id="oc-13a">
         <name>.data:g_sCrystalfontz128x128</name>
         <load_address>0x20000030</load_address>
         <run_address>0x20000030</run_address>
         <size>0x10</size>
         <input_file_ref idref="fl-7"/>
      </object_component>
      <object_component id="oc-41b">
         <name>.data</name>
         <load_address>0x20000048</load_address>
         <run_address>0x20000048</run_address>
         <size>0x4</size>
         <input_file_ref idref="fl-e5"/>
      </object_component>
      <object_component id="oc-137">
         <name>.common:g_sContext</name>
         <uninitialized>true</uninitialized>
         <run_address>0x20000000</run_address>
         <size>0x1c</size>
      </object_component>
      <object_component id="oc-143">
         <name>.common:temp</name>
         <uninitialized>true</uninitialized>
         <run_address>0x2000001c</run_address>
         <size>0x4</size>
      </object_component>
      <object_component id="oc-1b1">
         <name>.common:Lcd_Orientation</name>
         <uninitialized>true</uninitialized>
         <run_address>0x20000028</run_address>
         <size>0x1</size>
      </object_component>
      <object_component id="oc-1a9">
         <name>.common:Lcd_ScreenWidth</name>
         <uninitialized>true</uninitialized>
         <run_address>0x20000022</run_address>
         <size>0x2</size>
      </object_component>
      <object_component id="oc-1ac">
         <name>.common:Lcd_ScreenHeigth</name>
         <uninitialized>true</uninitialized>
         <run_address>0x20000020</run_address>
         <size>0x2</size>
      </object_component>
      <object_component id="oc-1ad">
         <name>.common:Lcd_PenSolid</name>
         <uninitialized>true</uninitialized>
         <run_address>0x20000029</run_address>
         <size>0x1</size>
      </object_component>
      <object_component id="oc-1ae">
         <name>.common:Lcd_FontSolid</name>
         <uninitialized>true</uninitialized>
         <run_address>0x20000027</run_address>
         <size>0x1</size>
      </object_component>
      <object_component id="oc-1af">
         <name>.common:Lcd_FlagRead</name>
         <uninitialized>true</uninitialized>
         <run_address>0x20000026</run_address>
         <size>0x1</size>
      </object_component>
      <object_component id="oc-1b0">
         <name>.common:Lcd_TouchTrim</name>
         <uninitialized>true</uninitialized>
         <run_address>0x20000024</run_address>
         <size>0x2</size>
      </object_component>
      <object_component id="oc-29">
         <name>.stack</name>
         <uninitialized>true</uninitialized>
         <run_address>0x2000fe00</run_address>
         <size>0x4</size>
         <input_file_ref idref="fl-e4"/>
      </object_component>
      <object_component id="oc-53f">
         <name>.stack</name>
         <uninitialized>true</uninitialized>
         <run_address>0x2000fe00</run_address>
         <size>0x0</size>
      </object_component>
      <object_component id="oc-196">
         <name>.debug_info</name>
         <load_address>0x0</load_address>
         <run_address>0x0</run_address>
         <size>0x993</size>
         <input_file_ref idref="fl-2"/>
      </object_component>
      <object_component id="oc-233">
         <name>.debug_info</name>
         <load_address>0x993</load_address>
         <run_address>0x993</run_address>
         <size>0xcc</size>
         <input_file_ref idref="fl-2"/>
      </object_component>
      <object_component id="oc-e9">
         <name>.debug_info</name>
         <load_address>0xa5f</load_address>
         <run_address>0xa5f</run_address>
         <size>0x60f</size>
         <input_file_ref idref="fl-2"/>
      </object_component>
      <object_component id="oc-2cc">
         <name>.debug_info</name>
         <load_address>0x106e</load_address>
         <run_address>0x106e</run_address>
         <size>0x9a</size>
         <input_file_ref idref="fl-2"/>
      </object_component>
      <object_component id="oc-ae">
         <name>.debug_info</name>
         <load_address>0x1108</load_address>
         <run_address>0x1108</run_address>
         <size>0x26b</size>
         <input_file_ref idref="fl-2"/>
      </object_component>
      <object_component id="oc-294">
         <name>.debug_info</name>
         <load_address>0x1373</load_address>
         <run_address>0x1373</run_address>
         <size>0x1055</size>
         <input_file_ref idref="fl-2"/>
      </object_component>
      <object_component id="oc-28f">
         <name>.debug_info</name>
         <load_address>0x23c8</load_address>
         <run_address>0x23c8</run_address>
         <size>0x37e2</size>
         <input_file_ref idref="fl-2"/>
      </object_component>
      <object_component id="oc-145">
         <name>.debug_info</name>
         <load_address>0x5baa</load_address>
         <run_address>0x5baa</run_address>
         <size>0x8b</size>
         <input_file_ref idref="fl-2"/>
      </object_component>
      <object_component id="oc-191">
         <name>.debug_info</name>
         <load_address>0x5c35</load_address>
         <run_address>0x5c35</run_address>
         <size>0x2a4</size>
         <input_file_ref idref="fl-2"/>
      </object_component>
      <object_component id="oc-299">
         <name>.debug_info</name>
         <load_address>0x5ed9</load_address>
         <run_address>0x5ed9</run_address>
         <size>0xef</size>
         <input_file_ref idref="fl-2"/>
      </object_component>
      <object_component id="oc-18c">
         <name>.debug_info</name>
         <load_address>0x5fc8</load_address>
         <run_address>0x5fc8</run_address>
         <size>0xbb</size>
         <input_file_ref idref="fl-2"/>
      </object_component>
      <object_component id="oc-2e7">
         <name>.debug_info</name>
         <load_address>0x6083</load_address>
         <run_address>0x6083</run_address>
         <size>0x131</size>
         <input_file_ref idref="fl-2"/>
      </object_component>
      <object_component id="oc-24a">
         <name>.debug_info</name>
         <load_address>0x61b4</load_address>
         <run_address>0x61b4</run_address>
         <size>0x5dc</size>
         <input_file_ref idref="fl-3"/>
      </object_component>
      <object_component id="oc-247">
         <name>.debug_info</name>
         <load_address>0x6790</load_address>
         <run_address>0x6790</run_address>
         <size>0xc0</size>
         <input_file_ref idref="fl-3"/>
      </object_component>
      <object_component id="oc-ef">
         <name>.debug_info</name>
         <load_address>0x6850</load_address>
         <run_address>0x6850</run_address>
         <size>0x7a5</size>
         <input_file_ref idref="fl-3"/>
      </object_component>
      <object_component id="oc-32">
         <name>.debug_info</name>
         <load_address>0x6ff5</load_address>
         <run_address>0x6ff5</run_address>
         <size>0x84</size>
         <input_file_ref idref="fl-3"/>
      </object_component>
      <object_component id="oc-138">
         <name>.debug_info</name>
         <load_address>0x7079</load_address>
         <run_address>0x7079</run_address>
         <size>0xc11</size>
         <input_file_ref idref="fl-4"/>
      </object_component>
      <object_component id="oc-95">
         <name>.debug_info</name>
         <load_address>0x7c8a</load_address>
         <run_address>0x7c8a</run_address>
         <size>0x55a</size>
         <input_file_ref idref="fl-4"/>
      </object_component>
      <object_component id="oc-1b6">
         <name>.debug_info</name>
         <load_address>0x81e4</load_address>
         <run_address>0x81e4</run_address>
         <size>0x439</size>
         <input_file_ref idref="fl-4"/>
      </object_component>
      <object_component id="oc-288">
         <name>.debug_info</name>
         <load_address>0x861d</load_address>
         <run_address>0x861d</run_address>
         <size>0x2c</size>
         <input_file_ref idref="fl-4"/>
      </object_component>
      <object_component id="oc-6f">
         <name>.debug_info</name>
         <load_address>0x8649</load_address>
         <run_address>0x8649</run_address>
         <size>0x2be</size>
         <input_file_ref idref="fl-5"/>
      </object_component>
      <object_component id="oc-27">
         <name>.debug_info</name>
         <load_address>0x8907</load_address>
         <run_address>0x8907</run_address>
         <size>0xea</size>
         <input_file_ref idref="fl-5"/>
      </object_component>
      <object_component id="oc-6a">
         <name>.debug_info</name>
         <load_address>0x89f1</load_address>
         <run_address>0x89f1</run_address>
         <size>0x1b1</size>
         <input_file_ref idref="fl-5"/>
      </object_component>
      <object_component id="oc-189">
         <name>.debug_info</name>
         <load_address>0x8ba2</load_address>
         <run_address>0x8ba2</run_address>
         <size>0xe3</size>
         <input_file_ref idref="fl-6"/>
      </object_component>
      <object_component id="oc-a9">
         <name>.debug_info</name>
         <load_address>0x8c85</load_address>
         <run_address>0x8c85</run_address>
         <size>0x255</size>
         <input_file_ref idref="fl-6"/>
      </object_component>
      <object_component id="oc-1aa">
         <name>.debug_info</name>
         <load_address>0x8eda</load_address>
         <run_address>0x8eda</run_address>
         <size>0x920</size>
         <input_file_ref idref="fl-7"/>
      </object_component>
      <object_component id="oc-13b">
         <name>.debug_info</name>
         <load_address>0x97fa</load_address>
         <run_address>0x97fa</run_address>
         <size>0x104</size>
         <input_file_ref idref="fl-7"/>
      </object_component>
      <object_component id="oc-13e">
         <name>.debug_info</name>
         <load_address>0x98fe</load_address>
         <run_address>0x98fe</run_address>
         <size>0x110</size>
         <input_file_ref idref="fl-7"/>
      </object_component>
      <object_component id="oc-1b3">
         <name>.debug_info</name>
         <load_address>0x9a0e</load_address>
         <run_address>0x9a0e</run_address>
         <size>0xe5</size>
         <input_file_ref idref="fl-7"/>
      </object_component>
      <object_component id="oc-c4">
         <name>.debug_info</name>
         <load_address>0x9af3</load_address>
         <run_address>0x9af3</run_address>
         <size>0x1513</size>
         <input_file_ref idref="fl-7"/>
      </object_component>
      <object_component id="oc-2f3">
         <name>.debug_info</name>
         <load_address>0xb006</load_address>
         <run_address>0xb006</run_address>
         <size>0x37e2</size>
         <input_file_ref idref="fl-7"/>
      </object_component>
      <object_component id="oc-401">
         <name>.debug_info</name>
         <load_address>0xe7e8</load_address>
         <run_address>0xe7e8</run_address>
         <size>0x866</size>
         <input_file_ref idref="fl-8"/>
      </object_component>
      <object_component id="oc-2e4">
         <name>.debug_info</name>
         <load_address>0xf04e</load_address>
         <run_address>0xf04e</run_address>
         <size>0xf8</size>
         <input_file_ref idref="fl-8"/>
      </object_component>
      <object_component id="oc-198">
         <name>.debug_info</name>
         <load_address>0xf146</load_address>
         <run_address>0xf146</run_address>
         <size>0x592</size>
         <input_file_ref idref="fl-8"/>
      </object_component>
      <object_component id="oc-405">
         <name>.debug_info</name>
         <load_address>0xf6d8</load_address>
         <run_address>0xf6d8</run_address>
         <size>0x807</size>
         <input_file_ref idref="fl-e"/>
      </object_component>
      <object_component id="oc-114">
         <name>.debug_info</name>
         <load_address>0xfedf</load_address>
         <run_address>0xfedf</run_address>
         <size>0x29d</size>
         <input_file_ref idref="fl-e"/>
      </object_component>
      <object_component id="oc-10e">
         <name>.debug_info</name>
         <load_address>0x1017c</load_address>
         <run_address>0x1017c</run_address>
         <size>0x1e5</size>
         <input_file_ref idref="fl-e"/>
      </object_component>
      <object_component id="oc-40f">
         <name>.debug_info</name>
         <load_address>0x10361</load_address>
         <run_address>0x10361</run_address>
         <size>0x431a</size>
         <input_file_ref idref="fl-e"/>
      </object_component>
      <object_component id="oc-4c5">
         <name>.debug_info</name>
         <load_address>0x1467b</load_address>
         <run_address>0x1467b</run_address>
         <size>0x1b5</size>
         <input_file_ref idref="fl-e"/>
      </object_component>
      <object_component id="oc-301">
         <name>.debug_info</name>
         <load_address>0x14830</load_address>
         <run_address>0x14830</run_address>
         <size>0x26b</size>
         <input_file_ref idref="fl-e"/>
      </object_component>
      <object_component id="oc-414">
         <name>.debug_info</name>
         <load_address>0x14a9b</load_address>
         <run_address>0x14a9b</run_address>
         <size>0x1028</size>
         <input_file_ref idref="fl-e"/>
      </object_component>
      <object_component id="oc-308">
         <name>.debug_info</name>
         <load_address>0x15ac3</load_address>
         <run_address>0x15ac3</run_address>
         <size>0x297</size>
         <input_file_ref idref="fl-e"/>
      </object_component>
      <object_component id="oc-25a">
         <name>.debug_info</name>
         <load_address>0x15d5a</load_address>
         <run_address>0x15d5a</run_address>
         <size>0xef</size>
         <input_file_ref idref="fl-e"/>
      </object_component>
      <object_component id="oc-1c4">
         <name>.debug_info</name>
         <load_address>0x15e49</load_address>
         <run_address>0x15e49</run_address>
         <size>0xbb</size>
         <input_file_ref idref="fl-e"/>
      </object_component>
      <object_component id="oc-106">
         <name>.debug_info</name>
         <load_address>0x15f04</load_address>
         <run_address>0x15f04</run_address>
         <size>0x224</size>
         <input_file_ref idref="fl-f"/>
      </object_component>
      <object_component id="oc-404">
         <name>.debug_info</name>
         <load_address>0x16128</load_address>
         <run_address>0x16128</run_address>
         <size>0x701</size>
         <input_file_ref idref="fl-10"/>
      </object_component>
      <object_component id="oc-2ed">
         <name>.debug_info</name>
         <load_address>0x16829</load_address>
         <run_address>0x16829</run_address>
         <size>0x135</size>
         <input_file_ref idref="fl-10"/>
      </object_component>
      <object_component id="oc-2d4">
         <name>.debug_info</name>
         <load_address>0x1695e</load_address>
         <run_address>0x1695e</run_address>
         <size>0x252</size>
         <input_file_ref idref="fl-10"/>
      </object_component>
      <object_component id="oc-1d5">
         <name>.debug_info</name>
         <load_address>0x16bb0</load_address>
         <run_address>0x16bb0</run_address>
         <size>0x2a5</size>
         <input_file_ref idref="fl-10"/>
      </object_component>
      <object_component id="oc-1a6">
         <name>.debug_info</name>
         <load_address>0x16e55</load_address>
         <run_address>0x16e55</run_address>
         <size>0x25a</size>
         <input_file_ref idref="fl-10"/>
      </object_component>
      <object_component id="oc-1a0">
         <name>.debug_info</name>
         <load_address>0x170af</load_address>
         <run_address>0x170af</run_address>
         <size>0x258</size>
         <input_file_ref idref="fl-10"/>
      </object_component>
      <object_component id="oc-310">
         <name>.debug_info</name>
         <load_address>0x17307</load_address>
         <run_address>0x17307</run_address>
         <size>0x6f0</size>
         <input_file_ref idref="fl-11"/>
      </object_component>
      <object_component id="oc-1d9">
         <name>.debug_info</name>
         <load_address>0x179f7</load_address>
         <run_address>0x179f7</run_address>
         <size>0x23b</size>
         <input_file_ref idref="fl-11"/>
      </object_component>
      <object_component id="oc-1e5">
         <name>.debug_info</name>
         <load_address>0x17c32</load_address>
         <run_address>0x17c32</run_address>
         <size>0x1ee</size>
         <input_file_ref idref="fl-11"/>
      </object_component>
      <object_component id="oc-1df">
         <name>.debug_info</name>
         <load_address>0x17e20</load_address>
         <run_address>0x17e20</run_address>
         <size>0x1f0</size>
         <input_file_ref idref="fl-11"/>
      </object_component>
      <object_component id="oc-22d">
         <name>.debug_info</name>
         <load_address>0x18010</load_address>
         <run_address>0x18010</run_address>
         <size>0x237</size>
         <input_file_ref idref="fl-11"/>
      </object_component>
      <object_component id="oc-1eb">
         <name>.debug_info</name>
         <load_address>0x18247</load_address>
         <run_address>0x18247</run_address>
         <size>0x207</size>
         <input_file_ref idref="fl-11"/>
      </object_component>
      <object_component id="oc-1f7">
         <name>.debug_info</name>
         <load_address>0x1844e</load_address>
         <run_address>0x1844e</run_address>
         <size>0x1ec</size>
         <input_file_ref idref="fl-11"/>
      </object_component>
      <object_component id="oc-1fd">
         <name>.debug_info</name>
         <load_address>0x1863a</load_address>
         <run_address>0x1863a</run_address>
         <size>0x252</size>
         <input_file_ref idref="fl-11"/>
      </object_component>
      <object_component id="oc-221">
         <name>.debug_info</name>
         <load_address>0x1888c</load_address>
         <run_address>0x1888c</run_address>
         <size>0x232</size>
         <input_file_ref idref="fl-11"/>
      </object_component>
      <object_component id="oc-227">
         <name>.debug_info</name>
         <load_address>0x18abe</load_address>
         <run_address>0x18abe</run_address>
         <size>0x23a</size>
         <input_file_ref idref="fl-11"/>
      </object_component>
      <object_component id="oc-209">
         <name>.debug_info</name>
         <load_address>0x18cf8</load_address>
         <run_address>0x18cf8</run_address>
         <size>0x207</size>
         <input_file_ref idref="fl-11"/>
      </object_component>
      <object_component id="oc-20f">
         <name>.debug_info</name>
         <load_address>0x18eff</load_address>
         <run_address>0x18eff</run_address>
         <size>0x1fd</size>
         <input_file_ref idref="fl-11"/>
      </object_component>
      <object_component id="oc-215">
         <name>.debug_info</name>
         <load_address>0x190fc</load_address>
         <run_address>0x190fc</run_address>
         <size>0x211</size>
         <input_file_ref idref="fl-11"/>
      </object_component>
      <object_component id="oc-21b">
         <name>.debug_info</name>
         <load_address>0x1930d</load_address>
         <run_address>0x1930d</run_address>
         <size>0x215</size>
         <input_file_ref idref="fl-11"/>
      </object_component>
      <object_component id="oc-1f2">
         <name>.debug_info</name>
         <load_address>0x19522</load_address>
         <run_address>0x19522</run_address>
         <size>0x220</size>
         <input_file_ref idref="fl-11"/>
      </object_component>
      <object_component id="oc-204">
         <name>.debug_info</name>
         <load_address>0x19742</load_address>
         <run_address>0x19742</run_address>
         <size>0x224</size>
         <input_file_ref idref="fl-11"/>
      </object_component>
      <object_component id="oc-40a">
         <name>.debug_info</name>
         <load_address>0x19966</load_address>
         <run_address>0x19966</run_address>
         <size>0x9a</size>
         <input_file_ref idref="fl-11"/>
      </object_component>
      <object_component id="oc-fa">
         <name>.debug_info</name>
         <load_address>0x19a00</load_address>
         <run_address>0x19a00</run_address>
         <size>0x1d7</size>
         <input_file_ref idref="fl-12"/>
      </object_component>
      <object_component id="oc-257">
         <name>.debug_info</name>
         <load_address>0x19bd7</load_address>
         <run_address>0x19bd7</run_address>
         <size>0x3a5</size>
         <input_file_ref idref="fl-13"/>
      </object_component>
      <object_component id="oc-103">
         <name>.debug_info</name>
         <load_address>0x19f7c</load_address>
         <run_address>0x19f7c</run_address>
         <size>0x220</size>
         <input_file_ref idref="fl-13"/>
      </object_component>
      <object_component id="oc-353">
         <name>.debug_info</name>
         <load_address>0x1a19c</load_address>
         <run_address>0x1a19c</run_address>
         <size>0x1eb</size>
         <input_file_ref idref="fl-13"/>
      </object_component>
      <object_component id="oc-359">
         <name>.debug_info</name>
         <load_address>0x1a387</load_address>
         <run_address>0x1a387</run_address>
         <size>0x1f9</size>
         <input_file_ref idref="fl-13"/>
      </object_component>
      <object_component id="oc-43f">
         <name>.debug_info</name>
         <load_address>0x1a580</load_address>
         <run_address>0x1a580</run_address>
         <size>0x346</size>
         <input_file_ref idref="fl-13"/>
      </object_component>
      <object_component id="oc-365">
         <name>.debug_info</name>
         <load_address>0x1a8c6</load_address>
         <run_address>0x1a8c6</run_address>
         <size>0x202</size>
         <input_file_ref idref="fl-13"/>
      </object_component>
      <object_component id="oc-35e">
         <name>.debug_info</name>
         <load_address>0x1aac8</load_address>
         <run_address>0x1aac8</run_address>
         <size>0x1ac</size>
         <input_file_ref idref="fl-13"/>
      </object_component>
      <object_component id="oc-3f1">
         <name>.debug_info</name>
         <load_address>0x1ac74</load_address>
         <run_address>0x1ac74</run_address>
         <size>0x6f5</size>
         <input_file_ref idref="fl-15"/>
      </object_component>
      <object_component id="oc-3eb">
         <name>.debug_info</name>
         <load_address>0x1b369</load_address>
         <run_address>0x1b369</run_address>
         <size>0x1c7</size>
         <input_file_ref idref="fl-15"/>
      </object_component>
      <object_component id="oc-2d8">
         <name>.debug_info</name>
         <load_address>0x1b530</load_address>
         <run_address>0x1b530</run_address>
         <size>0x22b</size>
         <input_file_ref idref="fl-15"/>
      </object_component>
      <object_component id="oc-2de">
         <name>.debug_info</name>
         <load_address>0x1b75b</load_address>
         <run_address>0x1b75b</run_address>
         <size>0x235</size>
         <input_file_ref idref="fl-15"/>
      </object_component>
      <object_component id="oc-3f9">
         <name>.debug_info</name>
         <load_address>0x1b990</load_address>
         <run_address>0x1b990</run_address>
         <size>0x1e9</size>
         <input_file_ref idref="fl-15"/>
      </object_component>
      <object_component id="oc-3f3">
         <name>.debug_info</name>
         <load_address>0x1bb79</load_address>
         <run_address>0x1bb79</run_address>
         <size>0x1e9</size>
         <input_file_ref idref="fl-15"/>
      </object_component>
      <object_component id="oc-4b8">
         <name>.debug_info</name>
         <load_address>0x1bd62</load_address>
         <run_address>0x1bd62</run_address>
         <size>0x131</size>
         <input_file_ref idref="fl-15"/>
      </object_component>
      <object_component id="oc-f4">
         <name>.debug_info</name>
         <load_address>0x1be93</load_address>
         <run_address>0x1be93</run_address>
         <size>0x1c9</size>
         <input_file_ref idref="fl-18"/>
      </object_component>
      <object_component id="oc-24d">
         <name>.debug_info</name>
         <load_address>0x1c05c</load_address>
         <run_address>0x1c05c</run_address>
         <size>0x199</size>
         <input_file_ref idref="fl-19"/>
      </object_component>
      <object_component id="oc-1bc">
         <name>.debug_info</name>
         <load_address>0x1c1f5</load_address>
         <run_address>0x1c1f5</run_address>
         <size>0x432</size>
         <input_file_ref idref="fl-1a"/>
      </object_component>
      <object_component id="oc-cc">
         <name>.debug_info</name>
         <load_address>0x1c627</load_address>
         <run_address>0x1c627</run_address>
         <size>0x1ee</size>
         <input_file_ref idref="fl-1a"/>
      </object_component>
      <object_component id="oc-d9">
         <name>.debug_info</name>
         <load_address>0x1c815</load_address>
         <run_address>0x1c815</run_address>
         <size>0x202</size>
         <input_file_ref idref="fl-1a"/>
      </object_component>
      <object_component id="oc-df">
         <name>.debug_info</name>
         <load_address>0x1ca17</load_address>
         <run_address>0x1ca17</run_address>
         <size>0x1cf</size>
         <input_file_ref idref="fl-1a"/>
      </object_component>
      <object_component id="oc-d3">
         <name>.debug_info</name>
         <load_address>0x1cbe6</load_address>
         <run_address>0x1cbe6</run_address>
         <size>0x1f5</size>
         <input_file_ref idref="fl-1a"/>
      </object_component>
      <object_component id="oc-e5">
         <name>.debug_info</name>
         <load_address>0x1cddb</load_address>
         <run_address>0x1cddb</run_address>
         <size>0x1c2</size>
         <input_file_ref idref="fl-1a"/>
      </object_component>
      <object_component id="oc-2fc">
         <name>.debug_info</name>
         <load_address>0x1cf9d</load_address>
         <run_address>0x1cf9d</run_address>
         <size>0x439</size>
         <input_file_ref idref="fl-1a"/>
      </object_component>
      <object_component id="oc-307">
         <name>.debug_info</name>
         <load_address>0x1d3d6</load_address>
         <run_address>0x1d3d6</run_address>
         <size>0x2cc</size>
         <input_file_ref idref="fl-1b"/>
      </object_component>
      <object_component id="oc-376">
         <name>.debug_info</name>
         <load_address>0x1d6a2</load_address>
         <run_address>0x1d6a2</run_address>
         <size>0x202</size>
         <input_file_ref idref="fl-1b"/>
      </object_component>
      <object_component id="oc-444">
         <name>.debug_info</name>
         <load_address>0x1d8a4</load_address>
         <run_address>0x1d8a4</run_address>
         <size>0x220</size>
         <input_file_ref idref="fl-1b"/>
      </object_component>
      <object_component id="oc-1be">
         <name>.debug_info</name>
         <load_address>0x1dac4</load_address>
         <run_address>0x1dac4</run_address>
         <size>0x1e2</size>
         <input_file_ref idref="fl-1b"/>
      </object_component>
      <object_component id="oc-1cc">
         <name>.debug_info</name>
         <load_address>0x1dca6</load_address>
         <run_address>0x1dca6</run_address>
         <size>0x1da</size>
         <input_file_ref idref="fl-1b"/>
      </object_component>
      <object_component id="oc-2a7">
         <name>.debug_info</name>
         <load_address>0x1de80</load_address>
         <run_address>0x1de80</run_address>
         <size>0x27b</size>
         <input_file_ref idref="fl-1c"/>
      </object_component>
      <object_component id="oc-2a3">
         <name>.debug_info</name>
         <load_address>0x1e0fb</load_address>
         <run_address>0x1e0fb</run_address>
         <size>0x139</size>
         <input_file_ref idref="fl-1c"/>
      </object_component>
      <object_component id="oc-141">
         <name>.debug_info</name>
         <load_address>0x1e234</load_address>
         <run_address>0x1e234</run_address>
         <size>0x12e</size>
         <input_file_ref idref="fl-1c"/>
      </object_component>
      <object_component id="oc-26f">
         <name>.debug_info</name>
         <load_address>0x1e362</load_address>
         <run_address>0x1e362</run_address>
         <size>0x38b</size>
         <input_file_ref idref="fl-1d"/>
      </object_component>
      <object_component id="oc-36a">
         <name>.debug_info</name>
         <load_address>0x1e6ed</load_address>
         <run_address>0x1e6ed</run_address>
         <size>0x1c4</size>
         <input_file_ref idref="fl-1d"/>
      </object_component>
      <object_component id="oc-264">
         <name>.debug_info</name>
         <load_address>0x1e8b1</load_address>
         <run_address>0x1e8b1</run_address>
         <size>0x28d</size>
         <input_file_ref idref="fl-1d"/>
      </object_component>
      <object_component id="oc-269">
         <name>.debug_info</name>
         <load_address>0x1eb3e</load_address>
         <run_address>0x1eb3e</run_address>
         <size>0x429</size>
         <input_file_ref idref="fl-1d"/>
      </object_component>
      <object_component id="oc-118">
         <name>.debug_info</name>
         <load_address>0x1ef67</load_address>
         <run_address>0x1ef67</run_address>
         <size>0x26d</size>
         <input_file_ref idref="fl-1d"/>
      </object_component>
      <object_component id="oc-44a">
         <name>.debug_info</name>
         <load_address>0x1f1d4</load_address>
         <run_address>0x1f1d4</run_address>
         <size>0x40c</size>
         <input_file_ref idref="fl-1e"/>
      </object_component>
      <object_component id="oc-370">
         <name>.debug_info</name>
         <load_address>0x1f5e0</load_address>
         <run_address>0x1f5e0</run_address>
         <size>0x215</size>
         <input_file_ref idref="fl-1e"/>
      </object_component>
      <object_component id="oc-347">
         <name>.debug_info</name>
         <load_address>0x1f7f5</load_address>
         <run_address>0x1f7f5</run_address>
         <size>0x35e</size>
         <input_file_ref idref="fl-d5"/>
      </object_component>
      <object_component id="oc-32f">
         <name>.debug_info</name>
         <load_address>0x1fb53</load_address>
         <run_address>0x1fb53</run_address>
         <size>0x128</size>
         <input_file_ref idref="fl-d5"/>
      </object_component>
      <object_component id="oc-23c">
         <name>.debug_info</name>
         <load_address>0x1fc7b</load_address>
         <run_address>0x1fc7b</run_address>
         <size>0xbf2</size>
         <input_file_ref idref="fl-d5"/>
      </object_component>
      <object_component id="oc-431">
         <name>.debug_info</name>
         <load_address>0x2086d</load_address>
         <run_address>0x2086d</run_address>
         <size>0x46</size>
         <input_file_ref idref="fl-d5"/>
      </object_component>
      <object_component id="oc-342">
         <name>.debug_info</name>
         <load_address>0x208b3</load_address>
         <run_address>0x208b3</run_address>
         <size>0x39</size>
         <input_file_ref idref="fl-d5"/>
      </object_component>
      <object_component id="oc-41a">
         <name>.debug_info</name>
         <load_address>0x208ec</load_address>
         <run_address>0x208ec</run_address>
         <size>0x2c5</size>
         <input_file_ref idref="fl-d6"/>
      </object_component>
      <object_component id="oc-323">
         <name>.debug_info</name>
         <load_address>0x20bb1</load_address>
         <run_address>0x20bb1</run_address>
         <size>0x24e</size>
         <input_file_ref idref="fl-d6"/>
      </object_component>
      <object_component id="oc-42b">
         <name>.debug_info</name>
         <load_address>0x20dff</load_address>
         <run_address>0x20dff</run_address>
         <size>0x2f8</size>
         <input_file_ref idref="fl-d7"/>
      </object_component>
[...]
         <value>0x4c1b</value>
         <object_component_ref idref="oc-20e"/>
      </symbol>
      <symbol id="sm-333">
         <name>I2C_clearInterruptFlag</name>
         <value>0x4cf1</value>
         <object_component_ref idref="oc-1f0"/>
      </symbol>
      <symbol id="sm-334">
         <name>I2C_setSlaveAddress</name>
         <value>0x4d5d</value>
         <object_component_ref idref="oc-22c"/>
      </symbol>
      <symbol id="sm-335">
         <name>I2C_initMaster</name>
         <value>0x43f9</value>
         <object_component_ref idref="oc-1d8"/>
      </symbol>
      <symbol id="sm-336">
         <name>I2C_disableModule</name>
         <value>0x4d07</value>
         <object_component_ref idref="oc-1de"/>
      </symbol>
      <symbol id="sm-341">
         <name>Interrupt_disableMaster</name>
         <value>0x4dbd</value>
         <object_component_ref idref="oc-f9"/>
      </symbol>
      <symbol id="sm-3bf">
         <name>PCM_setCoreVoltageLevel</name>
         <value>0x4dcd</value>
         <object_component_ref idref="oc-ff"/>
      </symbol>
      <symbol id="sm-3c0">
         <name>PCM_getCoreVoltageLevel</name>
         <value>0x445b</value>
         <object_component_ref idref="oc-355"/>
      </symbol>
      <symbol id="sm-3c1">
         <name>PCM_getPowerMode</name>
         <value>0x44b9</value>
         <object_component_ref idref="oc-34f"/>
      </symbol>
      <symbol id="sm-3c2">
         <name>PCM_getPowerState</name>
         <value>0x4d71</value>
         <object_component_ref idref="oc-35b"/>
      </symbol>
      <symbol id="sm-3c3">
         <name>PCM_setPowerMode</name>
         <value>0x4ddd</value>
         <object_component_ref idref="oc-361"/>
      </symbol>
      <symbol id="sm-403">
         <name>EUSCI_B_SPI_enable</name>
         <value>0x4caf</value>
         <object_component_ref idref="oc-3f8"/>
      </symbol>
      <symbol id="sm-404">
         <name>SPI_enableModule</name>
         <value>0x4b79</value>
         <object_component_ref idref="oc-2dd"/>
      </symbol>
      <symbol id="sm-405">
         <name>EUSCI_A_SPI_enable</name>
         <value>0x4c99</value>
         <object_component_ref idref="oc-3f2"/>
      </symbol>
      <symbol id="sm-406">
         <name>SPI_initMaster</name>
         <value>0x3cef</value>
         <object_component_ref idref="oc-2d7"/>
      </symbol>
      <symbol id="sm-414">
         <name>WDT_A_holdTimer</name>
         <value>0x4b39</value>
         <object_component_ref idref="oc-f3"/>
      </symbol>
      <symbol id="sm-41e">
         <name>CPU_cpsid</name>
         <value>0x4e09</value>
         <object_component_ref idref="oc-24c"/>
      </symbol>
      <symbol id="sm-450">
         <name>Graphics_setBackgroundColor</name>
         <value>0x4be7</value>
         <object_component_ref idref="oc-d5"/>
      </symbol>
      <symbol id="sm-451">
         <name>Graphics_setFont</name>
         <value>0x4c01</value>
         <object_component_ref idref="oc-db"/>
      </symbol>
      <symbol id="sm-452">
         <name>Graphics_initContext</name>
         <value>0x45bd</value>
         <object_component_ref idref="oc-c9"/>
      </symbol>
      <symbol id="sm-453">
         <name>Graphics_setForegroundColor</name>
         <value>0x4cc5</value>
         <object_component_ref idref="oc-cf"/>
      </symbol>
      <symbol id="sm-454">
         <name>Graphics_clearDisplay</name>
         <value>0x4d99</value>
         <object_component_ref idref="oc-e1"/>
      </symbol>
      <symbol id="sm-479">
         <name>Graphics_clearDisplayOnDisplay</name>
         <value>0x4bcd</value>
         <object_component_ref idref="oc-1cb"/>
      </symbol>
      <symbol id="sm-47a">
         <name>Graphics_drawPixelOnDisplay</name>
         <value>0x4abb</value>
         <object_component_ref idref="oc-375"/>
      </symbol>
      <symbol id="sm-47b">
         <name>Graphics_translateColorOnDisplay</name>
         <value>0x4cdb</value>
         <object_component_ref idref="oc-1bd"/>
      </symbol>
      <symbol id="sm-47c">
         <name>Graphics_drawHorizontalLineOnDisplay</name>
         <value>0x49b9</value>
         <object_component_ref idref="oc-443"/>
      </symbol>
      <symbol id="sm-48e">
         <name>g_sFontFixed6x8</name>
         <value>0x522c</value>
         <object_component_ref idref="oc-140"/>
      </symbol>
      <symbol id="sm-4e6">
         <name>Graphics_drawStringCentered</name>
         <value>0x46f5</value>
         <object_component_ref idref="oc-117"/>
      </symbol>
      <symbol id="sm-4e7">
         <name>Graphics_drawString</name>
         <value>0x1b85</value>
         <object_component_ref idref="oc-268"/>
      </symbol>
      <symbol id="sm-4e8">
         <name>Graphics_getStringWidth</name>
         <value>0x3a75</value>
         <object_component_ref idref="oc-262"/>
      </symbol>
      <symbol id="sm-4fb">
         <name>Graphics_drawLineH</name>
         <value>0x3d9f</value>
         <object_component_ref idref="oc-36f"/>
      </symbol>
      <symbol id="sm-591">
         <name>pow</name>
         <value>0xb35</value>
         <object_component_ref idref="oc-23b"/>
      </symbol>
      <symbol id="sm-592">
         <name>powl</name>
         <value>0xb35</value>
         <object_component_ref idref="oc-23b"/>
      </symbol>
      <symbol id="sm-5b4">
         <name>sqrtl</name>
         <value>0x3029</value>
         <object_component_ref idref="oc-322"/>
      </symbol>
      <symbol id="sm-5b5">
         <name>sqrt</name>
         <value>0x3029</value>
         <object_component_ref idref="oc-322"/>
      </symbol>
      <symbol id="sm-5dc">
         <name>scalbn</name>
         <value>0x3761</value>
         <object_component_ref idref="oc-33b"/>
      </symbol>
      <symbol id="sm-5dd">
         <name>scalbnl</name>
         <value>0x3761</value>
         <object_component_ref idref="oc-33b"/>
      </symbol>
      <symbol id="sm-5de">
         <name>ldexpl</name>
         <value>0x3761</value>
         <object_component_ref idref="oc-33b"/>
      </symbol>
      <symbol id="sm-5df">
         <name>ldexp</name>
         <value>0x3761</value>
         <object_component_ref idref="oc-33b"/>
      </symbol>
      <symbol id="sm-606">
         <name>sprintf</name>
         <value>0x48c9</value>
         <object_component_ref idref="oc-131"/>
      </symbol>
      <symbol id="sm-61d">
         <name>__aeabi_dsub</name>
         <value>0x2b81</value>
         <object_component_ref idref="oc-127"/>
      </symbol>
      <symbol id="sm-61e">
         <name>__aeabi_dadd</name>
         <value>0x2b8b</value>
         <object_component_ref idref="oc-127"/>
      </symbol>
      <symbol id="sm-640">
         <name>__aeabi_cdcmpeq</name>
         <value>0x3ff5</value>
         <object_component_ref idref="oc-331"/>
      </symbol>
      <symbol id="sm-641">
         <name>__aeabi_cdcmple</name>
         <value>0x3ff5</value>
         <object_component_ref idref="oc-331"/>
      </symbol>
      <symbol id="sm-642">
         <name>__aeabi_cdrcmple</name>
         <value>0x407b</value>
         <object_component_ref idref="oc-336"/>
      </symbol>
      <symbol id="sm-656">
         <name>__aeabi_ddiv</name>
         <value>0x32bd</value>
         <object_component_ref idref="oc-241"/>
      </symbol>
      <symbol id="sm-661">
         <name>__aeabi_dmul</name>
         <value>0x3979</value>
         <object_component_ref idref="oc-12c"/>
      </symbol>
      <symbol id="sm-66d">
         <name>__aeabi_d2f</name>
         <value>0x41e9</value>
         <object_component_ref idref="oc-11d"/>
      </symbol>
      <symbol id="sm-678">
         <name>__aeabi_f2d</name>
         <value>0x4981</value>
         <object_component_ref idref="oc-122"/>
      </symbol>
      <symbol id="sm-682">
         <name>__aeabi_i2d</name>
         <value>0x4a8d</value>
         <object_component_ref idref="oc-236"/>
      </symbol>
      <symbol id="sm-69d">
         <name>memcpy</name>
         <value>0x3e3b</value>
         <object_component_ref idref="oc-37"/>
      </symbol>
      <symbol id="sm-69e">
         <name>__aeabi_memcpy</name>
         <value>0x3e3b</value>
         <object_component_ref idref="oc-37"/>
      </symbol>
      <symbol id="sm-69f">
         <name>__aeabi_memcpy8</name>
         <value>0x3e3b</value>
         <object_component_ref idref="oc-37"/>
      </symbol>
      <symbol id="sm-6a0">
         <name>__aeabi_memcpy4</name>
         <value>0x3e3b</value>
         <object_component_ref idref="oc-37"/>
      </symbol>
      <symbol id="sm-6b9">
         <name>__TI_zero_init_nomemset</name>
         <value>0x4b95</value>
         <object_component_ref idref="oc-43"/>
      </symbol>
      <symbol id="sm-6d0">
         <name>__TI_decompress_none</name>
         <value>0x4ded</value>
         <object_component_ref idref="oc-1d"/>
      </symbol>
      <symbol id="sm-6f3">
         <name>__TI_decompress_lzss</name>
         <value>0x432d</value>
         <object_component_ref idref="oc-17"/>
      </symbol>
      <symbol id="sm-706">
         <name>__stack</name>
         <value>0x2000fe00</value>
         <object_component_ref idref="oc-29"/>
      </symbol>
      <symbol id="sm-707">
         <name>_c_int00_noargs</name>
         <value>0x4a59</value>
         <object_component_ref idref="oc-55"/>
      </symbol>
      <symbol id="sm-71d">
         <name>__aeabi_errno_addr</name>
         <value>0x4e21</value>
         <object_component_ref idref="oc-328"/>
      </symbol>
      <symbol id="sm-71e">
         <name>errno</name>
         <value>0x20000048</value>
         <object_component_ref idref="oc-41b"/>
      </symbol>
      <symbol id="sm-728">
         <name>copysign</name>
         <value>0x4c35</value>
         <object_component_ref idref="oc-424"/>
      </symbol>
      <symbol id="sm-729">
         <name>copysignl</name>
         <value>0x4c35</value>
         <object_component_ref idref="oc-424"/>
      </symbol>
      <symbol id="sm-88e">
         <name>__TI_printfi</name>
         <value>0xe5</value>
         <object_component_ref idref="oc-274"/>
      </symbol>
      <symbol id="sm-898">
         <name>__aeabi_d2iz</name>
         <value>0x473d</value>
         <object_component_ref idref="oc-459"/>
      </symbol>
      <symbol id="sm-8a7">
         <name>__aeabi_memset</name>
         <value>0x4103</value>
         <object_component_ref idref="oc-87"/>
      </symbol>
      <symbol id="sm-8a8">
         <name>memset</name>
         <value>0x4109</value>
         <object_component_ref idref="oc-87"/>
      </symbol>
      <symbol id="sm-8a9">
         <name>__aeabi_memset8</name>
         <value>0x4103</value>
         <object_component_ref idref="oc-87"/>
      </symbol>
      <symbol id="sm-8aa">
         <name>__aeabi_memset4</name>
         <value>0x4103</value>
         <object_component_ref idref="oc-87"/>
      </symbol>
      <symbol id="sm-8ab">
         <name>__aeabi_memclr8</name>
         <value>0x4101</value>
         <object_component_ref idref="oc-87"/>
      </symbol>
      <symbol id="sm-8ac">
         <name>__aeabi_memclr4</name>
         <value>0x4101</value>
         <object_component_ref idref="oc-87"/>
      </symbol>
      <symbol id="sm-8ad">
         <name>__aeabi_memclr</name>
         <value>0x4101</value>
         <object_component_ref idref="oc-87"/>
      </symbol>
      <symbol id="sm-8ba">
         <name>__aeabi_uldivmod</name>
         <value>0x3ed7</value>
         <object_component_ref idref="oc-453"/>
      </symbol>
      <symbol id="sm-8e2">
         <name>__TI_auto_init_nobinit_nopinit</name>
         <value>0x4785</value>
         <object_component_ref idref="oc-156"/>
      </symbol>
      <symbol id="sm-8ec">
         <name>_system_pre_init</name>
         <value>0x4e29</value>
         <object_component_ref idref="oc-8d"/>
      </symbol>
      <symbol id="sm-8f8">
         <name>C$$EXIT</name>
         <value>0x4e2d</value>
         <object_component_ref idref="oc-14a"/>
      </symbol>
      <symbol id="sm-8f9">
         <name>abort</name>
         <value>0x4e2d</value>
         <object_component_ref idref="oc-14a"/>
      </symbol>
      <symbol id="sm-909">
         <name>__TI_ltoa</name>
         <value>0x4569</value>
         <object_component_ref idref="oc-45e"/>
      </symbol>
      <symbol id="sm-920">
         <name>atoi</name>
         <value>0x4661</value>
         <object_component_ref idref="oc-384"/>
      </symbol>
      <symbol id="sm-92b">
         <name>_ctypes_</name>
         <value>0x5128</value>
         <object_component_ref idref="oc-44e"/>
      </symbol>
      <symbol id="sm-93b">
         <name>memccpy</name>
         <value>0x4bb1</value>
         <object_component_ref idref="oc-3a8"/>
      </symbol>
      <symbol id="sm-94b">
         <name>strchr</name>
         <value>0x4d33</value>
         <object_component_ref idref="oc-485"/>
      </symbol>
      <symbol id="sm-959">
         <name>strlen</name>
         <value>0x4d85</value>
         <object_component_ref idref="oc-37e"/>
      </symbol>
      <symbol id="sm-972">
         <name>wcslen</name>
         <value>0x4dab</value>
         <object_component_ref idref="oc-3ae"/>
      </symbol>
      <symbol id="sm-988">
         <name>frexpl</name>
         <value>0x4395</value>
         <object_component_ref idref="oc-47f"/>
      </symbol>
      <symbol id="sm-989">
         <name>frexp</name>
         <value>0x4395</value>
         <object_component_ref idref="oc-47f"/>
      </symbol>
      <symbol id="sm-993">
         <name>__aeabi_idiv0</name>
         <value>0xb33</value>
         <object_component_ref idref="oc-4e3"/>
      </symbol>
      <symbol id="sm-994">
         <name>__aeabi_ldiv0</name>
         <value>0xb33</value>
         <object_component_ref idref="oc-4e3"/>
      </symbol>
      <symbol id="sm-995">
         <name>__TI_static_base__</name>
         <value>0x0</value>
      </symbol>
      <symbol id="sm-998">
         <name>__mpu_init</name>
         <value>0x0</value>
      </symbol>
      <symbol id="sm-999">
         <name>_system_post_cinit</name>
         <value>0x0</value>
      </symbol>
      <symbol id="sm-99a">
         <name>NMI_Handler</name>
         <value>0x4e07</value>
      </symbol>
      <symbol id="sm-99b">
         <name>HardFault_Handler</name>
         <value>0x4e07</value>
      </symbol>
      <symbol id="sm-99c">
         <name>MemManage_Handler</name>
         <value>0x4e07</value>
      </symbol>
      <symbol id="sm-99d">
         <name>BusFault_Handler</name>
         <value>0x4e07</value>
      </symbol>
      <symbol id="sm-99e">
         <name>UsageFault_Handler</name>
         <value>0x4e07</value>
      </symbol>
      <symbol id="sm-99f">
         <name>SVC_Handler</name>
         <value>0x4e07</value>
      </symbol>
      <symbol id="sm-9a0">
         <name>DebugMon_Handler</name>
         <value>0x4e07</value>
      </symbol>
      <symbol id="sm-9a1">
         <name>PendSV_Handler</name>
         <value>0x4e07</value>
      </symbol>
      <symbol id="sm-9a2">
         <name>SysTick_Handler</name>
         <value>0x4e07</value>
      </symbol>
      <symbol id="sm-9a3">
         <name>PSS_IRQHandler</name>
         <value>0x4e07</value>
      </symbol>
      <symbol id="sm-9a4">
         <name>CS_IRQHandler</name>
         <value>0x4e07</value>
      </symbol>
      <symbol id="sm-9a5">
         <name>PCM_IRQHandler</name>
         <value>0x4e07</value>
      </symbol>
      <symbol id="sm-9a6">
         <name>WDT_A_IRQHandler</name>
         <value>0x4e07</value>
      </symbol>
      <symbol id="sm-9a7">
         <name>FPU_IRQHandler</name>
         <value>0x4e07</value>
      </symbol>
      <symbol id="sm-9a8">
         <name>FLCTL_IRQHandler</name>
         <value>0x4e07</value>
      </symbol>
      <symbol id="sm-9a9">
         <name>COMP_E0_IRQHandler</name>
         <value>0x4e07</value>
      </symbol>
      <symbol id="sm-9aa">
         <name>COMP_E1_IRQHandler</name>
         <value>0x4e07</value>
      </symbol>
      <symbol id="sm-9ab">
         <name>TA0_0_IRQHandler</name>
         <value>0x4e07</value>
      </symbol>
      <symbol id="sm-9ac">
         <name>TA0_N_IRQHandler</name>
         <value>0x4e07</value>
      </symbol>
      <symbol id="sm-9ad">
         <name>TA1_0_IRQHandler</name>
         <value>0x4e07</value>
      </symbol>
      <symbol id="sm-9ae">
         <name>TA1_N_IRQHandler</name>
         <value>0x4e07</value>
      </symbol>
      <symbol id="sm-9af">
         <name>TA2_0_IRQHandler</name>
         <value>0x4e07</value>
      </symbol>
      <symbol id="sm-9b0">
         <name>TA2_N_IRQHandler</name>
         <value>0x4e07</value>
      </symbol>
      <symbol id="sm-9b1">
         <name>TA3_0_IRQHandler</name>
         <value>0x4e07</value>
      </symbol>
      <symbol id="sm-9b2">
         <name>TA3_N_IRQHandler</name>
         <value>0x4e07</value>
      </symbol>
      <symbol id="sm-9b3">
         <name>EUSCIA0_IRQHandler</name>
         <value>0x4e07</value>
      </symbol>
      <symbol id="sm-9b4">
         <name>EUSCIA1_IRQHandler</name>
         <value>0x4e07</value>
      </symbol>
      <symbol id="sm-9b5">
         <name>EUSCIA2_IRQHandler</name>
         <value>0x4e07</value>
      </symbol>
      <symbol id="sm-9b6">
         <name>EUSCIA3_IRQHandler</name>
         <value>0x4e07</value>
      </symbol>
      <symbol id="sm-9b7">
         <name>EUSCIB0_IRQHandler</name>
         <value>0x4e07</value>
      </symbol>
      <symbol id="sm-9b8">
         <name>EUSCIB1_IRQHandler</name>
         <value>0x4e07</value>
      </symbol>
      <symbol id="sm-9b9">
         <name>EUSCIB2_IRQHandler</name>
         <value>0x4e07</value>
      </symbol>
      <symbol id="sm-9ba">
         <name>EUSCIB3_IRQHandler</name>
         <value>0x4e07</value>
      </symbol>
      <symbol id="sm-9bb">
         <name>ADC14_IRQHandler</name>
         <value>0x4e07</value>
      </symbol>
      <symbol id="sm-9bc">
         <name>T32_INT1_IRQHandler</name>
         <value>0x4e07</value>
      </symbol>
      <symbol id="sm-9bd">
         <name>T32_INT2_IRQHandler</name>
         <value>0x4e07</value>
      </symbol>
      <symbol id="sm-9be">
         <name>T32_INTC_IRQHandler</name>
         <value>0x4e07</value>
      </symbol>
      <symbol id="sm-9bf">
         <name>AES256_IRQHandler</name>
         <value>0x4e07</value>
      </symbol>
      <symbol id="sm-9c0">
         <name>RTC_C_IRQHandler</name>
         <value>0x4e07</value>
      </symbol>
      <symbol id="sm-9c1">
         <name>DMA_ERR_IRQHandler</name>
         <value>0x4e07</value>
      </symbol>
      <symbol id="sm-9c2">
         <name>DMA_INT3_IRQHandler</name>
         <value>0x4e07</value>
      </symbol>
      <symbol id="sm-9c3">
         <name>DMA_INT2_IRQHandler</name>
         <value>0x4e07</value>
      </symbol>
      <symbol id="sm-9c4">
         <name>DMA_INT1_IRQHandler</name>
         <value>0x4e07</value>
      </symbol>
      <symbol id="sm-9c5">
         <name>DMA_INT0_IRQHandler</name>
         <value>0x4e07</value>
      </symbol>
      <symbol id="sm-9c6">
         <name>PORT1_IRQHandler</name>
         <value>0x4e07</value>
      </symbol>
      <symbol id="sm-9c7">
         <name>PORT2_IRQHandler</name>
         <value>0x4e07</value>
      </symbol>
      <symbol id="sm-9c8">
         <name>PORT3_IRQHandler</name>
         <value>0x4e07</value>
      </symbol>
      <symbol id="sm-9c9">
         <name>PORT4_IRQHandler</name>
         <value>0x4e07</value>
      </symbol>
      <symbol id="sm-9ca">
         <name>PORT5_IRQHandler</name>
         <value>0x4e07</value>
      </symbol>
      <symbol id="sm-9cb">
         <name>PORT6_IRQHandler</name>
         <value>0x4e07</value>
      </symbol>
   </symbol_table>
   <title>Link successful</title>
</link_info>
